12-13 11:15:21.853  1742  1768 D OpenGLRenderer: endAllActiveAnimators on 0xc7ff6500 (RippleDrawable) with handle 0xc9077480
12-13 11:15:21.853  1742  1768 D OpenGLRenderer: endAllActiveAnimators on 0xc7fc4980 (ListView) with handle 0xc9077690
12-13 11:15:23.000   560   700 E TaskPersister: File error accessing recents directory (directory doesn't exist?).
12-13 11:15:24.397  1720  1720 D MonkeyStub: translateCommand: tap 1023 136
12-13 11:15:24.585   603   624 D gralloc_vbox86: gralloc_alloc: format 1 and usage 0x900 imply creation of host color buffer
12-13 11:15:24.601   603   624 D gralloc_vbox86: gralloc_alloc: format 1 and usage 0x900 imply creation of host color buffer
12-13 11:15:24.620   603   624 D gralloc_vbox86: gralloc_alloc: format 1 and usage 0x900 imply creation of host color buffer
12-13 11:15:24.650  1742  1768 E EGL_emulation: tid 1768: eglSurfaceAttrib(1174): error 0x3009 (EGL_BAD_MATCH)
12-13 11:15:24.650  1742  1768 W OpenGLRenderer: Failed to set EGL_SWAP_BEHAVIOR on surface 0xc902ed60, error=EGL_BAD_MATCH
12-13 11:15:26.405  1720  1720 D MonkeyStub: translateCommand: tap 772 267
12-13 11:15:26.672   560   948 W InputMethodManagerService: Window already focused, ignoring focus gain of: com.android.internal.view.IInputMethodClient$Stub$Proxy@b1f7cab attribute=null, token = android.os.BinderProxy@5e700c8
12-13 11:15:26.824   603   606 D gralloc_vbox86: gralloc_alloc: format 1 and usage 0x900 imply creation of host color buffer
12-13 11:15:26.841   603   606 D gralloc_vbox86: gralloc_alloc: format 1 and usage 0x900 imply creation of host color buffer
12-13 11:15:26.854   603   606 D gralloc_vbox86: gralloc_alloc: format 1 and usage 0x900 imply creation of host color buffer
12-13 11:15:26.891  1742  1768 E EGL_emulation: tid 1768: eglSurfaceAttrib(1174): error 0x3009 (EGL_BAD_MATCH)
12-13 11:15:26.891  1742  1768 W OpenGLRenderer: Failed to set EGL_SWAP_BEHAVIOR on surface 0xc902ed00, error=EGL_BAD_MATCH
12-13 11:15:27.265  1742  1768 D OpenGLRenderer: endAllActiveAnimators on 0xc8993e00 (MenuPopupWindow$MenuDropDownListView) with handle 0xc9077850
12-13 11:15:28.416  1720  1720 D MonkeyStub: translateCommand: tap 503 933
12-13 11:15:28.577   560   571 I ActivityManager: START u0 {act=android.intent.action.VIEW typ=vnd.android.cursor.item/sim-contact cmp=com.android.phone/.SimContacts (has extras)} from uid 10005 on display 0
12-13 11:15:28.749   847   847 I ToolbarWidgetWrapper: Progress display unsupported
12-13 11:15:28.765   847   847 E PhoneWindow: Circular progress bar not located in current window decor
12-13 11:15:28.922   847   847 D         : HostConnection::get() New Host Connection established 0xca727cc0, tid 847
12-13 11:15:28.934   847   847 W         : Process pipe failed
12-13 11:15:29.055   603  1146 D gralloc_vbox86: gralloc_alloc: format 1 and usage 0x900 imply creation of host color buffer
12-13 11:15:29.055   847  1823 D libEGL  : Emulator has host GPU support, qemu.gles is set to 1.
12-13 11:15:29.057   847  1823 E libEGL  : load_driver(/system/lib/egl/libGLES_emulation.so): dlopen failed: library "/system/lib/egl/libGLES_emulation.so" not found
12-13 11:15:29.058   847  1823 D libEGL  : loaded /system/lib/egl/libEGL_emulation.so
12-13 11:15:29.064   847  1823 D libEGL  : loaded /system/lib/egl/libGLESv1_CM_emulation.so
12-13 11:15:29.087   847  1823 D libEGL  : loaded /system/lib/egl/libGLESv2_emulation.so
12-13 11:15:29.095   603  1146 D gralloc_vbox86: gralloc_alloc: format 1 and usage 0x900 imply creation of host color buffer
12-13 11:15:29.120   847  1823 D         : HostConnection::get() New Host Connection established 0xe7c2de00, tid 1823
12-13 11:15:29.137   603  1146 D gralloc_vbox86: gralloc_alloc: format 1 and usage 0x900 imply creation of host color buffer
12-13 11:15:29.156   847  1823 I OpenGLRenderer: Initialized EGL, version 1.4
12-13 11:15:29.156   847  1823 D OpenGLRenderer: Swap behavior 1
12-13 11:15:29.275   847  1823 E EGL_emulation: tid 1823: eglSurfaceAttrib(1174): error 0x3009 (EGL_BAD_MATCH)
12-13 11:15:29.275   847  1823 W OpenGLRenderer: Failed to set EGL_SWAP_BEHAVIOR on surface 0xc92fe8c0, error=EGL_BAD_MATCH
12-13 11:15:29.682   560   581 I ActivityManager: Displayed com.android.phone/.SimContacts: +1s3ms
12-13 11:15:29.682   847   847 W Settings: Setting airplane_mode_on has moved from android.provider.Settings.System to android.provider.Settings.Global, returning read-only value.
12-13 11:15:29.685   847   847 E PhoneWindow: Circular progress bar not located in current window decor
12-13 11:15:30.424  1720  1720 D MonkeyStub: translateCommand: tap 65 136
12-13 11:15:30.742   603   604 D gralloc_vbox86: gralloc_alloc: format 1 and usage 0x900 imply creation of host color buffer
12-13 11:15:30.780   603   604 D gralloc_vbox86: gralloc_alloc: format 1 and usage 0x900 imply creation of host color buffer
12-13 11:15:30.828   603   604 D gralloc_vbox86: gralloc_alloc: format 1 and usage 0x900 imply creation of host color buffer
12-13 11:15:30.855  1742  1768 E EGL_emulation: tid 1768: eglSurfaceAttrib(1174): error 0x3009 (EGL_BAD_MATCH)
12-13 11:15:30.855  1742  1768 W OpenGLRenderer: Failed to set EGL_SWAP_BEHAVIOR on surface 0xc902eb60, error=EGL_BAD_MATCH
12-13 11:15:30.983   847  1823 D OpenGLRenderer: endAllActiveAnimators on 0xc8596a00 (RippleDrawable) with handle 0xdcd83ef0
12-13 11:15:32.097   560   700 E TaskPersister: File error accessing recents directory (directory doesn't exist?).
12-13 11:15:32.437  1720  1720 D MonkeyStub: translateCommand: tap 1023 136
12-13 11:15:32.583   603   604 D gralloc_vbox86: gralloc_alloc: format 1 and usage 0x900 imply creation of host color buffer
12-13 11:15:32.597   603   604 D gralloc_vbox86: gralloc_alloc: format 1 and usage 0x900 imply creation of host color buffer
12-13 11:15:32.611   603   604 D gralloc_vbox86: gralloc_alloc: format 1 and usage 0x900 imply creation of host color buffer
12-13 11:15:32.644  1742  1768 E EGL_emulation: tid 1768: eglSurfaceAttrib(1174): error 0x3009 (EGL_BAD_MATCH)
12-13 11:15:32.644  1742  1768 W OpenGLRenderer: Failed to set EGL_SWAP_BEHAVIOR on surface 0xc928c500, error=EGL_BAD_MATCH
12-13 11:15:34.441  1720  1720 D MonkeyStub: translateCommand: tap 783 392
12-13 11:15:34.609   560   944 I ActivityManager: START u0 {act=android.telecom.action.MANAGE_BLOCKED_NUMBERS pkg=com.android.server.telecom cmp=com.android.server.telecom/.settings.BlockedNumbersActivity} from uid 10005 on display 0
12-13 11:15:34.713   603  1158 D gralloc_vbox86: gralloc_alloc: format 1 and usage 0x933 imply creation of host color buffer
12-13 11:15:34.722  1827  1827 W art     : Unexpected CPU variant for X86 using defaults: x86
12-13 11:15:34.722   560   944 I ActivityManager: Start proc 1827:com.android.server.telecom:ui/1000 for activity com.android.server.telecom/.settings.BlockedNumbersActivity
12-13 11:15:34.787  1827  1827 W System  : ClassLoader referenced unknown path: /system/priv-app/Telecom/lib/x86
12-13 11:15:35.003  1827  1827 D         : HostConnection::get() New Host Connection established 0xdb774d00, tid 1827
12-13 11:15:35.037  1827  1827 W         : Process pipe failed
12-13 11:15:35.243  1742  1768 D OpenGLRenderer: endAllActiveAnimators on 0xc8feb680 (MenuPopupWindow$MenuDropDownListView) with handle 0xc9077340
12-13 11:15:35.312   603  1158 D gralloc_vbox86: gralloc_alloc: format 1 and usage 0x900 imply creation of host color buffer
12-13 11:15:35.312  1827  1843 D libEGL  : Emulator has host GPU support, qemu.gles is set to 1.
12-13 11:15:35.313  1827  1843 E libEGL  : load_driver(/system/lib/egl/libGLES_emulation.so): dlopen failed: library "/system/lib/egl/libGLES_emulation.so" not found
12-13 11:15:35.315  1827  1843 D libEGL  : loaded /system/lib/egl/libEGL_emulation.so
12-13 11:15:35.317  1827  1843 D libEGL  : loaded /system/lib/egl/libGLESv1_CM_emulation.so
12-13 11:15:35.331  1827  1843 D libEGL  : loaded /system/lib/egl/libGLESv2_emulation.so
12-13 11:15:35.338   603  1158 D gralloc_vbox86: gralloc_alloc: format 1 and usage 0x900 imply creation of host color buffer
12-13 11:15:35.341  1827  1843 D         : HostConnection::get() New Host Connection established 0xd6416540, tid 1843
12-13 11:15:35.385   603  1158 D gralloc_vbox86: gralloc_alloc: format 1 and usage 0x900 imply creation of host color buffer
12-13 11:15:35.412  1827  1843 I OpenGLRenderer: Initialized EGL, version 1.4
12-13 11:15:35.412  1827  1843 D OpenGLRenderer: Swap behavior 1
12-13 11:15:35.502  1827  1843 E EGL_emulation: tid 1843: eglSurfaceAttrib(1174): error 0x3009 (EGL_BAD_MATCH)
12-13 11:15:35.502  1827  1843 W OpenGLRenderer: Failed to set EGL_SWAP_BEHAVIOR on surface 0xdcdbfba0, error=EGL_BAD_MATCH
12-13 11:15:35.783   560   581 I ActivityManager: Displayed com.android.server.telecom/.settings.BlockedNumbersActivity: +1s72ms
12-13 11:15:36.457  1720  1720 D MonkeyStub: translateCommand: tap 148 493
12-13 11:15:36.634   603   606 D gralloc_vbox86: gralloc_alloc: format 1 and usage 0x900 imply creation of host color buffer
12-13 11:15:36.652   603   606 D gralloc_vbox86: gralloc_alloc: format 1 and usage 0x900 imply creation of host color buffer
12-13 11:15:36.684   603   606 D gralloc_vbox86: gralloc_alloc: format 1 and usage 0x900 imply creation of host color buffer
12-13 11:15:36.756  1827  1843 E EGL_emulation: tid 1843: eglSurfaceAttrib(1174): error 0x3009 (EGL_BAD_MATCH)
12-13 11:15:36.756  1827  1843 W OpenGLRenderer: Failed to set EGL_SWAP_BEHAVIOR on surface 0xdcdcfac0, error=EGL_BAD_MATCH
12-13 11:15:36.831   701   701 I LatinIME: Starting input. Cursor position = 0,0
12-13 11:15:36.858   603  1158 D gralloc_vbox86: gralloc_alloc: format 1 and usage 0x900 imply creation of host color buffer
12-13 11:15:36.874   603  1158 D gralloc_vbox86: gralloc_alloc: format 1 and usage 0x900 imply creation of host color buffer
12-13 11:15:36.902   603  1158 D gralloc_vbox86: gralloc_alloc: format 1 and usage 0x900 imply creation of host color buffer
12-13 11:15:36.933   701  1777 E EGL_emulation: tid 1777: eglSurfaceAttrib(1174): error 0x3009 (EGL_BAD_MATCH)
12-13 11:15:36.933   701  1777 W OpenGLRenderer: Failed to set EGL_SWAP_BEHAVIOR on surface 0xe7c0afe0, error=EGL_BAD_MATCH
12-13 11:15:37.622   560   700 E TaskPersister: File error accessing recents directory (directory doesn't exist?).
12-13 11:15:38.463  1720  1720 D MonkeyStub: translateCommand: type 2104109970
12-13 11:15:38.931   560   672 W WifiMode: WiredSSID, Invalid SupportedRates!!!
12-13 11:15:38.933   560   670 W WifiMode: WiredSSID, Invalid SupportedRates!!!
12-13 11:15:38.934   560   670 W WifiMode: WiredSSID, Invalid SupportedRates!!!
12-13 11:15:41.478  1720  1720 D MonkeyStub: translateCommand: tap 896 1109
12-13 11:15:41.904   603   624 D gralloc_vbox86: gralloc_alloc: format 1 and usage 0x900 imply creation of host color buffer
12-13 11:15:41.910   603   624 D gralloc_vbox86: gralloc_alloc: format 1 and usage 0x900 imply creation of host color buffer
12-13 11:15:41.916   603   624 D gralloc_vbox86: gralloc_alloc: format 1 and usage 0x900 imply creation of host color buffer
12-13 11:15:41.931  1827  1843 E EGL_emulation: tid 1843: eglSurfaceAttrib(1174): error 0x3009 (EGL_BAD_MATCH)
12-13 11:15:41.931  1827  1843 W OpenGLRenderer: Failed to set EGL_SWAP_BEHAVIOR on surface 0xdcdcfac0, error=EGL_BAD_MATCH
12-13 11:15:41.932  1827  1827 W IInputConnectionWrapper: finishComposingText on inactive InputConnection
12-13 11:15:41.932  1827  1827 W IInputConnectionWrapper: finishComposingText on inactive InputConnection
12-13 11:15:43.486  1720  1720 D MonkeyStub: translateCommand: press KEYCODE_BACK
12-13 11:15:43.634   603  1158 D gralloc_vbox86: gralloc_alloc: format 1 and usage 0x900 imply creation of host color buffer
12-13 11:15:43.640   560   560 W WindowManager: Attempted to remove non-existing token: android.os.Binder@861d3e0
12-13 11:15:43.654   603  1158 D gralloc_vbox86: gralloc_alloc: format 1 and usage 0x900 imply creation of host color buffer
12-13 11:15:43.683   603  1158 D gralloc_vbox86: gralloc_alloc: format 1 and usage 0x900 imply creation of host color buffer
12-13 11:15:43.712  1742  1768 E EGL_emulation: tid 1768: eglSurfaceAttrib(1174): error 0x3009 (EGL_BAD_MATCH)
12-13 11:15:43.712  1742  1768 W OpenGLRenderer: Failed to set EGL_SWAP_BEHAVIOR on surface 0xc928c540, error=EGL_BAD_MATCH
12-13 11:15:43.914   560   882 W InputMethodManagerService: Starting input on non-focused client com.android.internal.view.IInputMethodClient$Stub$Proxy@13ca3c2 (uid=1000 pid=1827)
12-13 11:15:44.240   560   574 I ActivityManager: Killing 1534:com.android.dialer/u0a8 (adj 906): empty #17
12-13 11:15:44.261   560   882 D ActivityManager: cleanUpApplicationRecord -- 1534
12-13 11:15:45.494  1720  1720 D MonkeyStub: translateCommand: tap 1023 136
12-13 11:15:45.534   269   287 D AudioFlinger: mixer(0xece838c0) throttle end: throttle time(1)
12-13 11:15:45.636   603   624 D gralloc_vbox86: gralloc_alloc: format 1 and usage 0x900 imply creation of host color buffer
12-13 11:15:45.653   603   624 D gralloc_vbox86: gralloc_alloc: format 1 and usage 0x900 imply creation of host color buffer
12-13 11:15:45.666   603   624 D gralloc_vbox86: gralloc_alloc: format 1 and usage 0x900 imply creation of host color buffer
12-13 11:15:45.698  1742  1768 E EGL_emulation: tid 1768: eglSurfaceAttrib(1174): error 0x3009 (EGL_BAD_MATCH)
12-13 11:15:45.698  1742  1768 W OpenGLRenderer: Failed to set EGL_SWAP_BEHAVIOR on surface 0xc902ec20, error=EGL_BAD_MATCH
12-13 11:15:47.339   560   700 E TaskPersister: File error accessing recents directory (directory doesn't exist?).
12-13 11:15:47.501  1720  1720 D MonkeyStub: translateCommand: tap 783 392
12-13 11:15:47.652   560  1294 I ActivityManager: START u0 {act=android.telecom.action.MANAGE_BLOCKED_NUMBERS pkg=com.android.server.telecom cmp=com.android.server.telecom/.settings.BlockedNumbersActivity} from uid 10005 on display 0
12-13 11:15:47.870   603   606 D gralloc_vbox86: gralloc_alloc: format 1 and usage 0x900 imply creation of host color buffer
12-13 11:15:47.903   603   606 D gralloc_vbox86: gralloc_alloc: format 1 and usage 0x900 imply creation of host color buffer
12-13 11:15:47.927   603   606 D gralloc_vbox86: gralloc_alloc: format 1 and usage 0x900 imply creation of host color buffer
12-13 11:15:47.952  1827  1843 E EGL_emulation: tid 1843: eglSurfaceAttrib(1174): error 0x3009 (EGL_BAD_MATCH)
12-13 11:15:47.952  1827  1843 W OpenGLRenderer: Failed to set EGL_SWAP_BEHAVIOR on surface 0xdcdbfe20, error=EGL_BAD_MATCH
12-13 11:15:48.119  1742  1768 D OpenGLRenderer: endAllActiveAnimators on 0xc7dc8880 (MenuPopupWindow$MenuDropDownListView) with handle 0xc9077240
12-13 11:15:48.185   560   581 I ActivityManager: Displayed com.android.server.telecom/.settings.BlockedNumbersActivity: +499ms
12-13 11:15:49.516  1720  1720 D MonkeyStub: translateCommand: tap 973 635
12-13 11:15:49.712   603   606 D gralloc_vbox86: gralloc_alloc: format 1 and usage 0x900 imply creation of host color buffer
12-13 11:15:49.730   603   606 D gralloc_vbox86: gralloc_alloc: format 1 and usage 0x900 imply creation of host color buffer
12-13 11:15:49.760   603   606 D gralloc_vbox86: gralloc_alloc: format 1 and usage 0x900 imply creation of host color buffer
12-13 11:15:49.805  1827  1843 E EGL_emulation: tid 1843: eglSurfaceAttrib(1174): error 0x3009 (EGL_BAD_MATCH)
12-13 11:15:49.805  1827  1843 W OpenGLRenderer: Failed to set EGL_SWAP_BEHAVIOR on surface 0xdcddcb60, error=EGL_BAD_MATCH
12-13 11:15:50.661   560   700 E TaskPersister: File error accessing recents directory (directory doesn't exist?).
12-13 11:15:51.522  1720  1720 D MonkeyStub: translateCommand: tap 862 990
12-13 11:15:51.806   560   937 W InputMethodManagerService: Window already focused, ignoring focus gain of: com.android.internal.view.IInputMethodClient$Stub$Proxy@709958 attribute=null, token = android.os.BinderProxy@f700f41
12-13 11:15:51.847   603   624 D gralloc_vbox86: gralloc_alloc: format 1 and usage 0x900 imply creation of host color buffer
12-13 11:15:51.853   603   624 D gralloc_vbox86: gralloc_alloc: format 1 and usage 0x900 imply creation of host color buffer
12-13 11:15:51.858   603   624 D gralloc_vbox86: gralloc_alloc: format 1 and usage 0x900 imply creation of host color buffer
12-13 11:15:51.872  1827  1843 E EGL_emulation: tid 1843: eglSurfaceAttrib(1174): error 0x3009 (EGL_BAD_MATCH)
12-13 11:15:51.872  1827  1843 W OpenGLRenderer: Failed to set EGL_SWAP_BEHAVIOR on surface 0xdcddc960, error=EGL_BAD_MATCH
12-13 11:15:53.534  1720  1720 D MonkeyStub: translateCommand: press KEYCODE_BACK
12-13 11:15:53.655   603   604 D gralloc_vbox86: gralloc_alloc: format 1 and usage 0x900 imply creation of host color buffer
12-13 11:15:53.683   560   560 W WindowManager: Attempted to remove non-existing token: android.os.Binder@8d3c26c
12-13 11:15:53.712   603   604 D gralloc_vbox86: gralloc_alloc: format 1 and usage 0x900 imply creation of host color buffer
12-13 11:15:53.755   603   604 D gralloc_vbox86: gralloc_alloc: format 1 and usage 0x900 imply creation of host color buffer
12-13 11:15:53.820  1742  1768 E EGL_emulation: tid 1768: eglSurfaceAttrib(1174): error 0x3009 (EGL_BAD_MATCH)
12-13 11:15:53.820  1742  1768 W OpenGLRenderer: Failed to set EGL_SWAP_BEHAVIOR on surface 0xc902ed20, error=EGL_BAD_MATCH
12-13 11:15:54.246  1827  1827 I art     : Starting a blocking GC Explicit
12-13 11:15:54.267  1827  1827 I art     : Explicit concurrent mark sweep GC freed 16432(1103KB) AllocSpace objects, 0(0B) LOS objects, 24% free, 4MB/6MB, paused 2.819ms total 19.293ms
12-13 11:15:54.283  1827  1827 I art     : Starting a blocking GC Explicit
12-13 11:15:54.300  1827  1827 I art     : Explicit concurrent mark sweep GC freed 5974(330KB) AllocSpace objects, 2(80KB) LOS objects, 24% free, 4MB/5MB, paused 349us total 16.188ms
12-13 11:15:55.539  1720  1720 D MonkeyStub: translateCommand: tap 1023 136
12-13 11:15:55.667   603   604 D gralloc_vbox86: gralloc_alloc: format 1 and usage 0x900 imply creation of host color buffer
12-13 11:15:55.684   603   604 D gralloc_vbox86: gralloc_alloc: format 1 and usage 0x900 imply creation of host color buffer
12-13 11:15:55.699   603   604 D gralloc_vbox86: gralloc_alloc: format 1 and usage 0x900 imply creation of host color buffer
12-13 11:15:55.733  1742  1768 E EGL_emulation: tid 1768: eglSurfaceAttrib(1174): error 0x3009 (EGL_BAD_MATCH)
12-13 11:15:55.734  1742  1768 W OpenGLRenderer: Failed to set EGL_SWAP_BEHAVIOR on surface 0xc902ece0, error=EGL_BAD_MATCH
12-13 11:15:57.321   560   700 E TaskPersister: File error accessing recents directory (directory doesn't exist?).
12-13 11:15:57.550  1720  1720 D MonkeyStub: translateCommand: tap 795 516
12-13 11:15:57.690   560   937 I ActivityManager: START u0 {act=android.settings.SYNC_SETTINGS flg=0x80000 cmp=com.android.settings/.Settings$AccountSettingsActivity (has extras)} from uid 10005 on display 0
12-13 11:15:57.815   603   604 D gralloc_vbox86: gralloc_alloc: format 1 and usage 0x933 imply creation of host color buffer
12-13 11:15:57.861   603  1158 D gralloc_vbox86: gralloc_alloc: format 1 and usage 0x333 imply creation of host color buffer
12-13 11:15:57.873   560   948 D         : HostConnection::get() New Host Connection established 0xc622ca40, tid 948
12-13 11:15:57.947   603   603 E EGL_emulation: tid 603: eglCreateSyncKHR(1669): error 0x3004 (EGL_BAD_ATTRIBUTE)
12-13 11:15:58.318  1742  1742 I Choreographer: Skipped 31 frames!  The application may be doing too much work on its main thread.
12-13 11:15:58.457   847  1494 I OmtpVvmCarrierCfgHlpr: OmtpEvent:CONFIG_STATUS_SMS_TIME_OUT
12-13 11:15:58.458   847   847 I RetryPolicy: discarding deferred status: configuration_state=4
12-13 11:15:58.460   847   847 D VvmTaskScheduler: No more tasks, stopping service if no task are added in 5000 millis
12-13 11:15:58.462   847   847 D VvmTaskScheduler: create task:com.android.phone.vvm.omtp.ActivationTask
12-13 11:15:58.462   847   847 D RetryPolicy: retry #3 for com.android.phone.vvm.omtp.ActivationTask@4b8294b queued, executing in 5000
12-13 11:15:58.470   847   847 D VvmTaskScheduler: minimal wait time:4993
12-13 11:15:58.473   847   847 D VvmTaskScheduler: minimal wait time:4989
12-13 11:15:58.760   913  1861 I IndexDatabaseHelper: Bootstrapped database
12-13 11:15:58.773   913  1861 I IndexDatabaseHelper: Using schema version: 115
12-13 11:15:58.774   913  1861 I IndexDatabaseHelper: Index is fine
12-13 11:15:58.784   913  1861 D Index   : Indexing locale 'en_US' took 10 millis
12-13 11:15:58.795   913  1861 D Index   : Indexing locale 'en_US' took 4 millis
12-13 11:15:58.818   913  1861 V NFC     : this device does not have NFC support
12-13 11:15:58.888   603   624 D gralloc_vbox86: gralloc_alloc: format 1 and usage 0x900 imply creation of host color buffer
12-13 11:15:58.908   603   624 D gralloc_vbox86: gralloc_alloc: format 1 and usage 0x900 imply creation of host color buffer
12-13 11:15:58.934   603   624 D gralloc_vbox86: gralloc_alloc: format 1 and usage 0x900 imply creation of host color buffer
12-13 11:15:58.968   913   977 E EGL_emulation: tid 977: eglSurfaceAttrib(1174): error 0x3009 (EGL_BAD_MATCH)
12-13 11:15:58.968   913   977 W OpenGLRenderer: Failed to set EGL_SWAP_BEHAVIOR on surface 0xe7c0af60, error=EGL_BAD_MATCH
12-13 11:15:58.993   913  1861 D Index   : Deleting data for locale 'en_US' took 2 millis
12-13 11:15:59.002   913  1861 D Index   : Indexing locale 'en_US' took 9 millis
12-13 11:15:59.312   560   581 I ActivityManager: Displayed com.android.settings/.Settings$AccountSettingsActivity: +1s498ms
12-13 11:15:59.561  1720  1720 D MonkeyStub: translateCommand: press KEYCODE_BACK
12-13 11:15:59.648   603   604 D gralloc_vbox86: gralloc_alloc: format 1 and usage 0x333 imply creation of host color buffer
12-13 11:15:59.657   560   944 D         : HostConnection::get() New Host Connection established 0xc5a17180, tid 944
12-13 11:15:59.681   603   603 E EGL_emulation: tid 603: eglCreateSyncKHR(1669): error 0x3004 (EGL_BAD_ATTRIBUTE)
12-13 11:15:59.847   560   581 W art     : Long monitor contention with owner Binder:560_6 (944) at android.graphics.Bitmap com.android.server.wm.WindowManagerService.screenshotApplicationsInner(android.os.IBinder, int, int, int, boolean, float, android.graphics.Bitmap$Config, boolean)(WindowManagerService.java:6462) waiters=0 in void com.android.server.wm.WindowAnimator$1.doFrame(long) for 235ms
12-13 11:15:59.928   603   624 D gralloc_vbox86: gralloc_alloc: format 1 and usage 0x900 imply creation of host color buffer
12-13 11:15:59.955   603   624 D gralloc_vbox86: gralloc_alloc: format 1 and usage 0x900 imply creation of host color buffer
12-13 11:15:59.969   603   624 D gralloc_vbox86: gralloc_alloc: format 1 and usage 0x900 imply creation of host color buffer
12-13 11:15:59.995  1742  1768 E EGL_emulation: tid 1768: eglSurfaceAttrib(1174): error 0x3009 (EGL_BAD_MATCH)
12-13 11:15:59.996  1742  1768 W OpenGLRenderer: Failed to set EGL_SWAP_BEHAVIOR on surface 0xc902efc0, error=EGL_BAD_MATCH
12-13 11:16:01.567  1720  1720 D MonkeyStub: translateCommand: tap 1023 136
12-13 11:16:01.738   603  1146 D gralloc_vbox86: gralloc_alloc: format 1 and usage 0x900 imply creation of host color buffer
12-13 11:16:01.757   603  1146 D gralloc_vbox86: gralloc_alloc: format 1 and usage 0x900 imply creation of host color buffer
12-13 11:16:01.772   603  1146 D gralloc_vbox86: gralloc_alloc: format 1 and usage 0x900 imply creation of host color buffer
12-13 11:16:01.832  1742  1768 E EGL_emulation: tid 1768: eglSurfaceAttrib(1174): error 0x3009 (EGL_BAD_MATCH)
12-13 11:16:01.832  1742  1768 W OpenGLRenderer: Failed to set EGL_SWAP_BEHAVIOR on surface 0xc902e740, error=EGL_BAD_MATCH
12-13 11:16:03.471   847  1494 V VvmTaskScheduler: executing task com.android.phone.vvm.omtp.ActivationTask@4b8294b
12-13 11:16:03.507   847  1494 I VvmActivationTask: VVM content provider configured - vvm_type_cvvm
12-13 11:16:03.508   847  1494 I OmtpVvmCarrierCfgHlpr: OmtpEvent:CONFIG_ACTIVATING
12-13 11:16:03.564   847  1494 V OmtpMessageSender: Sending BINARY sms 'Activate:dt=15' to 122:1808
12-13 11:16:03.573  1720  1720 D MonkeyStub: translateCommand: tap 762 645
12-13 11:16:03.635   268   307 D baseband-sms: newsms
12-13 11:16:03.635   268   307 D baseband-sms: sender:(N/A)
12-13 11:16:03.635   268   307 D baseband-sms: receiver:122
12-13 11:16:03.717   560  1294 I ActivityManager: START u0 {cmp=com.android.contacts/.common.preference.ContactsPreferenceActivity} from uid 10005 on display 0
12-13 11:16:04.282  1742  1768 D OpenGLRenderer: endAllActiveAnimators on 0xc7f5d400 (MenuPopupWindow$MenuDropDownListView) with handle 0xc9077340
12-13 11:16:04.441   603   604 D gralloc_vbox86: gralloc_alloc: format 1 and usage 0x900 imply creation of host color buffer
12-13 11:16:04.458   603   604 D gralloc_vbox86: gralloc_alloc: format 1 and usage 0x900 imply creation of host color buffer
12-13 11:16:04.483   603   604 D gralloc_vbox86: gralloc_alloc: format 1 and usage 0x900 imply creation of host color buffer
12-13 11:16:04.510  1742  1768 E EGL_emulation: tid 1768: eglSurfaceAttrib(1174): error 0x3009 (EGL_BAD_MATCH)
12-13 11:16:04.510  1742  1768 W OpenGLRenderer: Failed to set EGL_SWAP_BEHAVIOR on surface 0xc902e460, error=EGL_BAD_MATCH
12-13 11:16:04.752   560   581 I ActivityManager: Displayed com.android.contacts/.common.preference.ContactsPreferenceActivity: +967ms
12-13 11:16:05.582  1720  1720 D MonkeyStub: translateCommand: tap 500 337
12-13 11:16:05.972   603   624 D gralloc_vbox86: gralloc_alloc: format 1 and usage 0x900 imply creation of host color buffer
12-13 11:16:06.003   603   624 D gralloc_vbox86: gralloc_alloc: format 1 and usage 0x900 imply creation of host color buffer
12-13 11:16:06.024   603   624 D gralloc_vbox86: gralloc_alloc: format 1 and usage 0x900 imply creation of host color buffer
12-13 11:16:06.068  1742  1768 E EGL_emulation: tid 1768: eglSurfaceAttrib(1174): error 0x3009 (EGL_BAD_MATCH)
12-13 11:16:06.068  1742  1768 W OpenGLRenderer: Failed to set EGL_SWAP_BEHAVIOR on surface 0xc902e940, error=EGL_BAD_MATCH
12-13 11:16:07.588  1720  1720 D MonkeyStub: translateCommand: tap 465 1050
12-13 11:16:07.807   560   948 W InputMethodManagerService: Window already focused, ignoring focus gain of: com.android.internal.view.IInputMethodClient$Stub$Proxy@d583f8c attribute=null, token = android.os.BinderProxy@1d777e1
12-13 11:16:08.031   603   603 W SurfaceFlinger: couldn't log to binary event log: overflow.
12-13 11:16:08.872   560   573 W ResourceType: No known package when getting value for resource number 0x7f0200fc
12-13 11:16:08.872   560   573 W ResourceType: No known package when getting value for resource number 0x7f0e03a3
12-13 11:16:08.872   560   573 W ResourceType: No known package when getting value for resource number 0x7f0200fb
12-13 11:16:08.872   560   573 W ResourceType: No known package when getting value for resource number 0x7f0e0926
12-13 11:16:08.873   560   573 W ResourceType: No known package when getting value for resource number 0x7f0200fa
12-13 11:16:08.873   560   573 W ResourceType: No known package when getting value for resource number 0x7f0e07e0
12-13 11:16:08.886   560   647 I InputReader: Reconfiguring input devices.  changes=0x00000010
12-13 11:16:08.906  1742  1759 I AccountTypeManager: Loaded meta-data for 0 account types, 0 accounts in 14ms(wall) 8ms(cpu)
12-13 11:16:08.979   847   847 D CarrierSvcBindHelper: No carrier app for: 0
12-13 11:16:09.596  1720  1720 D MonkeyStub: translateCommand: tap 500 337
12-13 11:16:09.904   603   604 D gralloc_vbox86: gralloc_alloc: format 1 and usage 0x900 imply creation of host color buffer
12-13 11:16:09.916   603   604 D gralloc_vbox86: gralloc_alloc: format 1 and usage 0x900 imply creation of host color buffer
12-13 11:16:09.934   603   604 D gralloc_vbox86: gralloc_alloc: format 1 and usage 0x900 imply creation of host color buffer
12-13 11:16:09.967  1742  1768 E EGL_emulation: tid 1768: eglSurfaceAttrib(1174): error 0x3009 (EGL_BAD_MATCH)
12-13 11:16:09.968  1742  1768 W OpenGLRenderer: Failed to set EGL_SWAP_BEHAVIOR on surface 0xc902ee60, error=EGL_BAD_MATCH
12-13 11:16:11.228   268   307 D baseband-sms: index:1/1
12-13 11:16:11.228   268   307 D baseband-sms: txt:'FQKf.Σ:etΔ#W'
12-13 11:16:11.234   847   847 D VvmStatusSmsFetcher: Request SMS successfully sent
12-13 11:16:11.601  1720  1720 D MonkeyStub: translateCommand: tap 500 923
12-13 11:16:11.761   560   944 W InputMethodManagerService: Window already focused, ignoring focus gain of: com.android.internal.view.IInputMethodClient$Stub$Proxy@e012f45 attribute=null, token = android.os.BinderProxy@1d777e1
12-13 11:16:11.946   603   603 W SurfaceFlinger: couldn't log to binary event log: overflow.
12-13 11:16:13.612  1720  1720 D MonkeyStub: translateCommand: tap 482 505
12-13 11:16:13.887   603   624 D gralloc_vbox86: gralloc_alloc: format 1 and usage 0x900 imply creation of host color buffer
12-13 11:16:13.905   603   624 D gralloc_vbox86: gralloc_alloc: format 1 and usage 0x900 imply creation of host color buffer
12-13 11:16:13.922   603   624 D gralloc_vbox86: gralloc_alloc: format 1 and usage 0x900 imply creation of host color buffer
12-13 11:16:13.978  1742  1768 E EGL_emulation: tid 1768: eglSurfaceAttrib(1174): error 0x3009 (EGL_BAD_MATCH)
12-13 11:16:13.979  1742  1768 W OpenGLRenderer: Failed to set EGL_SWAP_BEHAVIOR on surface 0xc928c1c0, error=EGL_BAD_MATCH
12-13 11:16:15.617  1720  1720 D MonkeyStub: translateCommand: tap 584 1065
12-13 11:16:15.873   560   571 W InputMethodManagerService: Window already focused, ignoring focus gain of: com.android.internal.view.IInputMethodClient$Stub$Proxy@1423fa8 attribute=null, token = android.os.BinderProxy@1d777e1
12-13 11:16:16.076   603   603 W SurfaceFlinger: couldn't log to binary event log: overflow.
12-13 11:16:17.622  1720  1720 D MonkeyStub: translateCommand: tap 482 505
12-13 11:16:17.962   603   624 D gralloc_vbox86: gralloc_alloc: format 1 and usage 0x900 imply creation of host color buffer
12-13 11:16:17.977   603   624 D gralloc_vbox86: gralloc_alloc: format 1 and usage 0x900 imply creation of host color buffer
12-13 11:16:18.003   603   624 D gralloc_vbox86: gralloc_alloc: format 1 and usage 0x900 imply creation of host color buffer
12-13 11:16:18.041  1742  1768 E EGL_emulation: tid 1768: eglSurfaceAttrib(1174): error 0x3009 (EGL_BAD_MATCH)
12-13 11:16:18.041  1742  1768 W OpenGLRenderer: Failed to set EGL_SWAP_BEHAVIOR on surface 0xdcd84060, error=EGL_BAD_MATCH
12-13 11:16:19.632  1720  1720 D MonkeyStub: translateCommand: tap 562 933
12-13 11:16:19.859   560   882 W InputMethodManagerService: Window already focused, ignoring focus gain of: com.android.internal.view.IInputMethodClient$Stub$Proxy@6a289a7 attribute=null, token = android.os.BinderProxy@1d777e1
12-13 11:16:20.070   603   603 W SurfaceFlinger: couldn't log to binary event log: overflow.
12-13 11:16:21.636  1720  1720 D MonkeyStub: translateCommand: tap 493 668
12-13 11:16:23.644  1720  1720 D MonkeyStub: translateCommand: tap 470 514
12-13 11:16:23.751   560   937 I ActivityManager: START u0 {cmp=com.android.contacts/.common.activity.LicenseActivity} from uid 10005 on display 0
12-13 11:16:23.862   269   287 D AudioFlinger: mixer(0xece838c0) throttle end: throttle time(11)
12-13 11:16:23.880  1742  1742 W System  : ClassLoader referenced unknown path: /system/app/webview/lib/x86
12-13 11:16:23.880  1742  1742 D ApplicationLoaders: ignored Vulkan layer search path /system/app/webview/lib/x86:/system/app/webview/webview.apk!/lib/x86:/system/lib:/vendor/lib for namespace 0xe7f38090
12-13 11:16:23.882  1742  1742 I WebViewFactory: Loading com.android.webview version 52.0.2743.100 (code 275610010)
12-13 11:16:23.913  1742  1742 I cr_LibraryLoader: Time to load native libraries: 2 ms (timestamps 5901-5903)
12-13 11:16:23.914  1742  1742 I cr_LibraryLoader: Expected native library version number "52.0.2743.100", actual native library version number "52.0.2743.100"
12-13 11:16:23.926  1742  1742 V WebViewChromiumFactoryProvider: Binding Chromium to main looper Looper (main, tid 1) {c8e7113}
12-13 11:16:23.926  1742  1742 I cr_LibraryLoader: Expected native library version number "52.0.2743.100", actual native library version number "52.0.2743.100"
12-13 11:16:23.926  1742  1742 I chromium: [INFO:library_loader_hooks.cc(143)] Chromium logging enabled: level = 0, default verbosity = 0
12-13 11:16:23.948  1742  1742 I cr_BrowserStartup: Initializing chromium process, singleProcess=true
12-13 11:16:24.068  1742  1880 W cr_media: Requires BLUETOOTH permission
12-13 11:16:24.070  1742  1742 I cr_DRP  : No DRP key due to exception:java.lang.ClassNotFoundException: com.android.webview.chromium.Drp
12-13 11:16:24.120  1742  1742 W cr_AwContents: onDetachedFromWindow called when already detached. Ignoring
12-13 11:16:24.124  1742  1742 I cr_Ime  : ImeThread is not enabled.
12-13 11:16:24.200  1742  1891 E libEGL  : validate_display:99 error 3008 (EGL_BAD_DISPLAY)
12-13 11:16:24.231  1742  1891 W AudioCapabilities: Unsupported mime audio/x-pcm
12-13 11:16:24.265  1742  1891 I VideoCapabilities: Unsupported profile 4 for video/mp4v-es
12-13 11:16:24.275  1742  1891 D         : HostConnection::get() New Host Connection established 0xca6e2f80, tid 1891
12-13 11:16:24.512   603   604 D gralloc_vbox86: gralloc_alloc: format 1 and usage 0x900 imply creation of host color buffer
12-13 11:16:24.532   603   604 D gralloc_vbox86: gralloc_alloc: format 1 and usage 0x900 imply creation of host color buffer
12-13 11:16:24.565   603   604 D gralloc_vbox86: gralloc_alloc: format 1 and usage 0x900 imply creation of host color buffer
12-13 11:16:24.597  1742  1768 E EGL_emulation: tid 1768: eglSurfaceAttrib(1174): error 0x3009 (EGL_BAD_MATCH)
12-13 11:16:24.597  1742  1768 W OpenGLRenderer: Failed to set EGL_SWAP_BEHAVIOR on surface 0xc902ee20, error=EGL_BAD_MATCH
12-13 11:16:24.822   560   581 I ActivityManager: Displayed com.android.contacts/.common.activity.LicenseActivity: +959ms
12-13 11:16:25.083  1742  1768 E emuglGLESv2_enc: device/generic/goldfish-opengl/system/GLESv2_enc/GL2Encoder.cpp:s_glVertexAttribPointer:297 GL error 0x501
12-13 11:16:25.135  1742  1742 W cr_BindingManager: Cannot call determinedVisibility() - never saw a connection for the pid: 1742
12-13 11:16:25.198   603   603 W SurfaceFlinger: couldn't log to binary event log: overflow.
12-13 11:16:26.652  1720  1720 D MonkeyStub: translateCommand: press KEYCODE_BACK
12-13 11:16:27.265   603   604 D gralloc_vbox86: gralloc_alloc: format 1 and usage 0x900 imply creation of host color buffer
12-13 11:16:27.299   603   604 D gralloc_vbox86: gralloc_alloc: format 1 and usage 0x900 imply creation of host color buffer
12-13 11:16:27.341   603   604 D gralloc_vbox86: gralloc_alloc: format 1 and usage 0x900 imply creation of host color buffer
12-13 11:16:27.381  1742  1768 E EGL_emulation: tid 1768: eglSurfaceAttrib(1174): error 0x3009 (EGL_BAD_MATCH)
12-13 11:16:27.381  1742  1768 W OpenGLRenderer: Failed to set EGL_SWAP_BEHAVIOR on surface 0xc2de5ca0, error=EGL_BAD_MATCH
12-13 11:16:28.118  1742  1742 W cr_AwContents: WebView.destroy() called while WebView is still attached to window.
12-13 11:16:28.660  1720  1720 D MonkeyStub: translateCommand: tap 547 676
12-13 11:16:28.872   560   948 I ActivityManager: START u0 {act=android.intent.action.VIEW dat=http://www.google.com/... cmp=org.chromium.webview_shell/.WebViewBrowserActivity} from uid 10005 on display 0
12-13 11:16:28.991   603  1158 D gralloc_vbox86: gralloc_alloc: format 1 and usage 0x933 imply creation of host color buffer
12-13 11:16:29.016   560   571 I ActivityManager: Start proc 1901:org.chromium.webview_shell/u0a30 for activity org.chromium.webview_shell/.WebViewBrowserActivity
12-13 11:16:29.017  1901  1901 W art     : Unexpected CPU variant for X86 using defaults: x86
12-13 11:16:29.050  1901  1901 W System  : ClassLoader referenced unknown path: /system/app/Browser2/lib/x86
12-13 11:16:29.087  1901  1901 W System  : ClassLoader referenced unknown path: /system/app/webview/lib/x86
12-13 11:16:29.088  1901  1901 D ApplicationLoaders: ignored Vulkan layer search path /system/app/webview/lib/x86:/system/app/webview/webview.apk!/lib/x86:/system/lib:/vendor/lib for namespace 0xe7ef2090
12-13 11:16:29.089  1901  1901 I WebViewFactory: Loading com.android.webview version 52.0.2743.100 (code 275610010)
12-13 11:16:29.123  1901  1901 I cr_LibraryLoader: Time to load native libraries: 4 ms (timestamps 1107-1111)
12-13 11:16:29.123  1901  1901 I cr_LibraryLoader: Expected native library version number "52.0.2743.100", actual native library version number "52.0.2743.100"
12-13 11:16:29.145  1901  1901 V WebViewChromiumFactoryProvider: Binding Chromium to main looper Looper (main, tid 1) {860c833}
12-13 11:16:29.145  1901  1901 I cr_LibraryLoader: Expected native library version number "52.0.2743.100", actual native library version number "52.0.2743.100"
12-13 11:16:29.146  1901  1901 I chromium: [INFO:library_loader_hooks.cc(143)] Chromium logging enabled: level = 0, default verbosity = 0
12-13 11:16:29.197  1901  1901 I cr_BrowserStartup: Initializing chromium process, singleProcess=true
12-13 11:16:29.224  1901  1901 D libEGL  : Emulator has host GPU support, qemu.gles is set to 1.
12-13 11:16:29.226  1901  1901 E libEGL  : load_driver(/system/lib/egl/libGLES_emulation.so): dlopen failed: library "/system/lib/egl/libGLES_emulation.so" not found
12-13 11:16:29.262  1901  1901 D libEGL  : loaded /system/lib/egl/libEGL_emulation.so
12-13 11:16:29.263  1901  1901 D libEGL  : loaded /system/lib/egl/libGLESv1_CM_emulation.so
12-13 11:16:29.276  1901  1901 D libEGL  : loaded /system/lib/egl/libGLESv2_emulation.so
12-13 11:16:29.290  1901  1901 D         : HostConnection::get() New Host Connection established 0xdb748700, tid 1901
12-13 11:16:29.323  1901  1901 W         : Process pipe failed
12-13 11:16:29.558  1901  1927 W cr_media: Requires BLUETOOTH permission
12-13 11:16:29.575  1901  1901 I cr_DRP  : No DRP key due to exception:java.lang.ClassNotFoundException: com.android.webview.chromium.Drp
12-13 11:16:29.681  1901  1901 W cr_AwContents: onDetachedFromWindow called when already detached. Ignoring
12-13 11:16:29.702  1901  1901 I cr_Ime  : ImeThread is not enabled.
12-13 11:16:29.753  1901  1940 E libEGL  : validate_display:99 error 3008 (EGL_BAD_DISPLAY)
12-13 11:16:29.769  1901  1940 W AudioCapabilities: Unsupported mime audio/x-pcm
12-13 11:16:29.831  1901  1940 I VideoCapabilities: Unsupported profile 4 for video/mp4v-es
12-13 11:16:29.849  1901  1940 D         : HostConnection::get() New Host Connection established 0xc7f26740, tid 1940
12-13 11:16:30.075  1901  1939 I OpenGLRenderer: Initialized EGL, version 1.4
12-13 11:16:30.075  1901  1939 D OpenGLRenderer: Swap behavior 1
12-13 11:16:30.075  1901  1939 D         : HostConnection::get() New Host Connection established 0xc7f26f00, tid 1939
12-13 11:16:30.075   603   604 D gralloc_vbox86: gralloc_alloc: format 1 and usage 0x900 imply creation of host color buffer
12-13 11:16:30.102   603   604 D gralloc_vbox86: gralloc_alloc: format 1 and usage 0x900 imply creation of host color buffer
12-13 11:16:30.133   603   604 D gralloc_vbox86: gralloc_alloc: format 1 and usage 0x900 imply creation of host color buffer
12-13 11:16:30.217  1901  1939 E EGL_emulation: tid 1939: eglSurfaceAttrib(1174): error 0x3009 (EGL_BAD_MATCH)
12-13 11:16:30.217  1901  1939 W OpenGLRenderer: Failed to set EGL_SWAP_BEHAVIOR on surface 0xc957f540, error=EGL_BAD_MATCH
12-13 11:16:30.463   560   581 I ActivityManager: Displayed org.chromium.webview_shell/.WebViewBrowserActivity: +1s483ms
12-13 11:16:30.629  1901  1939 E emuglGLESv2_enc: device/generic/goldfish-opengl/system/GLESv2_enc/GL2Encoder.cpp:s_glVertexAttribPointer:297 GL error 0x501
12-13 11:16:30.817  1901  1901 W cr_BindingManager: Cannot call determinedVisibility() - never saw a connection for the pid: 1901
12-13 11:16:30.837   603   603 W SurfaceFlinger: couldn't log to binary event log: overflow.
12-13 11:16:31.097  1901  1950 D NetworkSecurityConfig: No Network Security Config specified, using platform default
12-13 11:16:31.675  1720  1720 D MonkeyStub: translateCommand: press KEYCODE_BACK
12-13 11:16:31.783  1901  1912 I art     : Background sticky concurrent mark sweep GC freed 35478(2MB) AllocSpace objects, 3(60KB) LOS objects, 42% free, 4MB/8MB, paused 561us total 110.910ms
12-13 11:16:31.943  1901  1901 I chromium: [INFO:CONSOLE(0)] "Unrecognized Content-Security-Policy directive 'worker-src'.
12-13 11:16:31.943  1901  1901 I chromium: ", source: https://policies.google.com/privacy (0)
12-13 11:16:31.944  1901  1901 W cr_BindingManager: Cannot call determinedVisibility() - never saw a connection for the pid: 1901
12-13 11:16:32.051   603   624 D gralloc_vbox86: gralloc_alloc: format 1 and usage 0x900 imply creation of host color buffer
12-13 11:16:32.074   603   624 D gralloc_vbox86: gralloc_alloc: format 1 and usage 0x900 imply creation of host color buffer
12-13 11:16:32.099   603   624 D gralloc_vbox86: gralloc_alloc: format 1 and usage 0x900 imply creation of host color buffer
12-13 11:16:32.134  1901  1901 I chromium: [INFO:CONSOLE(0)] "Unrecognized Content-Security-Policy directive 'worker-src'.
12-13 11:16:32.134  1901  1901 I chromium: ", source: about:blank (0)
12-13 11:16:32.136  1742  1768 E EGL_emulation: tid 1768: eglSurfaceAttrib(1174): error 0x3009 (EGL_BAD_MATCH)
12-13 11:16:32.136  1742  1768 W OpenGLRenderer: Failed to set EGL_SWAP_BEHAVIOR on surface 0xc419dfe0, error=EGL_BAD_MATCH
12-13 11:16:32.138  1901  1901 I chromium: [INFO:CONSOLE(0)] "Unrecognized Content-Security-Policy directive 'worker-src'.
12-13 11:16:32.138  1901  1901 I chromium: ", source: about:blank (0)
12-13 11:16:32.140  1901  1901 I chromium: [INFO:CONSOLE(0)] "Unrecognized Content-Security-Policy directive 'worker-src'.
12-13 11:16:32.140  1901  1901 I chromium: ", source: about:blank (0)
12-13 11:16:32.140  1901  1901 I chromium: [INFO:CONSOLE(0)] "Unrecognized Content-Security-Policy directive 'worker-src'.
12-13 11:16:32.140  1901  1901 I chromium: ", source: about:blank (0)
12-13 11:16:32.528  1901  1901 I chromium: [INFO:CONSOLE(259)] "%c%s", source: /_/mss/boq-identity/_/js/k=boq-identity.IdentityPoliciesUi.en_US.5EU8bUx8jzI.O/am=EFA/rt=j/d=1/excm=privacyhomeview,_b,_tp/ed=1/dg=0/rs=AOaEmlGc3mW806X7b_id0hIS_pqsbTSZnA/m=_b,_tp (259)
12-13 11:16:32.528  1901  1901 I chromium: [INFO:CONSOLE(259)] "%c%s", source: /_/mss/boq-identity/_/js/k=boq-identity.IdentityPoliciesUi.en_US.5EU8bUx8jzI.O/am=EFA/rt=j/d=1/excm=privacyhomeview,_b,_tp/ed=1/dg=0/rs=AOaEmlGc3mW806X7b_id0hIS_pqsbTSZnA/m=_b,_tp (259)
12-13 11:16:32.761   560   574 I ActivityManager: Killing 1564:com.android.camera2/u0a32 (adj 906): empty #17
12-13 11:16:32.785   560  1294 D ActivityManager: cleanUpApplicationRecord -- 1564
12-13 11:16:33.682  1720  1720 D MonkeyStub: translateCommand: tap 559 821
12-13 11:16:33.902   560   716 I ActivityManager: START u0 {act=android.intent.action.VIEW dat=http://www.google.com/... cmp=org.chromium.webview_shell/.WebViewBrowserActivity} from uid 10005 on display 0
12-13 11:16:34.004  1901  1901 W cr_BindingManager: Cannot call determinedVisibility() - never saw a connection for the pid: 1901
12-13 11:16:34.004  1901  1901 W cr_BindingManager: Cannot call determinedVisibility() - never saw a connection for the pid: 1901
12-13 11:16:34.041  1901  1901 W cr_AwContents: onDetachedFromWindow called when already detached. Ignoring
12-13 11:16:34.049  1901  1901 I cr_Ime  : ImeThread is not enabled.
12-13 11:16:34.660   603   624 D gralloc_vbox86: gralloc_alloc: format 1 and usage 0x900 imply creation of host color buffer
12-13 11:16:34.681   603   624 D gralloc_vbox86: gralloc_alloc: format 1 and usage 0x900 imply creation of host color buffer
12-13 11:16:34.700   603   624 D gralloc_vbox86: gralloc_alloc: format 1 and usage 0x900 imply creation of host color buffer
12-13 11:16:34.733  1901  1939 E EGL_emulation: tid 1939: eglSurfaceAttrib(1174): error 0x3009 (EGL_BAD_MATCH)
12-13 11:16:34.733  1901  1939 W OpenGLRenderer: Failed to set EGL_SWAP_BEHAVIOR on surface 0xc6417c80, error=EGL_BAD_MATCH
12-13 11:16:35.051   560   581 I ActivityManager: Displayed org.chromium.webview_shell/.WebViewBrowserActivity: +1s99ms
12-13 11:16:35.438   603   603 W SurfaceFlinger: couldn't log to binary event log: overflow.
12-13 11:16:36.242  1901  1901 W cr_BindingManager: Cannot call determinedVisibility() - never saw a connection for the pid: 1901
12-13 11:16:36.494  1901  1901 I chromium: [INFO:CONSOLE(1)] "'webkitIDBIndex' is deprecated. Please use 'IDBIndex' instead.", source:  (1)
12-13 11:16:36.686  1720  1720 D MonkeyStub: translateCommand: press KEYCODE_BACK
12-13 11:16:36.783   603   606 D gralloc_vbox86: gralloc_alloc: format 1 and usage 0x900 imply creation of host color buffer
12-13 11:16:36.799   603   606 D gralloc_vbox86: gralloc_alloc: format 1 and usage 0x900 imply creation of host color buffer
12-13 11:16:36.821   603   606 D gralloc_vbox86: gralloc_alloc: format 1 and usage 0x900 imply creation of host color buffer
12-13 11:16:36.853  1742  1768 E EGL_emulation: tid 1768: eglSurfaceAttrib(1174): error 0x3009 (EGL_BAD_MATCH)
12-13 11:16:36.853  1742  1768 W OpenGLRenderer: Failed to set EGL_SWAP_BEHAVIOR on surface 0xc2de5ca0, error=EGL_BAD_MATCH
12-13 11:16:37.033  1901  1901 I chromium: [INFO:CONSOLE(0)] "Unrecognized Content-Security-Policy directive 'worker-src'.
12-13 11:16:37.033  1901  1901 I chromium: ", source: https://policies.google.com/terms (0)
12-13 11:16:37.034  1901  1901 W cr_BindingManager: Cannot call determinedVisibility() - never saw a connection for the pid: 1901
12-13 11:16:37.324  1901  1901 I chromium: [INFO:CONSOLE(259)] "%c%s", source: /_/mss/boq-identity/_/js/k=boq-identity.IdentityPoliciesUi.en_US.5EU8bUx8jzI.O/am=EFA/rt=j/d=1/excm=termshomeview,_b,_tp/ed=1/dg=0/rs=AOaEmlGc3mW806X7b_id0hIS_pqsbTSZnA/m=_b,_tp (259)
12-13 11:16:37.324  1901  1901 I chromium: [INFO:CONSOLE(259)] "%c%s", source: /_/mss/boq-identity/_/js/k=boq-identity.IdentityPoliciesUi.en_US.5EU8bUx8jzI.O/am=EFA/rt=j/d=1/excm=termshomeview,_b,_tp/ed=1/dg=0/rs=AOaEmlGc3mW806X7b_id0hIS_pqsbTSZnA/m=_b,_tp (259)
12-13 11:16:37.385  1901  1901 I art     : Starting a blocking GC Explicit
12-13 11:16:37.404  1901  1901 I art     : Explicit concurrent mark sweep GC freed 53890(2MB) AllocSpace objects, 0(0B) LOS objects, 25% free, 5MB/6MB, paused 765us total 19.247ms
12-13 11:16:37.413  1901  1901 I art     : Starting a blocking GC Explicit
12-13 11:16:37.433  1901  1901 I art     : Explicit concurrent mark sweep GC freed 2553(122KB) AllocSpace objects, 12(384KB) LOS objects, 25% free, 4MB/6MB, paused 365us total 19.843ms
12-13 11:16:37.704  1901  1901 W cr_BindingManager: Cannot call determinedVisibility() - never saw a connection for the pid: 1901
12-13 11:16:37.704  1901  1901 W cr_BindingManager: Cannot call determinedVisibility() - never saw a connection for the pid: 1901
12-13 11:16:38.691  1720  1720 D MonkeyStub: translateCommand: press KEYCODE_BACK
12-13 11:16:41.696  1720  1720 D MonkeyStub: translateCommand: press KEYCODE_BACK
12-13 11:16:41.919   603   624 D gralloc_vbox86: gralloc_alloc: format 1 and usage 0x900 imply creation of host color buffer
12-13 11:16:41.974   603   624 D gralloc_vbox86: gralloc_alloc: format 1 and usage 0x900 imply creation of host color buffer
12-13 11:16:42.028   603   624 D gralloc_vbox86: gralloc_alloc: format 1 and usage 0x900 imply creation of host color buffer
12-13 11:16:42.080  1742  1768 E EGL_emulation: tid 1768: eglSurfaceAttrib(1174): error 0x3009 (EGL_BAD_MATCH)
12-13 11:16:42.080  1742  1768 W OpenGLRenderer: Failed to set EGL_SWAP_BEHAVIOR on surface 0xc2de59e0, error=EGL_BAD_MATCH
12-13 11:16:42.665   603   603 W SurfaceFlinger: couldn't log to binary event log: overflow.
12-13 11:16:44.701  1720  1720 D MonkeyStub: translateCommand: tap 500 500
12-13 11:16:44.716   560   572 I ActivityManager: START u0 {act=android.intent.action.INSERT dat=content://com.android.contacts/contacts pkg=com.android.contacts cmp=com.android.contacts/.activities.CompactContactEditorActivity (has extras)} from uid 10005 on display 0
12-13 11:16:45.368  1742  1742 I Choreographer: Skipped 32 frames!  The application may be doing too much work on its main thread.
12-13 11:16:45.450   603  1158 D gralloc_vbox86: gralloc_alloc: format 1 and usage 0x900 imply creation of host color buffer
12-13 11:16:45.466   603  1158 D gralloc_vbox86: gralloc_alloc: format 1 and usage 0x900 imply creation of host color buffer
12-13 11:16:45.489   603  1158 D gralloc_vbox86: gralloc_alloc: format 1 and usage 0x900 imply creation of host color buffer
12-13 11:16:45.534  1742  1768 E EGL_emulation: tid 1768: eglSurfaceAttrib(1174): error 0x3009 (EGL_BAD_MATCH)
12-13 11:16:45.534  1742  1768 W OpenGLRenderer: Failed to set EGL_SWAP_BEHAVIOR on surface 0xc2de5400, error=EGL_BAD_MATCH
12-13 11:16:45.963   560   581 I ActivityManager: Displayed com.android.contacts/.activities.CompactContactEditorActivity: +1s148ms
12-13 11:16:47.705  1720  1720 D MonkeyStub: translateCommand: tap 520 1030
12-13 11:16:47.712  1720  1720 D MonkeyStub: translateCommand: type Andrew
12-13 11:16:47.739   701   701 I LatinIME: Starting input. Cursor position = 0,0
12-13 11:16:47.776   603  1146 D gralloc_vbox86: gralloc_alloc: format 1 and usage 0x900 imply creation of host color buffer
12-13 11:16:47.804   603  1146 D gralloc_vbox86: gralloc_alloc: format 1 and usage 0x900 imply creation of host color buffer
12-13 11:16:47.862   603  1146 D gralloc_vbox86: gralloc_alloc: format 1 and usage 0x900 imply creation of host color buffer
12-13 11:16:47.917   701  1777 E EGL_emulation: tid 1777: eglSurfaceAttrib(1174): error 0x3009 (EGL_BAD_MATCH)
