12-13 11:16:47.917   701  1777 W OpenGLRenderer: Failed to set EGL_SWAP_BEHAVIOR on surface 0xe7c0b000, error=EGL_BAD_MATCH
12-13 11:16:49.717  1720  1720 D MonkeyStub: translateCommand: tap 505 1186
12-13 11:16:49.724  1720  1720 D MonkeyStub: translateCommand: type 10098765432
12-13 11:16:49.744   701   701 I LatinIME: Starting input. Cursor position = 0,0
12-13 11:16:49.789  1742  1742 W IInputConnectionWrapper: finishComposingText on inactive InputConnection
12-13 11:16:51.732  1720  1720 D MonkeyStub: translateCommand: tap 540 1750
12-13 11:16:51.743  1720  1720 D MonkeyStub: translateCommand: type someemail@email.com
12-13 11:16:51.752   701   701 I LatinIME: Starting input. Cursor position = 0,0
12-13 11:16:51.792  1742  1742 W IInputConnectionWrapper: finishComposingText on inactive InputConnection
12-13 11:16:54.749  1720  1720 D MonkeyStub: translateCommand: press KEYCODE_BACK
12-13 11:16:56.753  1720  1720 D MonkeyStub: translateCommand: press KEYCODE_BACK
12-13 11:16:56.804   603  1146 D gralloc_vbox86: gralloc_alloc: format 1 and usage 0x900 imply creation of host color buffer
12-13 11:16:56.818   603  1146 D gralloc_vbox86: gralloc_alloc: format 1 and usage 0x900 imply creation of host color buffer
12-13 11:16:56.832   603  1146 D gralloc_vbox86: gralloc_alloc: format 1 and usage 0x900 imply creation of host color buffer
12-13 11:16:56.861  1742  1768 E EGL_emulation: tid 1768: eglSurfaceAttrib(1174): error 0x3009 (EGL_BAD_MATCH)
12-13 11:16:56.861  1742  1768 W OpenGLRenderer: Failed to set EGL_SWAP_BEHAVIOR on surface 0xc7ffe640, error=EGL_BAD_MATCH
12-13 11:16:58.758  1720  1720 D MonkeyStub: translateCommand: tap 775 997
12-13 11:16:58.811   269   287 D AudioFlinger: mixer(0xece838c0) throttle end: throttle time(2)
12-13 11:16:58.817  1742  1768 D OpenGLRenderer: endAllActiveAnimators on 0xc8dc1100 (RippleDrawable) with handle 0xc2dd6890
12-13 11:16:58.880   603  1146 D gralloc_vbox86: gralloc_alloc: format 1 and usage 0x900 imply creation of host color buffer
12-13 11:16:58.896   603  1146 D gralloc_vbox86: gralloc_alloc: format 1 and usage 0x900 imply creation of host color buffer
12-13 11:16:58.921   603  1146 D gralloc_vbox86: gralloc_alloc: format 1 and usage 0x900 imply creation of host color buffer
12-13 11:16:58.948  1742  1768 E EGL_emulation: tid 1768: eglSurfaceAttrib(1174): error 0x3009 (EGL_BAD_MATCH)
12-13 11:16:58.948  1742  1768 W OpenGLRenderer: Failed to set EGL_SWAP_BEHAVIOR on surface 0xc2de5160, error=EGL_BAD_MATCH
12-13 11:16:59.102  1742  1742 W IInputConnectionWrapper: finishComposingText on inactive InputConnection
12-13 11:17:00.764  1720  1720 D MonkeyStub: translateCommand: tap 432 656
12-13 11:17:00.891   560   948 I ActivityManager: START u0 {act=android.provider.action.QUICK_CONTACT dat=content://com.android.contacts/contacts/lookup/0r1-3B453743294F372943/1 flg=0x4000000 pkg=com.android.contacts cmp=com.android.contacts/.quickcontact.QuickContactActivity (has extras)} from uid 10005 on display 0
12-13 11:17:00.984  1742  2016 E ContactLoader: loadInBackground=content://com.android.contacts/contacts/lookup/0r1-3B453743294F372943/1
12-13 11:17:01.088   603   606 D gralloc_vbox86: gralloc_alloc: format 1 and usage 0x900 imply creation of host color buffer
12-13 11:17:01.104   603   606 D gralloc_vbox86: gralloc_alloc: format 1 and usage 0x900 imply creation of host color buffer
12-13 11:17:01.131   603   606 D gralloc_vbox86: gralloc_alloc: format 1 and usage 0x900 imply creation of host color buffer
12-13 11:17:01.172  1742  1768 E EGL_emulation: tid 1768: eglSurfaceAttrib(1174): error 0x3009 (EGL_BAD_MATCH)
12-13 11:17:01.172  1742  1768 W OpenGLRenderer: Failed to set EGL_SWAP_BEHAVIOR on surface 0xc80ff9e0, error=EGL_BAD_MATCH
12-13 11:17:01.302  1742  1881 E ContactLoader: loadInBackground=content://com.android.contacts/contacts/lookup/0r1-3B453743294F372943/1
12-13 11:17:01.407   560   581 I ActivityManager: Displayed com.android.contacts/.quickcontact.QuickContactActivity: +473ms
12-13 11:17:01.445  1742  1742 I ContactLoader: Registering content observer for content://com.android.contacts/contacts/lookup/0r1-3B453743294F372943/1
12-13 11:17:01.490  1742  1742 V SmsInteractionsLoader: SmsInteractionsLoader
12-13 11:17:01.490  1742  1881 V SmsInteractionsLoader: loadInBackground
12-13 11:17:01.550  1742  2016 V CalendarInteractionsLoader: # ContactInteraction Loaded: 0
12-13 11:17:03.641   847  1494 I OmtpVvmCarrierCfgHlpr: OmtpEvent:CONFIG_STATUS_SMS_TIME_OUT
12-13 11:17:03.641   847   847 I RetryPolicy: discarding deferred status: configuration_state=4
12-13 11:17:03.644   847   847 D VvmTaskScheduler: No more tasks, stopping service if no task are added in 5000 millis
12-13 11:17:03.645   847   847 D VvmTaskScheduler: create task:com.android.phone.vvm.omtp.ActivationTask
12-13 11:17:03.646   847   847 D RetryPolicy: retry #4 for com.android.phone.vvm.omtp.ActivationTask@52b6de6 queued, executing in 5000
12-13 11:17:03.649   847   847 D VvmTaskScheduler: minimal wait time:4998
12-13 11:17:03.650   847   847 D VvmTaskScheduler: minimal wait time:4997
12-13 11:17:03.768  1720  1720 D MonkeyStub: translateCommand: tap 612 1276
12-13 11:17:03.786   560   571 I ActivityManager: START u0 {act=android.intent.action.CALL dat=tel:xxxxx-xxx-xxxx flg=0x10000000 cmp=com.android.server.telecom/.components.UserCallActivity (has extras)} from uid 10005 on display 0
12-13 11:17:03.988  1742  1871 E ContactLoader: loadInBackground=content://com.android.contacts/contacts/lookup/0r1-3B453743294F372943/1
12-13 11:17:04.096  1742  1742 I ContactLoader: Registering content observer for content://com.android.contacts/contacts/lookup/0r1-3B453743294F372943/1
12-13 11:17:04.124   560   560 I Telecom : CallIntentProcessor: onReceive - isUnknownCall: false: PCR.oR@AFY
12-13 11:17:04.167   560   560 I Telecom : Event: Call TC@1: CREATED, null: PCR.oR@AFY
12-13 11:17:04.168   560   560 I Telecom : Event: Call TC@1: SET_CONNECTING, ComponentInfo{com.android.phone/com.android.services.telephony.TelephonyConnectionService}, [e2f7d48dd2b5ca523e7313cf4ba0f6ea830b6281], UserHandle{0}: PCR.oR@AFY
12-13 11:17:04.169   560   957 I Telecom : CallAudioRouteStateMachine: Message received: UPDATE_SYSTEM_AUDIO_ROUTE=1201, arg1=0: PCR.oR->CARSM.pM_UPDATE_SYSTEM_AUDIO_ROUTE@AFY_1
12-13 11:17:04.170   560   560 I Telecom : TelecomWakeLock: WakeLock already released with id: 26: PCR.oR@AFY
12-13 11:17:04.171   560   966 I Telecom : CallAudioModeStateMachine: Message received: NEW_ACTIVE_OR_DIALING_CALL.: PCR.oR->CAMSM.pM_2001@AFY_2
12-13 11:17:04.171   560   966 I Telecom : CallAudioModeStateMachine: Audio focus entering SIM CALL state: PCR.oR->CAMSM.pM_2001@AFY_2
12-13 11:17:04.170   560   560 I Telecom : InCallWakeLockController: Releasing full wake lock: PCR.oR@AFY
12-13 11:17:04.172   560   966 I MediaFocusControl:  AudioFocus  requestAudioFocus() from uid/pid 1000/560 clientId=AudioFocus_For_Phone_Ring_And_Calls req=2 flags=0x4
12-13 11:17:04.173   560   560 I Telecom : InCallController: defaultDialer: null: PCR.oR@AFY
12-13 11:17:04.173   560   560 I Telecom : InCallController: defaultDialer: null: PCR.oR@AFY
12-13 11:17:04.176   560   560 I Telecom : CarSwappingInCallServiceConnection: carmodechange: false => false: PCR.oR@AFY
12-13 11:17:04.176   560   560 I Telecom : EmergencyInCallServiceConnection: Attempting to bind to InCall [ComponentInfo{com.android.dialer/com.android.incallui.InCallServiceImpl} supportsExternal? true], with Intent { act=android.telecom.InCallService cmp=com.android.dialer/com.android.incallui.InCallServiceImpl (has extras) }: PCR.oR@AFY
12-13 11:17:04.177   560  2022 D AudioTrack: Client defaulted notificationFrames to 512 for frameCount 1024
12-13 11:17:04.185  2024  2024 W art     : Unexpected CPU variant for X86 using defaults: x86
12-13 11:17:04.188   560   560 I ActivityManager: Start proc 2024:com.android.dialer/u0a8 for service com.android.dialer/com.android.incallui.InCallServiceImpl
12-13 11:17:04.205   560   560 I Telecom : NewOutgoingCallIntentBroadcaster: Sending NewOutgoingCallBroadcast for [TC@1, CONNECTING, null, tel:* ***-***-****, A, childs(0), has_parent(false), [Capabilities:], [Properties:]] to UserHandle{0}: PCR.oR@AFY
12-13 11:17:04.206   560   957 I Telecom : CallAudioRouteStateMachine: setSystemAudioState: changing from [AudioState isMuted: false, route: EARPIECE, supportedRouteMask: EARPIECE, SPEAKER] to [AudioState isMuted: false, route: EARPIECE, supportedRouteMask: EARPIECE, SPEAKER]: PCR.oR->CARSM.pM_UPDATE_SYSTEM_AUDIO_ROUTE@AFY_1
12-13 11:17:04.208   560   560 I Telecom : TelecomSystem: CallerInfoAsyncQuery.startQuery number=[3171c35f7972fa72b25acb71900b473d464c311b] cookie=PCR.oR->CILH.sL@AFY_0_0: PCR.oR->CILH.sL@AFY_0
12-13 11:17:04.232  2024  2024 W System  : ClassLoader referenced unknown path: /system/priv-app/Dialer/lib/x86
12-13 11:17:04.237   560   560 V GpsNetInitiatedHandler: ACTION_NEW_OUTGOING_CALL - false
12-13 11:17:04.249   560   560 I Telecom : CallerInfoLookupHelper: CI query for handle tel:* ***-***-**** has completed; notifying all listeners.: PCR.oR->CILH.sL->CILH.oQC@AFY_0_0
12-13 11:17:04.249   560   560 I Telecom : Call: CallerInfo received for tel:* ***-***-****: com.android.internal.telephony.CallerInfo@9cf4b59 { name non-null, phoneNumber non-null }: PCR.oR->CILH.sL->CILH.oQC@AFY_0_0
12-13 11:17:04.249   560   560 I Telecom : CallerInfoLookupHelper: There is no photo for this contact, skipping photo query: PCR.oR->CILH.sL->CILH.oQC@AFY_0_0
12-13 11:17:04.256  2024  2024 D ExtensionsFactory: No custom extensions.
12-13 11:17:04.267  2024  2024 D BlockedNumbersAuto: Not attempting auto-migrate: already checked once.
12-13 11:17:04.267  1742  1742 V SmsInteractionsLoader: SmsInteractionsLoader
12-13 11:17:04.268  1742  1871 V SmsInteractionsLoader: loadInBackground
12-13 11:17:04.320  1742  1881 V CalendarInteractionsLoader: # ContactInteraction Loaded: 0
12-13 11:17:04.360  2024  2024 I InCall  : ProximitySensor - ProximitySensor{keybrd=0, dpad=0, offhook=0, hor=0, ui=0, aud=EARPIECE}
12-13 11:17:04.360  2024  2024 I InCall  : ProximitySensor - Proximity wake lock already released
12-13 11:17:04.360  2024  2024 I InCall  : InCallPresenter - Phone switching state: NO_CALLS -> NO_CALLS
12-13 11:17:04.369  2024  2024 I InCall  : InCallPresenter - setBoundAndWaitingForOutgoingCall: true
12-13 11:17:04.385   560  1294 I ActivityManager: START u0 {act=android.intent.action.MAIN flg=0x10040000 cmp=com.android.dialer/com.android.incallui.InCallActivity (has extras)} from uid 10008 on display 0
12-13 11:17:04.400   560   560 I Telecom : InCallController: onConnected to ComponentInfo{com.android.dialer/com.android.incallui.InCallServiceImpl}: ICSBC.oSC@AFc
12-13 11:17:04.401   560   560 I Telecom : InCallController: Adding 1 calls to InCallService after onConnected: ComponentInfo{com.android.dialer/com.android.incallui.InCallServiceImpl}, including external calls: ICSBC.oSC@AFc
12-13 11:17:04.415   560   560 I Telecom : InCallController: 1 calls sent to InCallService.: ICSBC.oSC@AFc
12-13 11:17:04.434   560   560 I Telecom : NewOutgoingCallBroadcastIntentReceiver: Received new-outgoing-call-broadcast for [TC@1, CONNECTING, null, tel:* ***-***-****, A, childs(0), has_parent(false), [Capabilities:], [Properties:]] with data [0cd221b2243c77a42270da0e3d2d3e71bffb3a0a]: NOCBIR.oR@AFg
12-13 11:17:04.454   560   560 I Telecom : CallsManager: Creating a new outgoing call with handle: tel:***********: NOCBIR.oR@AFg
12-13 11:17:04.486   560   560 I Telecom : InCallController: Sending updateCall [TC@1, CONNECTING, null, tel:***********, A, childs(0), has_parent(false), [Capabilities:], [Properties:]]: NOCBIR.oR@AFg
12-13 11:17:04.496   560   560 I Telecom : InCallController: Components updated: [ComponentInfo{com.android.dialer/com.android.incallui.InCallServiceImpl}]: NOCBIR.oR@AFg
12-13 11:17:04.504   560   560 I Telecom : PhoneAccountRegistrar: SimCallManager queried, returning: null: NOCBIR.oR@AFg
12-13 11:17:04.504   560   560 I Telecom : CreateConnectionProcessor: Trying attempt CallAttemptRecord(ComponentInfo{com.android.phone/com.android.services.telephony.TelephonyConnectionService}, [e2f7d48dd2b5ca523e7313cf4ba0f6ea830b6281], UserHandle{0},ComponentInfo{com.android.phone/com.android.services.telephony.TelephonyConnectionService}, [e2f7d48dd2b5ca523e7313cf4ba0f6ea830b6281], UserHandle{0}): NOCBIR.oR@AFg
12-13 11:17:04.506   560   560 I Telecom : Event: Call TC@1: BIND_CS, ComponentInfo{com.android.phone/com.android.services.telephony.TelephonyConnectionService}: NOCBIR.oR@AFg
12-13 11:17:04.510   560   560 I Telecom : TelecomSystem: CallerInfoAsyncQuery.startQuery number=[0cd221b2243c77a42270da0e3d2d3e71bffb3a0a] cookie=NOCBIR.oR->CILH.sL@AFg_0_0: NOCBIR.oR->CILH.sL@AFg_0
12-13 11:17:04.544   560   560 I Telecom : ServiceBinderConnection: Service bound ComponentInfo{com.android.phone/com.android.services.telephony.TelephonyConnectionService}: SBC.oSC@AFk
12-13 11:17:04.551   560   560 I Telecom : Event: Call TC@1: CS_BOUND, ComponentInfo{com.android.phone/com.android.services.telephony.TelephonyConnectionService}: SBC.oSC@AFk
12-13 11:17:04.555   560   560 I Telecom : Event: Call TC@1: START_CONNECTION, tel:***********: SBC.oSC@AFk
12-13 11:17:04.557   560   957 I Telecom : CallAudioRouteStateMachine: Message received: SWITCH_FOCUS=4001, arg1=2: PCR.oR->CAMSM.pM_2001->CARSM.pM_SWITCH_FOCUS@AFY_2_2
12-13 11:17:04.558  2024  2024 I InCall  : CallList - onUpdate - [Call_0, CONNECTING, [Capabilities:], [Properties:], children:[], parent:null, conferenceable:[], videoState:Audio Only, mSessionModificationState:0, VideoSettings:(CameraDir:-1)]
12-13 11:17:04.558  2024  2024 I InCall  : InCallPresenter - Phone switching state: OUTGOING -> PENDING_OUTGOING
12-13 11:17:04.561  2024  2024 I InCall  : InCallPresenter - setBoundAndWaitingForOutgoingCall: false
12-13 11:17:04.577   560   957 I Telecom : Event: Call TC@1: AUDIO_ROUTE, Leaving state QuiescentEarpieceRoute: PCR.oR->CAMSM.pM_2001->CARSM.pM_SWITCH_FOCUS@AFY_2_2
12-13 11:17:04.577   560   957 I Telecom : Event: Call TC@1: AUDIO_ROUTE, Entering state ActiveEarpieceRoute: PCR.oR->CAMSM.pM_2001->CARSM.pM_SWITCH_FOCUS@AFY_2_2
12-13 11:17:04.578   560   957 I Telecom : CallAudioRouteStateMachine: setNotificationsSuppressed: on=yes; suppressed=no: PCR.oR->CAMSM.pM_2001->CARSM.pM_SWITCH_FOCUS@AFY_2_2
12-13 11:17:04.579   560   957 D ZenLog  : config: setInterruptionFilter,ZenModeConfig[user=0,allowCalls=true,allowRepeatCallers=false,allowMessages=false,allowCallsFrom=contacts,allowMessagesFrom=contacts,allowReminders=true,allowEvents=true,allowWhenScreenOff=true,allowWhenScreenOn=true,automaticRules={9b162d6d58da46c196cb25b1b9d515d6=ZenRule[enabled=false,snoozing=false,name=Weekend,zenMode=ZEN_MODE_ALARMS,conditionId=condition://android/schedule?days=6.7&start=23.30&end=10.0&exitAtAlarm=false,condition=Condition[id=condition://android/schedule?days=6.7&start=23.30&end=10.0&exitAtAlarm=false,summary=...,line1=...,line2=...,icon=0,state=STATE_FALSE,flags=2],component=ComponentInfo{android/com.android.server.notification.ScheduleConditionProvider},id=9b162d6d58da46c196cb25b1b9d515d6,creationTime=1544717514822,enabler=null], b08e9cb77e9d4e1b95195d877fe3bce9=ZenRule[enabled=false,snoozing=false,name=Event,zenMode=ZEN_MODE_ALARMS,conditionId=condition://android/event?userId=-10000&calendar=&reply=1,condition=Condition[id=condition://android/event?userId=-10000&calendar=&reply=1,summary=...,line1=...,line2=...,icon=0,state=STATE_FALSE,flags=2],component=ComponentInfo{android/com.android.server.notification.EventConditionProvider},id=b08e9cb77e9d4e1b95195d877fe3bce9,creationTime=1544717514822,enabler=null], 976cf20a39984a09b339feb572483b2d=ZenRule[enabled=false,snoozing=false,name=Weeknight,zenMode=ZEN_MODE_ALARMS,conditionId=condition://android/schedule?days=1.2.3.4.5&start=22.0&end=7.0&exitAtAlarm=false,condition=Condition[id=condition://android/schedule?days=1.2.3.4.5&start=22.0&end=7.0&exitAtAlarm=false,summary=...,line1=...,line2=...,icon=0,state=STATE_FALSE,flags=2],component=ComponentInfo{android/com.android.server.notification.ScheduleConditionProvider},id=976cf20a39984a09b339feb572483b2d,creationTime=1544717514822,enabler=null]},manualRule=ZenRule[enabled=true,snoozing=false,name=null,zenMode=ZEN_MODE_ALARMS,conditionId=null,condition=null,component=null,id=null,creationTime=0,enabler=com.android.server.telecom]],Diff[manualRule:insert]
12-13 11:17:04.588   560   572 I Telecom : PhoneAccountRegistrar: SimCallManager queried, returning: null: CSW.qRCS@AFs
12-13 11:17:04.605   560   957 I Telecom : CallAudioRouteStateMachine: setSystemAudioState: changing from [AudioState isMuted: false, route: EARPIECE, supportedRouteMask: EARPIECE, SPEAKER] to [AudioState isMuted: false, route: EARPIECE, supportedRouteMask: EARPIECE, SPEAKER]: PCR.oR->CAMSM.pM_2001->CARSM.pM_SWITCH_FOCUS@AFY_2_2
12-13 11:17:04.606   847   847 I Telephony: TelephonyConnectionService: onCreateOutgoingConnection, request: ConnectionRequest xxxxxxxxxxxxxxx Bundle[mParcelledData.dataSize=484]
12-13 11:17:04.617   560   560 D ZenLog  : set_zen_mode: alarms,setInterruptionFilter
12-13 11:17:04.620   560   560 D ZenLog  : set_ringer_mode_internal: ZenModeHelper,i:normal->silent,e:normal->silent
12-13 11:17:04.621   742   900 I vol.Events: writeEvent internal_ringer_mode_changed silent
12-13 11:17:04.621   742   900 I vol.Events: writeEvent mute_changed STREAM_RING true
12-13 11:17:04.621   742   900 I vol.Events: writeEvent mute_changed STREAM_SYSTEM true
12-13 11:17:04.621   742   900 I vol.Events: writeEvent external_ringer_mode_changed silent
12-13 11:17:04.635   560   560 I Telecom : CallerInfoLookupHelper: CI query for handle tel:*********** has completed; notifying all listeners.: NOCBIR.oR->CILH.sL->CILH.oQC@AFg_0_0
12-13 11:17:04.635   560   560 I Telecom : Call: CallerInfo received for tel:***********: com.android.internal.telephony.CallerInfo@c751ada { name non-null, phoneNumber non-null }: NOCBIR.oR->CILH.sL->CILH.oQC@AFg_0_0
12-13 11:17:04.635   560   560 I Telecom : CallerInfoLookupHelper: There is no photo for this contact, skipping photo query: NOCBIR.oR->CILH.sL->CILH.oQC@AFg_0_0
12-13 11:17:04.636   742   900 I vol.Events: writeEvent zen_mode_changed alarms
12-13 11:17:04.640  2024  2024 I InCall  : InCallPresenter - UI Initialized
12-13 11:17:04.644  2024  2024 I InCall  : InCallPresenter - Phone switching state: PENDING_OUTGOING -> PENDING_OUTGOING
12-13 11:17:04.649  2024  2024 I InCall  : InCallActivity - onResume()...
12-13 11:17:04.654  2024  2024 I InCall  : ProximitySensor - ProximitySensor{keybrd=0, dpad=0, offhook=0, hor=0, ui=1, aud=EARPIECE}
12-13 11:17:04.654  2024  2024 I InCall  : ProximitySensor - Proximity wake lock already released
12-13 11:17:04.666   268   307 D baseband-call: calling: 12345678909
12-13 11:17:04.677   560   882 I Telecom : InCallController: Sending updateCall [TC@1, CONNECTING, com.android.phone/com.android.services.telephony.TelephonyConnectionService, tel:***********, A, childs(0), has_parent(false), [Capabilities:], [Properties:]]: CSW.hCCC@AF4
12-13 11:17:04.681   560   882 I Telecom : InCallController: Components updated: [ComponentInfo{com.android.dialer/com.android.incallui.InCallServiceImpl}]: CSW.hCCC@AF4
12-13 11:17:04.681   560   882 I Telecom : InCallController: Sending updateCall [TC@1, CONNECTING, com.android.phone/com.android.services.telephony.TelephonyConnectionService, tel:***********, A, childs(0), has_parent(false), [Capabilities: CAPABILITY_SUPPORT_HOLD CAPABILITY_MUTE CAPABILITY_CANNOT_DOWNGRADE_VIDEO_TO_AUDIO], [Properties:]]: CSW.hCCC@AF4
12-13 11:17:04.685   560   882 I Telecom : InCallController: Components updated: [ComponentInfo{com.android.dialer/com.android.incallui.InCallServiceImpl}]: CSW.hCCC@AF4
12-13 11:17:04.685   560   882 I Telecom : Event: Call TC@1: CAPABILITY_CHANGE, Current: [[ sup_hld mut !v2a]], Removed [[]], Added [[ sup_hld mut !v2a]]: CSW.hCCC@AF4
12-13 11:17:04.685   560   882 I Telecom : InCallController: Sending updateCall [TC@1, CONNECTING, com.android.phone/com.android.services.telephony.TelephonyConnectionService, tel:***********, A, childs(0), has_parent(false), [Capabilities: CAPABILITY_SUPPORT_HOLD CAPABILITY_MUTE CAPABILITY_CANNOT_DOWNGRADE_VIDEO_TO_AUDIO], [Properties:]]: CSW.hCCC@AF4
12-13 11:17:04.687  2024  2024 D         : HostConnection::get() New Host Connection established 0xda4d6100, tid 2024
12-13 11:17:04.689   560   882 I Telecom : InCallController: Components updated: [ComponentInfo{com.android.dialer/com.android.incallui.InCallServiceImpl}]: CSW.hCCC@AF4
12-13 11:17:04.690   560   882 I Telecom : InCallController: Sending updateCall [TC@1, CONNECTING, com.android.phone/com.android.services.telephony.TelephonyConnectionService, tel:***********, A, childs(0), has_parent(false), [Capabilities: CAPABILITY_SUPPORT_HOLD CAPABILITY_MUTE CAPABILITY_CANNOT_DOWNGRADE_VIDEO_TO_AUDIO], [Properties:]]: CSW.hCCC@AF4
12-13 11:17:04.690   560   966 I Telecom : CallAudioModeStateMachine: Message received: FOREGROUND_VOIP_MODE_CHANGE.: CSW.hCCC->CAMSM.pM_4001@AF4_0
12-13 11:17:04.694   560   882 I Telecom : InCallController: Components updated: [ComponentInfo{com.android.dialer/com.android.incallui.InCallServiceImpl}]: CSW.hCCC@AF4
12-13 11:17:04.695   560   882 I Telecom : InCallController: Sending updateCall [TC@1, CONNECTING, com.android.phone/com.android.services.telephony.TelephonyConnectionService, tel:***********, A, childs(0), has_parent(false), [Capabilities: CAPABILITY_SUPPORT_HOLD CAPABILITY_MUTE CAPABILITY_CANNOT_DOWNGRADE_VIDEO_TO_AUDIO], [Properties:]]: CSW.hCCC@AF4
12-13 11:17:04.697  2024  2024 W         : Process pipe failed
12-13 11:17:04.702   560   882 I Telecom : InCallController: Components updated: [ComponentInfo{com.android.dialer/com.android.incallui.InCallServiceImpl}]: CSW.hCCC@AF4
12-13 11:17:04.703   560   882 I Telecom : CallsManager: setCallState CONNECTING -> DIALING, call: [TC@1, CONNECTING, com.android.phone/com.android.services.telephony.TelephonyConnectionService, tel:***********, A, childs(0), has_parent(false), [Capabilities: CAPABILITY_SUPPORT_HOLD CAPABILITY_MUTE CAPABILITY_CANNOT_DOWNGRADE_VIDEO_TO_AUDIO], [Properties:]]: CSW.hCCC@AF4
12-13 11:17:04.703   560   882 I Telecom : Event: Call TC@1: SET_DIALING, successful outgoing call: CSW.hCCC@AF4
12-13 11:17:04.703   560   560 D GpsNetInitiatedHandler: onCallStateChanged(): state is 2
12-13 11:17:04.703   560   966 I Telecom : CallAudioModeStateMachine: Message received: NEW_ACTIVE_OR_DIALING_CALL.: CSW.hCCC->CAMSM.pM_2001@AF4_1
12-13 11:17:04.706   560   574 W BroadcastQueue: Permission Denial: receiving Intent { act=android.intent.action.PHONE_STATE flg=0x10 (has extras) } to ProcessRecord{6394ce7 742:com.android.systemui/u0a23} (pid=742, uid=10023) requires android.permission.READ_PHONE_STATE due to sender android (uid 1000)
12-13 11:17:04.706   560   882 I Telecom : PhoneStateBroadcaster: Broadcasted state change: 2: CSW.hCCC@AF4
12-13 11:17:04.706   560   882 I Telecom : TelecomWakeLock: WakeLock already released with id: 26: CSW.hCCC@AF4
12-13 11:17:04.706   560   882 I Telecom : InCallWakeLockController: Releasing full wake lock: CSW.hCCC@AF4
12-13 11:17:04.706   560   882 I Telecom : InCallController: Sending updateCall [TC@1, DIALING, com.android.phone/com.android.services.telephony.TelephonyConnectionService, tel:***********, A, childs(0), has_parent(false), [Capabilities: CAPABILITY_SUPPORT_HOLD CAPABILITY_MUTE CAPABILITY_CANNOT_DOWNGRADE_VIDEO_TO_AUDIO], [Properties:]]: CSW.hCCC@AF4
12-13 11:17:04.712   560   882 I Telecom : InCallController: Components updated: [ComponentInfo{com.android.dialer/com.android.incallui.InCallServiceImpl}]: CSW.hCCC@AF4
12-13 11:17:04.712   560   957 I Telecom : CallAudioRouteStateMachine: Message received: UPDATE_SYSTEM_AUDIO_ROUTE=1201, arg1=0: CSW.hCCC->CARSM.pM_UPDATE_SYSTEM_AUDIO_ROUTE@AF4_2
12-13 11:17:04.712   560   882 I Telecom : InCallController: Sending updateCall [TC@1, DIALING, com.android.phone/com.android.services.telephony.TelephonyConnectionService, tel:***********, A, childs(0), has_parent(false), [Capabilities: CAPABILITY_SUPPORT_HOLD CAPABILITY_MUTE CAPABILITY_CANNOT_DOWNGRADE_VIDEO_TO_AUDIO], [Properties:]]: CSW.hCCC@AF4
12-13 11:17:04.722   560   882 I Telecom : InCallController: Components updated: [ComponentInfo{com.android.dialer/com.android.incallui.InCallServiceImpl}]: CSW.hCCC@AF4
12-13 11:17:04.722   560   882 I Telecom : CallsManager: setCallState DIALING -> DIALING, call: [TC@1, DIALING, com.android.phone/com.android.services.telephony.TelephonyConnectionService, tel:***********, A, childs(0), has_parent(false), [Capabilities: CAPABILITY_SUPPORT_HOLD CAPABILITY_MUTE CAPABILITY_CANNOT_DOWNGRADE_VIDEO_TO_AUDIO], [Properties:]]: CSW.hCCC@AF4
12-13 11:17:04.722   560   957 I Telecom : CallAudioRouteStateMachine: setSystemAudioState: changing from [AudioState isMuted: false, route: EARPIECE, supportedRouteMask: EARPIECE, SPEAKER] to [AudioState isMuted: false, route: EARPIECE, supportedRouteMask: EARPIECE, SPEAKER]: CSW.hCCC->CARSM.pM_UPDATE_SYSTEM_AUDIO_ROUTE@AF4_2
12-13 11:17:04.722   560   957 I Telecom : InCallController: Calling onAudioStateChanged, audioState: [AudioState isMuted: false, route: EARPIECE, supportedRouteMask: EARPIECE, SPEAKER] -> [AudioState isMuted: false, route: EARPIECE, supportedRouteMask: EARPIECE, SPEAKER]: CSW.hCCC->CARSM.pM_UPDATE_SYSTEM_AUDIO_ROUTE@AF4_2
12-13 11:17:04.724   560   882 I Telecom : InCallController: Sending updateCall [TC@1, DIALING, com.android.phone/com.android.services.telephony.TelephonyConnectionService, tel:***********, A, childs(0), has_parent(false), [Capabilities: CAPABILITY_SUPPORT_HOLD CAPABILITY_MUTE CAPABILITY_CANNOT_DOWNGRADE_VIDEO_TO_AUDIO], [Properties:]]: CSW.sSH@AGE
12-13 11:17:04.750   560   882 I Telecom : InCallController: Components updated: [ComponentInfo{com.android.dialer/com.android.incallui.InCallServiceImpl}]: CSW.sSH@AGE
12-13 11:17:04.765   603   624 D gralloc_vbox86: gralloc_alloc: format 1 and usage 0x900 imply creation of host color buffer
12-13 11:17:04.765  2024  2046 D libEGL  : Emulator has host GPU support, qemu.gles is set to 1.
12-13 11:17:04.768  2024  2046 E libEGL  : load_driver(/system/lib/egl/libGLES_emulation.so): dlopen failed: library "/system/lib/egl/libGLES_emulation.so" not found
12-13 11:17:04.768  2024  2046 D libEGL  : loaded /system/lib/egl/libEGL_emulation.so
12-13 11:17:04.769  2024  2046 D libEGL  : loaded /system/lib/egl/libGLESv1_CM_emulation.so
12-13 11:17:04.778  2024  2046 D libEGL  : loaded /system/lib/egl/libGLESv2_emulation.so
12-13 11:17:04.804  2024  2046 D         : HostConnection::get() New Host Connection established 0xda4d6480, tid 2046
12-13 11:17:04.817   603   624 D gralloc_vbox86: gralloc_alloc: format 1 and usage 0x900 imply creation of host color buffer
12-13 11:17:04.845   603   624 D gralloc_vbox86: gralloc_alloc: format 1 and usage 0x900 imply creation of host color buffer
12-13 11:17:04.857  2024  2046 I OpenGLRenderer: Initialized EGL, version 1.4
12-13 11:17:04.857  2024  2046 D OpenGLRenderer: Swap behavior 1
12-13 11:17:04.921  2024  2024 I InCall  : CallList - onUpdate - [Call_0, CONNECTING, [Capabilities: CAPABILITY_SUPPORT_HOLD CAPABILITY_MUTE CAPABILITY_CANNOT_DOWNGRADE_VIDEO_TO_AUDIO], [Properties:], children:[], parent:null, conferenceable:[], videoState:Audio Only, mSessionModificationState:0, VideoSettings:(CameraDir:-1)]
12-13 11:17:04.921  2024  2024 I InCall  : InCallPresenter - Phone switching state: PENDING_OUTGOING -> PENDING_OUTGOING
12-13 11:17:04.921  2024  2024 I InCall  : CallList - onUpdate - [Call_0, CONNECTING, [Capabilities: CAPABILITY_SUPPORT_HOLD CAPABILITY_MUTE CAPABILITY_CANNOT_DOWNGRADE_VIDEO_TO_AUDIO], [Properties:], children:[], parent:null, conferenceable:[], videoState:Audio Only, mSessionModificationState:0, VideoSettings:(CameraDir:-1)]
12-13 11:17:04.921  2024  2024 I InCall  : InCallPresenter - Phone switching state: PENDING_OUTGOING -> PENDING_OUTGOING
12-13 11:17:04.921  2024  2024 I InCall  : CallList - onUpdate - [Call_0, CONNECTING, [Capabilities: CAPABILITY_SUPPORT_HOLD CAPABILITY_MUTE CAPABILITY_CANNOT_DOWNGRADE_VIDEO_TO_AUDIO], [Properties:], children:[], parent:null, conferenceable:[], videoState:Audio Only, mSessionModificationState:0, VideoSettings:(CameraDir:-1)]
12-13 11:17:04.921  2024  2024 I InCall  : InCallPresenter - Phone switching state: PENDING_OUTGOING -> PENDING_OUTGOING
12-13 11:17:04.922  2024  2024 I InCall  : CallList - onUpdate - [Call_0, CONNECTING, [Capabilities: CAPABILITY_SUPPORT_HOLD CAPABILITY_MUTE CAPABILITY_CANNOT_DOWNGRADE_VIDEO_TO_AUDIO], [Properties:], children:[], parent:null, conferenceable:[], videoState:Audio Only, mSessionModificationState:0, VideoSettings:(CameraDir:-1)]
12-13 11:17:04.922  2024  2024 I InCall  : InCallPresenter - Phone switching state: PENDING_OUTGOING -> PENDING_OUTGOING
12-13 11:17:04.972  2024  2046 E EGL_emulation: tid 2046: eglSurfaceAttrib(1174): error 0x3009 (EGL_BAD_MATCH)
12-13 11:17:04.972  2024  2046 W OpenGLRenderer: Failed to set EGL_SWAP_BEHAVIOR on surface 0xdcdce8a0, error=EGL_BAD_MATCH
12-13 11:17:05.085  2024  2024 I InCall  : CallList - onUpdate - [Call_0, DIALING, [Capabilities: CAPABILITY_SUPPORT_HOLD CAPABILITY_MUTE CAPABILITY_CANNOT_DOWNGRADE_VIDEO_TO_AUDIO], [Properties:], children:[], parent:null, conferenceable:[], videoState:Audio Only, mSessionModificationState:0, VideoSettings:(CameraDir:-1)]
12-13 11:17:05.085  2024  2024 I InCall  : InCallPresenter - Start in call UI
12-13 11:17:05.085  2024  2024 I InCall  : InCallPresenter - Showing InCallActivity
12-13 11:17:05.085   560  1294 I ActivityManager: START u0 {act=android.intent.action.MAIN flg=0x10040000 cmp=com.android.dialer/com.android.incallui.InCallActivity (has extras)} from uid 10008 on display 0
12-13 11:17:05.339  2024  2024 I InCall  : InCallPresenter - Phone switching state: PENDING_OUTGOING -> OUTGOING
12-13 11:17:05.339  2024  2024 D AccelerometerListener: enable(true)
12-13 11:17:05.340   560   716 D Sensors : batch handle 1, but there is no batch sensor in genymotion
12-13 11:17:05.341  2024  2024 I InCall  : ProximitySensor - ProximitySensor{keybrd=0, dpad=0, offhook=1, hor=0, ui=1, aud=EARPIECE}
12-13 11:17:05.341  2024  2024 I InCall  : ProximitySensor - Acquiring proximity wake lock
12-13 11:17:05.342   560   583 D Sensors : batch handle 10, but there is no batch sensor in genymotion
12-13 11:17:05.344  2024  2024 D CallerInfoUtils: modifyForSpecialCnapCases: initially, number=xxxxxxxxxxx, presentation=1 ci com.android.incallui.CallerInfo@528f467 { name null, phoneNumber null }
12-13 11:17:05.344  2024  2024 D CallerInfoUtils: SpecialCnap: number=xxxxxxxxxxx; presentation now=1
12-13 11:17:05.344  2024  2024 D CallerInfoUtils: modifyForSpecialCnapCases: returning number string=xxxxxxxxxxx
12-13 11:17:05.352  2024  2024 D CallerInfoUtils: ==> Actually starting CallerInfoAsyncQuery.startQuery()...
12-13 11:17:05.361   560   581 I ActivityManager: Displayed com.android.dialer/com.android.incallui.InCallActivity: +932ms (total +1s456ms)
12-13 11:17:05.392  2024  2024 I InCall  : StatusBarNotifier - Displaying notification for 1
12-13 11:17:05.400   560   560 D ZenLog  : intercepted: 0|com.android.dialer|1|null|10008,alarmsOnly
12-13 11:17:05.400   560   560 V NotificationService: pkg=com.android.dialer canInterrupt=false intercept=true
12-13 11:17:05.463  2024  2024 D CallerInfoUtils: modifyForSpecialCnapCases: initially, number=xxxxxxxxxxx, presentation=1 ci com.android.incallui.CallerInfo@af666d2 { name null, phoneNumber null }
12-13 11:17:05.463  2024  2024 D CallerInfoUtils: SpecialCnap: number=xxxxxxxxxxx; presentation now=1
12-13 11:17:05.463  2024  2024 D CallerInfoUtils: modifyForSpecialCnapCases: returning number string=xxxxxxxxxxx
12-13 11:17:05.468   560   638 D ProximitySensor: proximity event 10.000000
12-13 11:17:05.489  2024  2024 I InCall  : ProximitySensor - ProximitySensor{keybrd=0, dpad=0, offhook=1, hor=0, ui=0, aud=EARPIECE}
12-13 11:17:05.489  2024  2024 I InCall  : ProximitySensor - Proximity wake lock already acquired
12-13 11:17:05.491  2024  2024 W InCall  : String - An instance of CircularRevealFragment already exists
12-13 11:17:05.491  2024  2024 I InCall  : InCallActivity - onResume()...
12-13 11:17:05.497  2024  2024 I InCall  : ProximitySensor - ProximitySensor{keybrd=0, dpad=0, offhook=1, hor=0, ui=1, aud=EARPIECE}
12-13 11:17:05.497  2024  2024 I InCall  : ProximitySensor - Proximity wake lock already acquired
12-13 11:17:05.511  2024  2024 I InCall  : StatusBarNotifier - Displaying notification for 1
12-13 11:17:05.519   560   560 V NotificationService: pkg=com.android.dialer canInterrupt=false intercept=true
12-13 11:17:06.788  1720  1720 D MonkeyStub: translateCommand: tap 551 1592
12-13 11:17:06.896  2024  2024 I InCall  : CallCardPresenter - Disconnecting call: [Call_0, DIALING, [Capabilities: CAPABILITY_SUPPORT_HOLD CAPABILITY_MUTE CAPABILITY_CANNOT_DOWNGRADE_VIDEO_TO_AUDIO], [Properties:], children:[], parent:null, conferenceable:[], videoState:Audio Only, mSessionModificationState:0, VideoSettings:(CameraDir:-1)]
12-13 11:17:06.898  2024  2024 I InCall  : CallList - onUpdate - [Call_0, DISCONNECTING, [Capabilities: CAPABILITY_SUPPORT_HOLD CAPABILITY_MUTE CAPABILITY_CANNOT_DOWNGRADE_VIDEO_TO_AUDIO], [Properties:], children:[], parent:null, conferenceable:[], videoState:Audio Only, mSessionModificationState:0, VideoSettings:(CameraDir:-1)]
12-13 11:17:06.898  2024  2024 I InCall  : InCallPresenter - Phone switching state: OUTGOING -> INCALL
12-13 11:17:06.898  2024  2024 D AccelerometerListener: enable(false)
12-13 11:17:06.899   560   944 D Sensors : batch handle 1, but there is no batch sensor in genymotion
12-13 11:17:06.900  2024  2024 I InCall  : ProximitySensor - ProximitySensor{keybrd=0, dpad=0, offhook=0, hor=0, ui=1, aud=EARPIECE}
12-13 11:17:06.900  2024  2024 I InCall  : ProximitySensor - Releasing proximity wake lock
12-13 11:17:06.972   560  1294 I Telecom : Event: Call TC@1: REQUEST_DISCONNECT, null: ICA.dC(InCall package: com.android.dialer)@AG4
12-13 11:17:06.972   560  1294 I Telecom : Call: Send disconnect to connection service for call: [TC@1, DIALING, com.android.phone/com.android.services.telephony.TelephonyConnectionService, tel:***********, A, childs(0), has_parent(false), [Capabilities: CAPABILITY_SUPPORT_HOLD CAPABILITY_MUTE CAPABILITY_CANNOT_DOWNGRADE_VIDEO_TO_AUDIO], [Properties:]]: ICA.dC(InCall package: com.android.dialer)@AG4
12-13 11:17:07.012   560   944 I Telecom : InCallController: Sending updateCall [TC@1, DIALING, com.android.phone/com.android.services.telephony.TelephonyConnectionService, tel:***********, A, childs(0), has_parent(false), [Capabilities: CAPABILITY_SUPPORT_HOLD CAPABILITY_MUTE CAPABILITY_CANNOT_DOWNGRADE_VIDEO_TO_AUDIO], [Properties:]]: CSW.sSH@AG8
12-13 11:17:07.056   847  2063 D CallNotifier: SignalInfoTonePlayer.run(toneId = 98)...
12-13 11:17:07.067   560   944 I Telecom : InCallController: Components updated: [ComponentInfo{com.android.dialer/com.android.incallui.InCallServiceImpl}]: CSW.sSH@AG8
12-13 11:17:07.069   560   944 I Telecom : InCallController: Sending updateCall [TC@1, DIALING, com.android.phone/com.android.services.telephony.TelephonyConnectionService, tel:***********, A, childs(0), has_parent(false), [Capabilities: CAPABILITY_SUPPORT_HOLD CAPABILITY_MUTE CAPABILITY_CANNOT_DOWNGRADE_VIDEO_TO_AUDIO], [Properties:]]: CSW.sCC@AHA
12-13 11:17:07.107   560   944 I Telecom : InCallController: Components updated: [ComponentInfo{com.android.dialer/com.android.incallui.InCallServiceImpl}]: CSW.sCC@AHA
12-13 11:17:07.111   560   944 I Telecom : InCallController: Sending updateCall [TC@1, DIALING, com.android.phone/com.android.services.telephony.TelephonyConnectionService, tel:***********, A, childs(0), has_parent(false), [Capabilities: CAPABILITY_SUPPORT_HOLD CAPABILITY_MUTE CAPABILITY_CANNOT_DOWNGRADE_VIDEO_TO_AUDIO], [Properties:]]: CSW.sCC@AHE
12-13 11:17:07.154   847  2063 D AudioTrack: Client defaulted notificationFrames to 512 for frameCount 1024
12-13 11:17:07.168   847  2063 D CallNotifier: CallNotifier: mSignalInfoToneGenerator created when toneplay
12-13 11:17:07.182   560   944 I Telecom : InCallController: Components updated: [ComponentInfo{com.android.dialer/com.android.incallui.InCallServiceImpl}]: CSW.sCC@AHE
12-13 11:17:07.183   560   944 I Telecom : CallsManager: setCallState DIALING -> DISCONNECTED, call: [TC@1, DIALING, com.android.phone/com.android.services.telephony.TelephonyConnectionService, tel:***********, A, childs(0), has_parent(false), [Capabilities: CAPABILITY_SUPPORT_HOLD CAPABILITY_MUTE CAPABILITY_CANNOT_DOWNGRADE_VIDEO_TO_AUDIO], [Properties:]]: CSW.sDc@AHI
12-13 11:17:07.183   560   944 I Telecom : Event: Call TC@1: SET_DISCONNECTED, disconnected set explicitly> DisconnectCause [ Code: (LOCAL) Label: () Description: () Reason: (LOCAL) Tone: (27) ]: CSW.sDc@AHI
12-13 11:17:07.184   560   944 I Telecom : InCallController: onCanAddCallChanged : true: CSW.sDc@AHI
12-13 11:17:07.186   560   957 I Telecom : CallAudioRouteStateMachine: Message received: UPDATE_SYSTEM_AUDIO_ROUTE=1201, arg1=0: CSW.sDc->CARSM.pM_UPDATE_SYSTEM_AUDIO_ROUTE@AHI_0
12-13 11:17:07.190   560   966 I Telecom : CallAudioModeStateMachine: Message received: TONE_STARTED_PLAYING.: CSW.sDc->CAMSM.pM_3001@AHI_1
12-13 11:17:07.191   560   966 I Telecom : CallAudioModeStateMachine: Message received: NO_MORE_ACTIVE_OR_DIALING_CALLS.: CSW.sDc->CAMSM.pM_1001@AHI_3
12-13 11:17:07.191   560   560 D GpsNetInitiatedHandler: onCallStateChanged(): state is 0
12-13 11:17:07.191   560   966 I Telecom : CallAudioModeStateMachine: Audio focus entering TONE/HOLDING state: CSW.sDc->CAMSM.pM_1001@AHI_3
12-13 11:17:07.191   560   966 I MediaFocusControl:  AudioFocus  requestAudioFocus() from uid/pid 1000/560 clientId=AudioFocus_For_Phone_Ring_And_Calls req=2 flags=0x4
12-13 11:17:07.200   560   574 W BroadcastQueue: Permission Denial: receiving Intent { act=android.intent.action.PHONE_STATE flg=0x10 (has extras) } to ProcessRecord{6394ce7 742:com.android.systemui/u0a23} (pid=742, uid=10023) requires android.permission.READ_PHONE_STATE due to sender android (uid 1000)
12-13 11:17:07.201   560   944 I Telecom : PhoneStateBroadcaster: Broadcasted state change: 0: CSW.sDc@AHI
12-13 11:17:07.201   560   944 I Telecom : CallLogManager: Country cache is null. Detecting Country and Setting Cache...: CSW.sDc@AHI
12-13 11:17:07.225   560   944 W ContextImpl: Calling a method in the system process without a qualified user: android.app.ContextImpl.sendBroadcast:892 android.content.ContextWrapper.sendBroadcast:426 com.android.server.telecom.CallLogManager.sendAddCallBroadcast:426 com.android.server.telecom.CallLogManager.logCall:273 com.android.server.telecom.CallLogManager.logCall:220 
12-13 11:17:07.226   560   944 I Telecom : TelecomWakeLock: WakeLock already released with id: 26: CSW.sDc@AHI
12-13 11:17:07.226   560   944 I Telecom : InCallWakeLockController: Releasing full wake lock: CSW.sDc@AHI
12-13 11:17:07.226   560   944 I Telecom : InCallController: Sending updateCall [TC@1, DISCONNECTED, com.android.phone/com.android.services.telephony.TelephonyConnectionService, tel:***********, A, childs(0), has_parent(false), [Capabilities: CAPABILITY_SUPPORT_HOLD CAPABILITY_MUTE CAPABILITY_CANNOT_DOWNGRADE_VIDEO_TO_AUDIO], [Properties:]]: CSW.sDc@AHI
12-13 11:17:07.229   560   944 I Telecom : InCallController: Components updated: [ComponentInfo{com.android.dialer/com.android.incallui.InCallServiceImpl}]: CSW.sDc@AHI
12-13 11:17:07.230   560   957 I Telecom : CallAudioRouteStateMachine: setSystemAudioState: changing from [AudioState isMuted: false, route: EARPIECE, supportedRouteMask: EARPIECE, SPEAKER] to [AudioState isMuted: false, route: EARPIECE, supportedRouteMask: EARPIECE, SPEAKER]: CSW.sDc->CARSM.pM_UPDATE_SYSTEM_AUDIO_ROUTE@AHI_0
12-13 11:17:07.230   560   957 I Telecom : InCallController: Calling onAudioStateChanged, audioState: [AudioState isMuted: false, route: EARPIECE, supportedRouteMask: EARPIECE, SPEAKER] -> [AudioState isMuted: false, route: EARPIECE, supportedRouteMask: EARPIECE, SPEAKER]: CSW.sDc->CARSM.pM_UPDATE_SYSTEM_AUDIO_ROUTE@AHI_0
12-13 11:17:07.231   560   944 I Telecom : ConnectionServiceWrapper: Service unbound ComponentInfo{com.android.phone/com.android.services.telephony.TelephonyConnectionService}, from unbind.: CSW.rC@AHU
12-13 11:17:07.232   560   944 I Telecom : Event: Call TC@1: DESTROYED, null: CSW.rC@AHU
12-13 11:17:07.232   560   944 I Telecom : TelecomWakeLock: WakeLock already released with id: 26: CSW.rC@AHU
12-13 11:17:07.232   560   944 I Telecom : InCallWakeLockController: Releasing full wake lock: CSW.rC@AHU
12-13 11:17:07.233   560   944 I Telecom : ProximitySensorManager: All calls removed, resetting proximity sensor to default state: CSW.rC@AHU
12-13 11:17:07.233   560   944 I Telecom : TelecomWakeLock: WakeLock already released with id: 32: CSW.rC@AHU
12-13 11:17:07.233   560   944 I Telecom : InCallController: onCallRemoved: [TC@1, DISCONNECTED, null, tel:***********, A, childs(0), has_parent(false), [Capabilities: CAPABILITY_SUPPORT_HOLD CAPABILITY_MUTE CAPABILITY_CANNOT_DOWNGRADE_VIDEO_TO_AUDIO], [Properties:]]: CSW.rC@AHU
12-13 11:17:07.272  1742  1881 E ContactLoader: loadInBackground=content://com.android.contacts/contacts/lookup/0r1-3B453743294F372943/1
12-13 11:17:07.316  1742  1742 I ContactLoader: Registering content observer for content://com.android.contacts/contacts/lookup/0r1-3B453743294F372943/1
12-13 11:17:07.351   560   574 I ActivityManager: Start proc 2072:com.android.calllogbackup/u0a1 for broadcast com.android.calllogbackup/.CallLogChangeReceiver
12-13 11:17:07.353  2072  2072 W art     : Unexpected CPU variant for X86 using defaults: x86
12-13 11:17:07.433  2072  2072 W System  : ClassLoader referenced unknown path: /system/priv-app/CallLogBackup/lib/x86
12-13 11:17:07.449   560  2065 D AudioTrack: Client defaulted notificationFrames to 512 for frameCount 1024
12-13 11:17:07.453   560   957 I Telecom : CallAudioRouteStateMachine: Message received: SWITCH_FOCUS=4001, arg1=2: CSW.sDc->CAMSM.pM_1001->CARSM.pM_SWITCH_FOCUS@AHI_3_2
12-13 11:17:07.453   560   957 I Telecom : CallAudioRouteStateMachine: setNotificationsSuppressed: on=yes; suppressed=yes: CSW.sDc->CAMSM.pM_1001->CARSM.pM_SWITCH_FOCUS@AHI_3_2
12-13 11:17:07.486   269   287 D AudioFlinger: mixer(0xece838c0) throttle end: throttle time(7)
12-13 11:17:07.508  2024  2024 I InCall  : CallList - onDisconnect: [Call_0, DISCONNECTED, [Capabilities: CAPABILITY_SUPPORT_HOLD CAPABILITY_MUTE CAPABILITY_CANNOT_DOWNGRADE_VIDEO_TO_AUDIO], [Properties:], children:[], parent:null, conferenceable:[], videoState:Audio Only, mSessionModificationState:0, VideoSettings:(CameraDir:-1)]
12-13 11:17:07.508  2024  2024 I InCall  : InCallPresenter - Phone switching state: INCALL -> INCALL
12-13 11:17:07.558  2024  2024 I InCall  : CallList - onUpdate - [Call_0, DISCONNECTED, [Capabilities: CAPABILITY_SUPPORT_HOLD CAPABILITY_MUTE CAPABILITY_CANNOT_DOWNGRADE_VIDEO_TO_AUDIO], [Properties:], children:[], parent:null, conferenceable:[], videoState:Audio Only, mSessionModificationState:0, VideoSettings:(CameraDir:-1)]
12-13 11:17:07.558  2024  2024 I InCall  : InCallPresenter - Phone switching state: INCALL -> INCALL
12-13 11:17:07.577  2024  2024 I InCall  : CallList - onUpdate - [Call_0, DISCONNECTED, [Capabilities: CAPABILITY_SUPPORT_HOLD CAPABILITY_MUTE CAPABILITY_CANNOT_DOWNGRADE_VIDEO_TO_AUDIO], [Properties:], children:[], parent:null, conferenceable:[], videoState:Audio Only, mSessionModificationState:0, VideoSettings:(CameraDir:-1)]
12-13 11:17:07.577  2024  2024 I InCall  : InCallPresenter - Phone switching state: INCALL -> INCALL
12-13 11:17:07.617  2024  2024 W InCall  : CallList - Removing call not previously disconnected Call_0
12-13 11:17:07.698   560   966 I Telecom : CallAudioModeStateMachine: Message received: TONE_STOPPED_PLAYING.: CSW.sDc->ICTP.r->ICTP.cUTP->CAMSM.pM_3002@AHI_2_0_0
12-13 11:17:07.698   560   966 I Telecom : CallAudioModeStateMachine: Abandoning audio focus: now UNFOCUSED: CSW.sDc->ICTP.r->ICTP.cUTP->CAMSM.pM_3002@AHI_2_0_0
12-13 11:17:07.699   560   966 I MediaFocusControl:  AudioFocus  abandonAudioFocus() from uid/pid 1000/560 clientId=AudioFocus_For_Phone_Ring_And_Calls
12-13 11:17:07.732   560   957 I Telecom : CallAudioRouteStateMachine: Message received: SWITCH_FOCUS=4001, arg1=1: CSW.sDc->ICTP.r->ICTP.cUTP->CAMSM.pM_3002->CARSM.pM_SWITCH_FOCUS@AHI_2_0_0_2
12-13 11:17:07.732   560   957 I Telecom : Telecom: Non-call EVENT: UNMUTE, null: CSW.sDc->ICTP.r->ICTP.cUTP->CAMSM.pM_3002->CARSM.pM_SWITCH_FOCUS@AHI_2_0_0_2
12-13 11:17:07.733   560   957 I Telecom : Telecom: Non-call EVENT: AUDIO_ROUTE, Leaving state ActiveEarpieceRoute: CSW.sDc->ICTP.r->ICTP.cUTP->CAMSM.pM_3002->CARSM.pM_SWITCH_FOCUS@AHI_2_0_0_2
12-13 11:17:07.733   560   957 I Telecom : CallAudioRouteStateMachine: setNotificationsSuppressed: on=no; suppressed=yes: CSW.sDc->ICTP.r->ICTP.cUTP->CAMSM.pM_3002->CARSM.pM_SWITCH_FOCUS@AHI_2_0_0_2
12-13 11:17:07.737   560   957 D ZenLog  : config: setInterruptionFilter,ZenModeConfig[user=0,allowCalls=true,allowRepeatCallers=false,allowMessages=false,allowCallsFrom=contacts,allowMessagesFrom=contacts,allowReminders=true,allowEvents=true,allowWhenScreenOff=true,allowWhenScreenOn=true,automaticRules={9b162d6d58da46c196cb25b1b9d515d6=ZenRule[enabled=false,snoozing=false,name=Weekend,zenMode=ZEN_MODE_ALARMS,conditionId=condition://android/schedule?days=6.7&start=23.30&end=10.0&exitAtAlarm=false,condition=Condition[id=condition://android/schedule?days=6.7&start=23.30&end=10.0&exitAtAlarm=false,summary=...,line1=...,line2=...,icon=0,state=STATE_FALSE,flags=2],component=ComponentInfo{android/com.android.server.notification.ScheduleConditionProvider},id=9b162d6d58da46c196cb25b1b9d515d6,creationTime=1544717514822,enabler=null], b08e9cb77e9d4e1b95195d877fe3bce9=ZenRule[enabled=false,snoozing=false,name=Event,zenMode=ZEN_MODE_ALARMS,conditionId=condition://android/event?userId=-10000&calendar=&reply=1,condition=Condition[id=condition://android/event?userId=-10000&calendar=&reply=1,summary=...,line1=...,line2=...,icon=0,state=STATE_FALSE,flags=2],component=ComponentInfo{android/com.android.server.notification.EventConditionProvider},id=b08e9cb77e9d4e1b95195d877fe3bce9,creationTime=1544717514822,enabler=null], 976cf20a39984a09b339feb572483b2d=ZenRule[enabled=false,snoozing=false,name=Weeknight,zenMode=ZEN_MODE_ALARMS,conditionId=condition://android/schedule?days=1.2.3.4.5&start=22.0&end=7.0&exitAtAlarm=false,condition=Condition[id=condition://android/schedule?days=1.2.3.4.5&start=22.0&end=7.0&exitAtAlarm=false,summary=...,line1=...,line2=...,icon=0,state=STATE_FALSE,flags=2],component=ComponentInfo{android/com.android.server.notification.ScheduleConditionProvider},id=976cf20a39984a09b339feb572483b2d,creationTime=1544717514822,enabler=null]},manualRule=null],Diff[manualRule:delete]
12-13 11:17:07.737   560   957 I Telecom : Telecom: Non-call EVENT: AUDIO_ROUTE, Entering state QuiescentEarpieceRoute: CSW.sDc->ICTP.r->ICTP.cUTP->CAMSM.pM_3002->CARSM.pM_SWITCH_FOCUS@AHI_2_0_0_2
12-13 11:17:07.749   560   560 D ZenLog  : set_zen_mode: off,setInterruptionFilter
12-13 11:17:07.769   742   900 I vol.Events: writeEvent mute_changed STREAM_RING false
12-13 11:17:07.771   560   560 D ZenLog  : set_ringer_mode_internal: ZenModeHelper,i:silent->normal,e:silent->normal
12-13 11:17:07.771   742   900 I vol.Events: writeEvent mute_changed STREAM_SYSTEM false
12-13 11:17:07.771   742   900 I vol.Events: writeEvent internal_ringer_mode_changed normal
12-13 11:17:07.772  2024  2024 I InCall  : InCallPresenter - Hide in call UI: true
12-13 11:17:07.775  2024  2024 I InCall  : InCallActivity - finish().  Dialog showing: false
12-13 11:17:07.776   742   900 I vol.Events: writeEvent external_ringer_mode_changed normal
12-13 11:17:07.776   742   900 I vol.Events: writeEvent zen_mode_changed off
12-13 11:17:07.790  2024  2024 I InCall  : InCallPresenter - attemptCleanup? false
12-13 11:17:07.790  2024  2024 I InCall  : InCallPresenter - Phone switching state: INCALL -> NO_CALLS
12-13 11:17:07.851  2024  2024 I InCall  : InCallPresenter - Phone switching state: NO_CALLS -> NO_CALLS
12-13 11:17:07.852  2024  2024 I InCall  : InCallPresenter - Phone switching state: NO_CALLS -> NO_CALLS
12-13 11:17:07.853  2024  2024 I InCall  : ProximitySensor - ProximitySensor{keybrd=0, dpad=0, offhook=0, hor=0, ui=0, aud=EARPIECE}
12-13 11:17:07.853  2024  2024 I InCall  : ProximitySensor - Proximity wake lock already released
12-13 11:17:07.853  2024  2024 I InCall  : InCallPresenter - UI Destroyed
12-13 11:17:07.854  2024  2024 I InCall  : InCallPresenter - Phone switching state: NO_CALLS -> NO_CALLS
12-13 11:17:07.855  2024  2024 I InCall  : InCallPresenter - attemptCleanup? false
12-13 11:17:08.143   603  1158 D gralloc_vbox86: gralloc_alloc: format 1 and usage 0x333 imply creation of host color buffer
12-13 11:17:08.179   603   603 E EGL_emulation: tid 603: eglCreateSyncKHR(1669): error 0x3004 (EGL_BAD_ATTRIBUTE)
12-13 11:17:08.295  2024  2024 I Choreographer: Skipped 30 frames!  The application may be doing too much work on its main thread.
12-13 11:17:08.296  1742  1742 V SmsInteractionsLoader: SmsInteractionsLoader
12-13 11:17:08.296  1742  1881 V SmsInteractionsLoader: loadInBackground
12-13 11:17:08.298  2024  2024 I InCall  : InCallPresenter - Phone switching state: NO_CALLS -> NO_CALLS
12-13 11:17:08.331  1742  2016 V CalendarInteractionsLoader: # ContactInteraction Loaded: 0
12-13 11:17:08.405  2024  2024 I InCall  : InCallPresenter - No InCallActivity currently set, no need to unset.
12-13 11:17:08.651   847  1494 V VvmTaskScheduler: executing task com.android.phone.vvm.omtp.ActivationTask@52b6de6
