12-13 11:17:08.663   847  1494 I VvmActivationTask: VVM content provider configured - vvm_type_cvvm
12-13 11:17:08.663   847  1494 I OmtpVvmCarrierCfgHlpr: OmtpEvent:CONFIG_ACTIVATING
12-13 11:17:08.676   847  1494 V OmtpMessageSender: Sending BINARY sms 'Activate:dt=15' to 122:1808
12-13 11:17:08.684   268   307 D baseband-sms: newsms
12-13 11:17:08.684   268   307 D baseband-sms: sender:(N/A)
12-13 11:17:08.684   268   307 D baseband-sms: receiver:122
12-13 11:17:09.236   560   560 I Telecom : EmergencyInCallServiceConnection: Disconnect forced!: CSW.rC->ICC.oCR@AHU_0
12-13 11:17:09.238  2024  2024 I InCall  : InCallPresenter - setBoundAndWaitingForOutgoingCall: false
12-13 11:17:09.238  2024  2024 I InCall  : InCallPresenter - Phone switching state: NO_CALLS -> NO_CALLS
12-13 11:17:09.238  2024  2024 I InCall  : InCallPresenter - attemptCleanup? true
12-13 11:17:09.238  2024  2024 D AccelerometerListener: enable(false)
12-13 11:17:09.238  2024  2024 I InCall  : ProximitySensor - Proximity wake lock already released
12-13 11:17:09.241   560  1294 I ActivityManager: Killing 1297:com.android.provision/u0a18 (adj 906): empty #17
12-13 11:17:09.280   560   571 D ActivityManager: cleanUpApplicationRecord -- 1297
12-13 11:17:09.801  1720  1720 D MonkeyStub: translateCommand: tap 975 1272
12-13 11:17:09.820   560   937 I ActivityManager: START u0 {act=android.intent.action.SENDTO dat=smsto:xxxxx-xxx-xxxx flg=0x10000000 cmp=com.android.messaging/.ui.conversation.LaunchConversationActivity} from uid 10005 on display 0
12-13 11:17:09.924  1742  2016 E ContactLoader: loadInBackground=content://com.android.contacts/contacts/lookup/0r1-3B453743294F372943/1
12-13 11:17:10.038  1742  1742 I ContactLoader: Registering content observer for content://com.android.contacts/contacts/lookup/0r1-3B453743294F372943/1
12-13 11:17:10.101   560   944 I ActivityManager: START u0 {act=android.intent.action.MAIN cat=[android.intent.category.LAUNCHER] flg=0x1000c000 cmp=com.android.messaging/.ui.conversationlist.ConversationListActivity} from uid 10061 on display 0
12-13 11:17:10.115   560   944 I ActivityManager: START u0 {flg=0x14000000 cmp=com.android.messaging/.ui.conversation.ConversationActivity (has extras)} from uid 10061 on display 0
12-13 11:17:10.123  1742  1742 V SmsInteractionsLoader: SmsInteractionsLoader
12-13 11:17:10.123  1742  2016 V SmsInteractionsLoader: loadInBackground
12-13 11:17:10.157  1742  1871 V CalendarInteractionsLoader: # ContactInteraction Loaded: 0
12-13 11:17:10.318   603  1146 D gralloc_vbox86: gralloc_alloc: format 1 and usage 0x333 imply creation of host color buffer
12-13 11:17:10.328   560   571 D         : HostConnection::get() New Host Connection established 0xc4059fc0, tid 571
12-13 11:17:10.390   603   603 E EGL_emulation: tid 603: eglCreateSyncKHR(1669): error 0x3004 (EGL_BAD_ATTRIBUTE)
12-13 11:17:10.584   560   581 W art     : Long monitor contention with owner Binder:560_1 (571) at android.graphics.Bitmap com.android.server.wm.WindowManagerService.screenshotApplicationsInner(android.os.IBinder, int, int, int, boolean, float, android.graphics.Bitmap$Config, boolean)(WindowManagerService.java:6462) waiters=0 in android.os.IBinder com.android.server.wm.WindowManagerService$LocalService.getFocusedWindowToken() for 334ms
12-13 11:17:10.590   603   606 D gralloc_vbox86: gralloc_alloc: format 1 and usage 0x933 imply creation of host color buffer
12-13 11:17:10.790  1619  1619 D MessagingApp: DraftMessageData: loading for conversationId=1
12-13 11:17:10.862  1619  1619 D         : HostConnection::get() New Host Connection established 0xc9ceeb40, tid 1619
12-13 11:17:10.871  1619  1619 W         : Process pipe failed
12-13 11:17:11.152   270   813 V EmulatedCamera_Camera: getCameraInfo
12-13 11:17:11.152   270   813 V EmulatedCamera_BaseCamera: getCameraInfo
12-13 11:17:11.154   270   270 V EmulatedCamera_Camera: getCameraInfo
12-13 11:17:11.154   270   270 V EmulatedCamera_BaseCamera: getCameraInfo
12-13 11:17:11.165  1619  2103 D MessagingApp: ReadDraftMessage: created draft. conversationId=1 selfId=1
12-13 11:17:11.185   603  1158 D gralloc_vbox86: gralloc_alloc: format 1 and usage 0x900 imply creation of host color buffer
12-13 11:17:11.185  1619  2100 D libEGL  : Emulator has host GPU support, qemu.gles is set to 1.
12-13 11:17:11.186  1619  2100 E libEGL  : load_driver(/system/lib/egl/libGLES_emulation.so): dlopen failed: library "/system/lib/egl/libGLES_emulation.so" not found
12-13 11:17:11.188  1619  2100 D libEGL  : loaded /system/lib/egl/libEGL_emulation.so
12-13 11:17:11.199  1619  2100 D libEGL  : loaded /system/lib/egl/libGLESv1_CM_emulation.so
12-13 11:17:11.202   603  1158 D gralloc_vbox86: gralloc_alloc: format 1 and usage 0x900 imply creation of host color buffer
12-13 11:17:11.218  1619  2100 D libEGL  : loaded /system/lib/egl/libGLESv2_emulation.so
12-13 11:17:11.232  1619  2100 D         : HostConnection::get() New Host Connection established 0xc99eae40, tid 2100
12-13 11:17:11.233   603  1158 D gralloc_vbox86: gralloc_alloc: format 1 and usage 0x900 imply creation of host color buffer
12-13 11:17:11.245   560   581 I Choreographer: Skipped 39 frames!  The application may be doing too much work on its main thread.
12-13 11:17:11.257  1619  2100 I OpenGLRenderer: Initialized EGL, version 1.4
12-13 11:17:11.257  1619  2100 D OpenGLRenderer: Swap behavior 1
12-13 11:17:11.388  1619  2100 E EGL_emulation: tid 2100: eglSurfaceAttrib(1174): error 0x3009 (EGL_BAD_MATCH)
12-13 11:17:11.388  1619  2100 W OpenGLRenderer: Failed to set EGL_SWAP_BEHAVIOR on surface 0xc90afee0, error=EGL_BAD_MATCH
12-13 11:17:11.892   560  1294 W art     : Long monitor contention with owner android.display (581) at void com.android.server.wm.WindowAnimator$1.doFrame(long)(WindowAnimator.java:144) waiters=1 in void com.android.server.wm.WindowManagerService.finishDrawingWindow(com.android.server.wm.Session, android.view.IWindow) for 126ms
12-13 11:17:12.000  1619  1619 W ViewPager: Requested offscreen page limit 0 too small; defaulting to 1
12-13 11:17:12.003  1619  1619 W ViewPager: Requested offscreen page limit 0 too small; defaulting to 1
12-13 11:17:12.006  1619  2107 I MessagingAppDataModel: SyncMessagesAction: Starting batch for messages from 1544717569840 to 1544717830781 (message update limit = 80, message scan limit = 4000)
12-13 11:17:12.023   560   581 I ActivityManager: Displayed com.android.messaging/.ui.conversation.ConversationActivity: +1s774ms (total +2s118ms)
12-13 11:17:12.055  1619  1619 D MessagingApp: DraftMessageData: draft loaded. conversationId=1 selfId=1
12-13 11:17:12.078  1619  1619 I Choreographer: Skipped 41 frames!  The application may be doing too much work on its main thread.
12-13 11:17:12.203  1619  2108 I MessagingAppDataModel: SyncMessagesAction: All messages now in sync
12-13 11:17:14.807  1720  1720 D MonkeyStub: translateCommand: tap 846 1863
12-13 11:17:14.861   560   937 I ActivityManager: START u0 {flg=0x10804000 cmp=com.android.systemui/.recents.RecentsActivity} from uid 10023 on display 0
12-13 11:17:14.925   603   604 D gralloc_vbox86: gralloc_alloc: format 1 and usage 0x333 imply creation of host color buffer
12-13 11:17:14.979   603   603 E EGL_emulation: tid 603: eglCreateSyncKHR(1669): error 0x3004 (EGL_BAD_ATTRIBUTE)
12-13 11:17:15.199   560   574 W art     : Long monitor contention with owner Binder:560_5 (937) at int com.android.server.am.ActivityStarter.startActivityMayWait(android.app.IApplicationThread, int, java.lang.String, android.content.Intent, java.lang.String, android.service.voice.IVoiceInteractionSession, com.android.internal.app.IVoiceInteractor, android.os.IBinder, java.lang.String, int, int, android.app.ProfilerInfo, android.app.IActivityManager$WaitResult, android.content.res.Configuration, android.os.Bundle, boolean, int, android.app.IActivityContainer, com.android.server.am.TaskRecord)(ActivityStarter.java:765) waiters=0 in void com.android.server.am.ActivityManagerService$MainHandler.handleMessage(android.os.Message) for 315ms
12-13 11:17:15.714   603   604 D gralloc_vbox86: gralloc_alloc: format 1 and usage 0x900 imply creation of host color buffer
12-13 11:17:15.729   603   604 D gralloc_vbox86: gralloc_alloc: format 1 and usage 0x900 imply creation of host color buffer
12-13 11:17:15.751   603   604 D gralloc_vbox86: gralloc_alloc: format 1 and usage 0x900 imply creation of host color buffer
12-13 11:17:15.784   742   974 E EGL_emulation: tid 974: eglSurfaceAttrib(1174): error 0x3009 (EGL_BAD_MATCH)
12-13 11:17:15.784   742   974 W OpenGLRenderer: Failed to set EGL_SWAP_BEHAVIOR on surface 0xc627f000, error=EGL_BAD_MATCH
12-13 11:17:16.169   603   604 D gralloc_vbox86: gralloc_alloc: format 1 and usage 0x933 imply creation of host color buffer
12-13 11:17:16.208   268   307 D baseband-sms: index:1/1
12-13 11:17:16.208   268   307 D baseband-sms: txt:'FQKf.Σ:etΔ#W'
12-13 11:17:16.212   847   847 D VvmStatusSmsFetcher: Request SMS successfully sent
12-13 11:17:16.311   560   581 I ActivityManager: Displayed com.android.systemui/.recents.RecentsActivity: +1s115ms
12-13 11:17:17.816  1720  1720 D MonkeyStub: translateCommand: tap 846 1863
12-13 11:17:17.882   560   937 E ActivityManager: applyOptionsLocked: Unknown animationType=0
12-13 11:17:17.940  1742  1742 I ContactLoader: Registering content observer for content://com.android.contacts/contacts/lookup/0r1-3B453743294F372943/1
12-13 11:17:17.947  1742  1742 V SmsInteractionsLoader: SmsInteractionsLoader
12-13 11:17:17.948  1742  1871 V SmsInteractionsLoader: loadInBackground
12-13 11:17:18.006   603   606 D gralloc_vbox86: gralloc_alloc: format 1 and usage 0x900 imply creation of host color buffer
12-13 11:17:18.037  1742  1881 V CalendarInteractionsLoader: # ContactInteraction Loaded: 0
12-13 11:17:18.039   603   606 D gralloc_vbox86: gralloc_alloc: format 1 and usage 0x900 imply creation of host color buffer
12-13 11:17:18.088   603   606 D gralloc_vbox86: gralloc_alloc: format 1 and usage 0x900 imply creation of host color buffer
12-13 11:17:18.121  1742  1768 E EGL_emulation: tid 1768: eglSurfaceAttrib(1174): error 0x3009 (EGL_BAD_MATCH)
12-13 11:17:18.121  1742  1768 W OpenGLRenderer: Failed to set EGL_SWAP_BEHAVIOR on surface 0xc2de59a0, error=EGL_BAD_MATCH
12-13 11:17:18.196   603  1146 D gralloc_vbox86: gralloc_alloc: format 1 and usage 0x933 imply creation of host color buffer
12-13 11:17:18.295   603  1158 D gralloc_vbox86: gralloc_alloc: format 1 and usage 0x933 imply creation of host color buffer
12-13 11:17:18.372   560   581 W art     : Long monitor contention with owner Binder:560_6 (944) at int com.android.server.wm.WindowManagerService.relayoutWindow(com.android.server.wm.Session, android.view.IWindow, int, android.view.WindowManager$LayoutParams, int, int, int, int, android.graphics.Rect, android.graphics.Rect, android.graphics.Rect, android.graphics.Rect, android.graphics.Rect, android.graphics.Rect, android.graphics.Rect, android.content.res.Configuration, android.view.Surface)(WindowManagerService.java:2850) waiters=0 in void com.android.server.wm.WindowManagerService$H.handleMessage(android.os.Message) for 199ms
12-13 11:17:18.372   603   606 D gralloc_vbox86: gralloc_alloc: format 1 and usage 0x900 imply creation of host color buffer
12-13 11:17:18.373   560   571 W art     : Long monitor contention with owner Binder:560_6 (944) at int com.android.server.wm.WindowManagerService.relayoutWindow(com.android.server.wm.Session, android.view.IWindow, int, android.view.WindowManager$LayoutParams, int, int, int, int, android.graphics.Rect, android.graphics.Rect, android.graphics.Rect, android.graphics.Rect, android.graphics.Rect, android.graphics.Rect, android.graphics.Rect, android.content.res.Configuration, android.view.Surface)(WindowManagerService.java:2850) waiters=1 in void com.android.server.wm.WindowManagerService.statusBarVisibilityChanged(int) for 199ms
12-13 11:17:18.403   603   606 D gralloc_vbox86: gralloc_alloc: format 1 and usage 0x900 imply creation of host color buffer
12-13 11:17:18.426   603   606 D gralloc_vbox86: gralloc_alloc: format 1 and usage 0x900 imply creation of host color buffer
12-13 11:17:18.456  1742  1768 E EGL_emulation: tid 1768: eglSurfaceAttrib(1174): error 0x3009 (EGL_BAD_MATCH)
12-13 11:17:18.456  1742  1768 W OpenGLRenderer: Failed to set EGL_SWAP_BEHAVIOR on surface 0xc80ff9e0, error=EGL_BAD_MATCH
12-13 11:17:18.664  1742  1742 I Choreographer: Skipped 42 frames!  The application may be doing too much work on its main thread.
12-13 11:17:20.824  1720  1720 D MonkeyStub: translateCommand: press KEYCODE_BACK
12-13 11:17:23.832  1720  1720 D MonkeyStub: translateCommand: tap 432 656
12-13 11:17:23.941   560   716 I ActivityManager: START u0 {act=android.provider.action.QUICK_CONTACT dat=content://com.android.contacts/contacts/lookup/0r1-3B453743294F372943/1 flg=0x4000000 pkg=com.android.contacts cmp=com.android.contacts/.quickcontact.QuickContactActivity (has extras)} from uid 10005 on display 0
12-13 11:17:24.018  1742  1871 E ContactLoader: loadInBackground=content://com.android.contacts/contacts/lookup/0r1-3B453743294F372943/1
12-13 11:17:24.127   603   624 D gralloc_vbox86: gralloc_alloc: format 1 and usage 0x900 imply creation of host color buffer
12-13 11:17:24.154   603   624 D gralloc_vbox86: gralloc_alloc: format 1 and usage 0x900 imply creation of host color buffer
12-13 11:17:24.184   603   624 D gralloc_vbox86: gralloc_alloc: format 1 and usage 0x900 imply creation of host color buffer
12-13 11:17:24.245  1742  1768 E EGL_emulation: tid 1768: eglSurfaceAttrib(1174): error 0x3009 (EGL_BAD_MATCH)
12-13 11:17:24.245  1742  1768 W OpenGLRenderer: Failed to set EGL_SWAP_BEHAVIOR on surface 0xc2de5220, error=EGL_BAD_MATCH
12-13 11:17:24.267  1742  2016 E ContactLoader: loadInBackground=content://com.android.contacts/contacts/lookup/0r1-3B453743294F372943/1
12-13 11:17:24.441   560   581 I ActivityManager: Displayed com.android.contacts/.quickcontact.QuickContactActivity: +438ms
12-13 11:17:24.520  1742  1742 I ContactLoader: Registering content observer for content://com.android.contacts/contacts/lookup/0r1-3B453743294F372943/1
12-13 11:17:24.721  1742  1742 V SmsInteractionsLoader: SmsInteractionsLoader
12-13 11:17:24.721  1742  2016 V SmsInteractionsLoader: loadInBackground
12-13 11:17:24.746  1742  1871 V CalendarInteractionsLoader: # ContactInteraction Loaded: 0
12-13 11:17:26.836  1720  1720 D MonkeyStub: translateCommand: tap 1023 133
12-13 11:17:26.913   269   287 D AudioFlinger: mixer(0xece838c0) throttle end: throttle time(1)
12-13 11:17:26.991   603   604 D gralloc_vbox86: gralloc_alloc: format 1 and usage 0x900 imply creation of host color buffer
12-13 11:17:27.007   603   604 D gralloc_vbox86: gralloc_alloc: format 1 and usage 0x900 imply creation of host color buffer
12-13 11:17:27.021   603   604 D gralloc_vbox86: gralloc_alloc: format 1 and usage 0x900 imply creation of host color buffer
12-13 11:17:27.056  1742  1768 E EGL_emulation: tid 1768: eglSurfaceAttrib(1174): error 0x3009 (EGL_BAD_MATCH)
12-13 11:17:27.057  1742  1768 W OpenGLRenderer: Failed to set EGL_SWAP_BEHAVIOR on surface 0xc2de5a00, error=EGL_BAD_MATCH
12-13 11:17:29.841  1720  1720 D MonkeyStub: translateCommand: tap 790 125
12-13 11:17:30.245   603   606 D gralloc_vbox86: gralloc_alloc: format 1 and usage 0x900 imply creation of host color buffer
12-13 11:17:30.253   603   606 D gralloc_vbox86: gralloc_alloc: format 1 and usage 0x900 imply creation of host color buffer
12-13 11:17:30.259   603   606 D gralloc_vbox86: gralloc_alloc: format 1 and usage 0x900 imply creation of host color buffer
12-13 11:17:30.276  1742  1768 E EGL_emulation: tid 1768: eglSurfaceAttrib(1174): error 0x3009 (EGL_BAD_MATCH)
12-13 11:17:30.276  1742  1768 W OpenGLRenderer: Failed to set EGL_SWAP_BEHAVIOR on surface 0xc2de5a80, error=EGL_BAD_MATCH
12-13 11:17:30.413  1742  1768 D OpenGLRenderer: endAllActiveAnimators on 0xc7f5de80 (MenuPopupWindow$MenuDropDownListView) with handle 0xc2dd6a30
12-13 11:17:32.850  1720  1720 D MonkeyStub: translateCommand: tap 670 996
12-13 11:17:33.128   560   716 W InputMethodManagerService: Window already focused, ignoring focus gain of: com.android.internal.view.IInputMethodClient$Stub$Proxy@f841811 attribute=null, token = android.os.BinderProxy@5e700c8
12-13 11:17:33.223   603   606 D gralloc_vbox86: gralloc_alloc: format 1 and usage 0x900 imply creation of host color buffer
12-13 11:17:33.238   603   606 D gralloc_vbox86: gralloc_alloc: format 1 and usage 0x900 imply creation of host color buffer
12-13 11:17:33.247   603   606 D gralloc_vbox86: gralloc_alloc: format 1 and usage 0x900 imply creation of host color buffer
12-13 11:17:33.273  1742  1768 E EGL_emulation: tid 1768: eglSurfaceAttrib(1174): error 0x3009 (EGL_BAD_MATCH)
12-13 11:17:33.273  1742  1768 W OpenGLRenderer: Failed to set EGL_SWAP_BEHAVIOR on surface 0xc2de54c0, error=EGL_BAD_MATCH
12-13 11:17:33.366  1742  1881 E ContactLoader: loadInBackground=content://com.android.contacts/contacts/lookup/0r1-3B453743294F372943/1
12-13 11:17:35.855  1720  1720 D MonkeyStub: translateCommand: tap 846 1863
12-13 11:17:35.889   560   716 I ActivityManager: START u0 {flg=0x10804000 cmp=com.android.systemui/.recents.RecentsActivity} from uid 10023 on display 0
12-13 11:17:35.941   603   604 D gralloc_vbox86: gralloc_alloc: format 1 and usage 0x333 imply creation of host color buffer
12-13 11:17:35.960   560   716 D         : HostConnection::get() New Host Connection established 0xc8f5bac0, tid 716
12-13 11:17:36.012   603   603 E EGL_emulation: tid 603: eglCreateSyncKHR(1669): error 0x3004 (EGL_BAD_ATTRIBUTE)
12-13 11:17:36.410   560   560 W WindowManager: Attempted to remove non-existing token: android.os.Binder@40220aa
12-13 11:17:36.434   560   574 W art     : Long monitor contention with owner Binder:560_3 (716) at int com.android.server.am.ActivityStarter.startActivityMayWait(android.app.IApplicationThread, int, java.lang.String, android.content.Intent, java.lang.String, android.service.voice.IVoiceInteractionSession, com.android.internal.app.IVoiceInteractor, android.os.IBinder, java.lang.String, int, int, android.app.ProfilerInfo, android.app.IActivityManager$WaitResult, android.content.res.Configuration, android.os.Bundle, boolean, int, android.app.IActivityContainer, com.android.server.am.TaskRecord)(ActivityStarter.java:765) waiters=0 in void com.android.server.am.ActivityManagerService$MainHandler.handleMessage(android.os.Message) for 530ms
12-13 11:17:36.445   742   742 I Choreographer: Skipped 34 frames!  The application may be doing too much work on its main thread.
12-13 11:17:36.639   603  1158 D gralloc_vbox86: gralloc_alloc: format 1 and usage 0x900 imply creation of host color buffer
12-13 11:17:36.659   603  1158 D gralloc_vbox86: gralloc_alloc: format 1 and usage 0x900 imply creation of host color buffer
12-13 11:17:36.682   603  1158 D gralloc_vbox86: gralloc_alloc: format 1 and usage 0x900 imply creation of host color buffer
12-13 11:17:36.719   742   974 E EGL_emulation: tid 974: eglSurfaceAttrib(1174): error 0x3009 (EGL_BAD_MATCH)
12-13 11:17:36.720   742   974 W OpenGLRenderer: Failed to set EGL_SWAP_BEHAVIOR on surface 0xc627fcc0, error=EGL_BAD_MATCH
12-13 11:17:36.934   603  1146 D gralloc_vbox86: gralloc_alloc: format 1 and usage 0x933 imply creation of host color buffer
12-13 11:17:38.863  1720  1720 D MonkeyStub: translateCommand: tap 960 371
12-13 11:17:39.325   560   716 I ActivityManager: Killing 1619:com.android.messaging/u0a61 (adj 900): remove task
12-13 11:17:39.358   560   646 W InputDispatcher: channel '3cc51c1 com.android.messaging/com.android.messaging.ui.conversation.ConversationActivity (server)' ~ Consumer closed input channel or an error occurred.  events=0x9
12-13 11:17:39.358   560   646 E InputDispatcher: channel '3cc51c1 com.android.messaging/com.android.messaging.ui.conversation.ConversationActivity (server)' ~ Channel is unrecoverably broken and will be disposed!
12-13 11:17:39.360   560   571 I WindowManager: WIN DEATH: Window{3cc51c1 u0 com.android.messaging/com.android.messaging.ui.conversation.ConversationActivity}
12-13 11:17:39.360   560   571 W InputDispatcher: Attempted to unregister already unregistered input channel '3cc51c1 com.android.messaging/com.android.messaging.ui.conversation.ConversationActivity (server)'
12-13 11:17:39.366   560   944 D ActivityManager: cleanUpApplicationRecord -- 1619
12-13 11:17:39.369   560   882 D GraphicsStats: Buffer count: 10
12-13 11:17:41.870  1720  1720 D MonkeyStub: translateCommand: tap 960 371
12-13 11:17:42.316   560   882 I ActivityManager: Killing 1742:com.android.contacts/u0a5 (adj 900): remove task
12-13 11:17:42.335   560   646 W InputDispatcher: channel '8487561 com.android.contacts/com.android.contacts.activities.PeopleActivity (server)' ~ Consumer closed input channel or an error occurred.  events=0x9
12-13 11:17:42.335   560   646 E InputDispatcher: channel '8487561 com.android.contacts/com.android.contacts.activities.PeopleActivity (server)' ~ Channel is unrecoverably broken and will be disposed!
12-13 11:17:42.336   560   571 D ConnectivityService: ConnectivityService NetworkRequestInfo binderDied(NetworkRequest [ LISTEN id=7, [ Capabilities: INTERNET&NOT_RESTRICTED&TRUSTED] ], android.os.BinderProxy@f644c13)
12-13 11:17:42.336   560   571 D GraphicsStats: Buffer count: 9
12-13 11:17:42.336   560   572 I WindowManager: WIN DEATH: Window{8487561 u0 com.android.contacts/com.android.contacts.activities.PeopleActivity}
12-13 11:17:42.336   560   572 W InputDispatcher: Attempted to unregister already unregistered input channel '8487561 com.android.contacts/com.android.contacts.activities.PeopleActivity (server)'
12-13 11:17:42.336   560   944 D ActivityManager: cleanUpApplicationRecord -- 1742
12-13 11:17:42.336   560   674 E ConnectivityService: RemoteException caught trying to send a callback msg for NetworkRequest [ LISTEN id=7, [ Capabilities: INTERNET&NOT_RESTRICTED&TRUSTED] ]
12-13 11:17:42.480   560   948 I ActivityManager: START u0 {act=android.intent.action.MAIN cat=[android.intent.category.HOME] flg=0x10200000 cmp=com.android.launcher3/.Launcher} from uid 10023 on display 0
12-13 11:17:42.537   603   604 D gralloc_vbox86: gralloc_alloc: format 1 and usage 0x900 imply creation of host color buffer
12-13 11:17:42.553   603   604 D gralloc_vbox86: gralloc_alloc: format 1 and usage 0x900 imply creation of host color buffer
12-13 11:17:42.579   603   604 D gralloc_vbox86: gralloc_alloc: format 1 and usage 0x900 imply creation of host color buffer
12-13 11:17:42.608  1362  1462 E EGL_emulation: tid 1462: eglSurfaceAttrib(1174): error 0x3009 (EGL_BAD_MATCH)
12-13 11:17:42.608  1362  1462 W OpenGLRenderer: Failed to set EGL_SWAP_BEHAVIOR on surface 0xc9712000, error=EGL_BAD_MATCH
12-13 11:17:43.289  1362  1462 W OpenGLRenderer: Incorrectly called buildLayer on View: ShortcutAndWidgetContainer, destroying layer...
