--------- beginning of main
12-13 11:14:12.645  1720  1720 D AndroidRuntime: >>>>>> START com.android.internal.os.RuntimeInit uid 0 <<<<<<
12-13 11:14:12.648  1720  1720 D AndroidRuntime: CheckJNI is OFF
12-13 11:14:12.682  1720  1720 W art     : Unexpected CPU variant for X86 using defaults: x86
12-13 11:14:12.684  1720  1720 D ICU     : No timezone override file found: /data/misc/zoneinfo/current/icu/icu_tzdata.dat
12-13 11:14:12.698  1720  1720 E memtrack: Couldn't load memtrack module (No such file or directory)
12-13 11:14:12.698  1720  1720 E android.os.Debug: failed to load memtrack module: -2
12-13 11:14:12.699  1720  1720 I Radio-JNI: register_android_hardware_Radio DONE
12-13 11:14:12.704  1720  1720 D AndroidRuntime: Calling main entry com.android.commands.monkey.Monkey
--------- beginning of system
12-13 11:14:12.724   560   574 W BroadcastQueue: Skipping deliver [background] BroadcastRecord{601d349 u-1 android.net.conn.CONNECTIVITY_CHANGE} to ReceiverList{9d644e 1720 (unknown name)/0/u-1 remote:2832f13}: process crashing
12-13 11:14:14.388  1720  1720 D MonkeyStub: translateCommand: wake
12-13 11:14:15.077  1732  1732 D AndroidRuntime: >>>>>> START com.android.internal.os.RuntimeInit uid 0 <<<<<<
12-13 11:14:15.085  1732  1732 D AndroidRuntime: CheckJNI is OFF
12-13 11:14:15.172  1732  1732 W art     : Unexpected CPU variant for X86 using defaults: x86
12-13 11:14:15.179  1732  1732 D ICU     : No timezone override file found: /data/misc/zoneinfo/current/icu/icu_tzdata.dat
12-13 11:14:15.218  1732  1732 E memtrack: Couldn't load memtrack module (No such file or directory)
12-13 11:14:15.218  1732  1732 E android.os.Debug: failed to load memtrack module: -2
12-13 11:14:15.220  1732  1732 I Radio-JNI: register_android_hardware_Radio DONE
12-13 11:14:15.238  1732  1732 D AndroidRuntime: Calling main entry com.android.commands.am.Am
12-13 11:14:15.251   560   944 I ActivityManager: START u0 {flg=0x10000000 cmp=com.android.contacts/.activities.PeopleActivity} from uid 0 on display 0
12-13 11:14:15.277  1732  1732 D AndroidRuntime: Shutting down VM
12-13 11:14:15.300  1742  1742 W art     : Unexpected CPU variant for X86 using defaults: x86
12-13 11:14:15.303   560   571 I ActivityManager: Start proc 1742:com.android.contacts/u0a5 for activity com.android.contacts/.activities.PeopleActivity
12-13 11:14:15.306   560   574 I ActivityManager: Killing 994:com.android.cellbroadcastreceiver/u0a4 (adj 906): empty #17
12-13 11:14:15.440   560   948 D ActivityManager: cleanUpApplicationRecord -- 994
12-13 11:14:15.497   603  1146 D gralloc_vbox86: gralloc_alloc: format 1 and usage 0x933 imply creation of host color buffer
12-13 11:14:15.531  1742  1742 W System  : ClassLoader referenced unknown path: /system/priv-app/Contacts/lib/x86
12-13 11:14:15.799  1742  1742 I ContactsIntentResolver: Called with action: null
12-13 11:14:15.802  1742  1759 I AccountTypeManager: Loaded meta-data for 0 account types, 0 accounts in 2ms(wall) 2ms(cpu)
12-13 11:14:15.841  1742  1742 I ContactPhotoManager: Cache adj: 1.0
12-13 11:14:16.082  1742  1742 D         : HostConnection::get() New Host Connection established 0xdb774f00, tid 1742
12-13 11:14:16.106  1742  1742 W         : Process pipe failed
12-13 11:14:16.146   560   581 I Choreographer: Skipped 38 frames!  The application may be doing too much work on its main thread.
12-13 11:14:16.229   603   606 D gralloc_vbox86: gralloc_alloc: format 1 and usage 0x900 imply creation of host color buffer
12-13 11:14:16.229  1742  1768 D libEGL  : Emulator has host GPU support, qemu.gles is set to 1.
12-13 11:14:16.232  1742  1768 E libEGL  : load_driver(/system/lib/egl/libGLES_emulation.so): dlopen failed: library "/system/lib/egl/libGLES_emulation.so" not found
12-13 11:14:16.233  1742  1768 D libEGL  : loaded /system/lib/egl/libEGL_emulation.so
12-13 11:14:16.235  1742  1768 D libEGL  : loaded /system/lib/egl/libGLESv1_CM_emulation.so
12-13 11:14:16.247   603   606 D gralloc_vbox86: gralloc_alloc: format 1 and usage 0x900 imply creation of host color buffer
12-13 11:14:16.248  1742  1768 D libEGL  : loaded /system/lib/egl/libGLESv2_emulation.so
12-13 11:14:16.272   603   606 D gralloc_vbox86: gralloc_alloc: format 1 and usage 0x900 imply creation of host color buffer
12-13 11:14:16.277  1742  1768 D         : HostConnection::get() New Host Connection established 0xca6ad680, tid 1768
12-13 11:14:16.295  1742  1768 I OpenGLRenderer: Initialized EGL, version 1.4
12-13 11:14:16.295  1742  1768 D OpenGLRenderer: Swap behavior 1
12-13 11:14:16.367  1742  1768 E EGL_emulation: tid 1768: eglSurfaceAttrib(1174): error 0x3009 (EGL_BAD_MATCH)
12-13 11:14:16.367  1742  1768 W OpenGLRenderer: Failed to set EGL_SWAP_BEHAVIOR on surface 0xdcddc160, error=EGL_BAD_MATCH
12-13 11:14:16.856   560   581 I ActivityManager: Displayed com.android.contacts/.activities.PeopleActivity: +1s578ms
12-13 11:14:17.458  1720  1720 D MonkeyStub: translateCommand: tap 950 1700
12-13 11:14:17.485   560   681 W AudioTrack: AUDIO_OUTPUT_FLAG_FAST denied by client; transfer 4, track 48000 Hz, output 44100 Hz
12-13 11:14:17.485   560   937 I ActivityManager: START u0 {act=android.intent.action.INSERT dat=content://com.android.contacts/contacts pkg=com.android.contacts cmp=com.android.contacts/.activities.CompactContactEditorActivity} from uid 10005 on display 0
12-13 11:14:17.666   560   882 I ActivityManager: START u0 {flg=0x4000000 cmp=com.android.contacts/.activities.ContactEditorAccountsChangedActivity} from uid 10005 on display 0
12-13 11:14:18.118  1742  1742 I Choreographer: Skipped 36 frames!  The application may be doing too much work on its main thread.
12-13 11:14:18.209   603   604 D gralloc_vbox86: gralloc_alloc: format 1 and usage 0x900 imply creation of host color buffer
12-13 11:14:18.227   603   604 D gralloc_vbox86: gralloc_alloc: format 1 and usage 0x900 imply creation of host color buffer
12-13 11:14:18.250   603   604 D gralloc_vbox86: gralloc_alloc: format 1 and usage 0x900 imply creation of host color buffer
12-13 11:14:18.285  1742  1768 E EGL_emulation: tid 1768: eglSurfaceAttrib(1174): error 0x3009 (EGL_BAD_MATCH)
12-13 11:14:18.285  1742  1768 W OpenGLRenderer: Failed to set EGL_SWAP_BEHAVIOR on surface 0xdcddc400, error=EGL_BAD_MATCH
12-13 11:14:18.440   560   574 W art     : Long monitor contention with owner Binder:560_2 (572) at void com.android.server.am.ActivityManagerService.activityPaused(android.os.IBinder)(ActivityManagerService.java:6981) waiters=0 in void com.android.server.am.ActivityManagerService$MainHandler.handleMessage(android.os.Message) for 135ms
12-13 11:14:18.766   560   700 E TaskPersister: File error accessing recents directory (directory doesn't exist?).
12-13 11:14:18.798   603  1146 D gralloc_vbox86: gralloc_alloc: format 1 and usage 0x900 imply creation of host color buffer
12-13 11:14:18.808   603  1146 D gralloc_vbox86: gralloc_alloc: format 1 and usage 0x900 imply creation of host color buffer
12-13 11:14:18.818   603  1146 D gralloc_vbox86: gralloc_alloc: format 1 and usage 0x900 imply creation of host color buffer
12-13 11:14:18.835  1742  1768 E EGL_emulation: tid 1768: eglSurfaceAttrib(1174): error 0x3009 (EGL_BAD_MATCH)
12-13 11:14:18.835  1742  1768 W OpenGLRenderer: Failed to set EGL_SWAP_BEHAVIOR on surface 0xca6ae460, error=EGL_BAD_MATCH
12-13 11:14:18.879   603  1158 D gralloc_vbox86: gralloc_alloc: format 1 and usage 0x900 imply creation of host color buffer
12-13 11:14:18.888   603  1158 D gralloc_vbox86: gralloc_alloc: format 1 and usage 0x900 imply creation of host color buffer
12-13 11:14:18.894   603  1158 D gralloc_vbox86: gralloc_alloc: format 1 and usage 0x900 imply creation of host color buffer
12-13 11:14:18.908  1742  1768 E EGL_emulation: tid 1768: eglSurfaceAttrib(1174): error 0x3009 (EGL_BAD_MATCH)
12-13 11:14:18.908  1742  1768 W OpenGLRenderer: Failed to set EGL_SWAP_BEHAVIOR on surface 0xc8fa08e0, error=EGL_BAD_MATCH
12-13 11:14:18.929   560   670 W WifiMode: WiredSSID, Invalid SupportedRates!!!
12-13 11:14:18.931   560   672 W WifiMode: WiredSSID, Invalid SupportedRates!!!
12-13 11:14:18.932   560   670 W WifiMode: WiredSSID, Invalid SupportedRates!!!
12-13 11:14:19.169   560   581 I ActivityManager: Displayed com.android.contacts/.activities.ContactEditorAccountsChangedActivity: +798ms (total +1s668ms)
12-13 11:14:19.466  1720  1720 D MonkeyStub: translateCommand: tap 310 1060
12-13 11:14:19.513   269   287 D AudioFlinger: mixer(0xece838c0) throttle end: throttle time(1)
12-13 11:14:19.756   560   937 W art     : Long monitor contention with owner Binder:560_7 (948) at void com.android.server.am.ActivityManagerService.activityPaused(android.os.IBinder)(ActivityManagerService.java:6981) waiters=0 in boolean com.android.server.am.ActivityManagerService.refContentProvider(android.os.IBinder, int, int) for 172ms
12-13 11:14:20.034  1742  1742 W CountryDetector: No location permissions, not registering for location updates.
12-13 11:14:20.165  1742  1768 D OpenGLRenderer: endAllActiveAnimators on 0xc8fc8280 (RippleDrawable) with handle 0xdcdff610
12-13 11:14:20.176   603   603 W SurfaceFlinger: couldn't log to binary event log: overflow.
12-13 11:14:20.590  1742  1742 E WindowManager: 
12-13 11:14:20.590  1742  1742 E WindowManager: android.view.WindowLeaked: Activity com.android.contacts.activities.ContactEditorAccountsChangedActivity has leaked window DecorView@b628705[] that was originally added here
12-13 11:14:20.590  1742  1742 E WindowManager: 	at android.view.ViewRootImpl.<init>(ViewRootImpl.java:418)
12-13 11:14:20.590  1742  1742 E WindowManager: 	at android.view.WindowManagerGlobal.addView(WindowManagerGlobal.java:331)
12-13 11:14:20.590  1742  1742 E WindowManager: 	at android.view.WindowManagerImpl.addView(WindowManagerImpl.java:93)
12-13 11:14:20.590  1742  1742 E WindowManager: 	at android.app.Dialog.show(Dialog.java:322)
12-13 11:14:20.590  1742  1742 E WindowManager: 	at com.android.contacts.activities.ContactEditorAccountsChangedActivity.onCreate(ContactEditorAccountsChangedActivity.java:169)
12-13 11:14:20.590  1742  1742 E WindowManager: 	at android.app.Activity.performCreate(Activity.java:6679)
12-13 11:14:20.590  1742  1742 E WindowManager: 	at android.app.Instrumentation.callActivityOnCreate(Instrumentation.java:1118)
12-13 11:14:20.590  1742  1742 E WindowManager: 	at android.app.ActivityThread.performLaunchActivity(ActivityThread.java:2618)
12-13 11:14:20.590  1742  1742 E WindowManager: 	at android.app.ActivityThread.handleLaunchActivity(ActivityThread.java:2726)
12-13 11:14:20.590  1742  1742 E WindowManager: 	at android.app.ActivityThread.-wrap12(ActivityThread.java)
12-13 11:14:20.590  1742  1742 E WindowManager: 	at android.app.ActivityThread$H.handleMessage(ActivityThread.java:1477)
12-13 11:14:20.590  1742  1742 E WindowManager: 	at android.os.Handler.dispatchMessage(Handler.java:102)
12-13 11:14:20.590  1742  1742 E WindowManager: 	at android.os.Looper.loop(Looper.java:154)
12-13 11:14:20.590  1742  1742 E WindowManager: 	at android.app.ActivityThread.main(ActivityThread.java:6119)
12-13 11:14:20.590  1742  1742 E WindowManager: 	at java.lang.reflect.Method.invoke(Native Method)
12-13 11:14:20.590  1742  1742 E WindowManager: 	at com.android.internal.os.ZygoteInit$MethodAndArgsCaller.run(ZygoteInit.java:886)
12-13 11:14:20.590  1742  1742 E WindowManager: 	at com.android.internal.os.ZygoteInit.main(ZygoteInit.java:776)
12-13 11:14:20.606   560   716 W WindowManager: Failed looking up window
12-13 11:14:20.606   560   716 W WindowManager: java.lang.IllegalArgumentException: Requested window android.os.BinderProxy@a0878d1 does not exist
12-13 11:14:20.606   560   716 W WindowManager: 	at com.android.server.wm.WindowManagerService.windowForClientLocked(WindowManagerService.java:9415)
12-13 11:14:20.606   560   716 W WindowManager: 	at com.android.server.wm.WindowManagerService.windowForClientLocked(WindowManagerService.java:9406)
12-13 11:14:20.606   560   716 W WindowManager: 	at com.android.server.wm.WindowManagerService.removeWindow(WindowManagerService.java:2387)
12-13 11:14:20.606   560   716 W WindowManager: 	at com.android.server.wm.Session.remove(Session.java:193)
12-13 11:14:20.606   560   716 W WindowManager: 	at android.view.IWindowSession$Stub.onTransact(IWindowSession.java:242)
12-13 11:14:20.606   560   716 W WindowManager: 	at com.android.server.wm.Session.onTransact(Session.java:136)
12-13 11:14:20.606   560   716 W WindowManager: 	at android.os.Binder.execTransact(Binder.java:565)
12-13 11:14:21.473  1720  1720 D MonkeyStub: translateCommand: tap 520 1030
12-13 11:14:21.481  1720  1720 D MonkeyStub: translateCommand: type John
12-13 11:14:21.515   701   701 I LatinIME: Starting input. Cursor position = 0,0
12-13 11:14:21.565   701   701 D         : HostConnection::get() New Host Connection established 0xd64594c0, tid 701
12-13 11:14:21.578   701   701 W         : Process pipe failed
12-13 11:14:21.647   701  1777 D libEGL  : Emulator has host GPU support, qemu.gles is set to 1.
12-13 11:14:21.647   603  1158 D gralloc_vbox86: gralloc_alloc: format 1 and usage 0x900 imply creation of host color buffer
12-13 11:14:21.649   701  1777 E libEGL  : load_driver(/system/lib/egl/libGLES_emulation.so): dlopen failed: library "/system/lib/egl/libGLES_emulation.so" not found
12-13 11:14:21.658   701  1777 D libEGL  : loaded /system/lib/egl/libEGL_emulation.so
12-13 11:14:21.667   701  1777 D libEGL  : loaded /system/lib/egl/libGLESv1_CM_emulation.so
12-13 11:14:21.700   701  1777 D libEGL  : loaded /system/lib/egl/libGLESv2_emulation.so
12-13 11:14:21.701   603  1158 D gralloc_vbox86: gralloc_alloc: format 1 and usage 0x900 imply creation of host color buffer
12-13 11:14:21.774   701  1777 D         : HostConnection::get() New Host Connection established 0xd6459680, tid 1777
12-13 11:14:21.854   603  1158 D gralloc_vbox86: gralloc_alloc: format 1 and usage 0x900 imply creation of host color buffer
12-13 11:14:21.888   701  1777 I OpenGLRenderer: Initialized EGL, version 1.4
12-13 11:14:21.888   701  1777 D OpenGLRenderer: Swap behavior 1
12-13 11:14:22.024   701  1777 E EGL_emulation: tid 1777: eglSurfaceAttrib(1174): error 0x3009 (EGL_BAD_MATCH)
12-13 11:14:22.024   701  1777 W OpenGLRenderer: Failed to set EGL_SWAP_BEHAVIOR on surface 0xe7c0b000, error=EGL_BAD_MATCH
12-13 11:14:23.489  1720  1720 D MonkeyStub: translateCommand: tap 505 1186
12-13 11:14:23.498  1720  1720 D MonkeyStub: translateCommand: type 12345678900
12-13 11:14:23.517   701   701 I LatinIME: Starting input. Cursor position = 0,0
12-13 11:14:23.525  1742  1742 W IInputConnectionWrapper: finishComposingText on inactive InputConnection
12-13 11:14:23.607   560   700 E TaskPersister: File error accessing recents directory (directory doesn't exist?).
12-13 11:14:25.505  1720  1720 D MonkeyStub: translateCommand: tap 540 1750
12-13 11:14:25.527  1720  1720 D MonkeyStub: translateCommand: type someemail@email.com
12-13 11:14:25.542   701   701 I LatinIME: Starting input. Cursor position = 0,0
12-13 11:14:25.580  1742  1742 W IInputConnectionWrapper: finishComposingText on inactive InputConnection
12-13 11:14:28.534  1720  1720 D MonkeyStub: translateCommand: tap 1013 133
12-13 11:14:28.719  1742  1782 V ContactSaveService: Saved contact. New URI: content://com.android.contacts/contacts/lookup/0r1-3B453743/1
12-13 11:14:28.731   560   944 I ActivityManager: START u0 {act=android.provider.action.QUICK_CONTACT dat=content://com.android.contacts/contacts/lookup/0r1-3B453743/1 flg=0x4000000 pkg=com.android.contacts cmp=com.android.contacts/.quickcontact.QuickContactActivity (has extras)} from uid 10005 on display 0
12-13 11:14:28.907   603   624 D gralloc_vbox86: gralloc_alloc: format 1 and usage 0x900 imply creation of host color buffer
12-13 11:14:28.916   603   624 D gralloc_vbox86: gralloc_alloc: format 1 and usage 0x900 imply creation of host color buffer
12-13 11:14:28.922   603   624 D gralloc_vbox86: gralloc_alloc: format 1 and usage 0x900 imply creation of host color buffer
12-13 11:14:28.934  1742  1768 E EGL_emulation: tid 1768: eglSurfaceAttrib(1174): error 0x3009 (EGL_BAD_MATCH)
12-13 11:14:28.934  1742  1768 W OpenGLRenderer: Failed to set EGL_SWAP_BEHAVIOR on surface 0xca6b2ee0, error=EGL_BAD_MATCH
12-13 11:14:28.959   560   572 I ActivityManager: START u0 {cmp=com.android.contacts/.common.activity.RequestDesiredPermissionsActivity (has extras)} from uid 10005 on display 0
12-13 11:14:29.361   603   604 D gralloc_vbox86: gralloc_alloc: format 1 and usage 0x900 imply creation of host color buffer
12-13 11:14:29.386   603   604 D gralloc_vbox86: gralloc_alloc: format 1 and usage 0x900 imply creation of host color buffer
12-13 11:14:29.410   603   604 D gralloc_vbox86: gralloc_alloc: format 1 and usage 0x900 imply creation of host color buffer
12-13 11:14:29.435  1742  1768 E EGL_emulation: tid 1768: eglSurfaceAttrib(1174): error 0x3009 (EGL_BAD_MATCH)
12-13 11:14:29.435  1742  1768 W OpenGLRenderer: Failed to set EGL_SWAP_BEHAVIOR on surface 0xdcddce60, error=EGL_BAD_MATCH
12-13 11:14:29.668   560   937 I ActivityManager: START u0 {act=android.content.pm.action.REQUEST_PERMISSIONS pkg=com.android.packageinstaller cmp=com.android.packageinstaller/.permission.ui.GrantPermissionsActivity (has extras)} from uid 10005 on display 0
12-13 11:14:29.824   603   606 D gralloc_vbox86: gralloc_alloc: format 1 and usage 0x900 imply creation of host color buffer
12-13 11:14:29.838   603   606 D gralloc_vbox86: gralloc_alloc: format 1 and usage 0x900 imply creation of host color buffer
12-13 11:14:29.862   603   606 D gralloc_vbox86: gralloc_alloc: format 1 and usage 0x900 imply creation of host color buffer
12-13 11:14:29.887  1742  1768 E EGL_emulation: tid 1768: eglSurfaceAttrib(1174): error 0x3009 (EGL_BAD_MATCH)
12-13 11:14:29.887  1742  1768 W OpenGLRenderer: Failed to set EGL_SWAP_BEHAVIOR on surface 0xdcddce00, error=EGL_BAD_MATCH
12-13 11:14:29.999  1788  1788 W art     : Unexpected CPU variant for X86 using defaults: x86
12-13 11:14:30.004   560  1294 I ActivityManager: Start proc 1788:com.android.packageinstaller/u0a17 for activity com.android.packageinstaller/.permission.ui.GrantPermissionsActivity
12-13 11:14:30.244   560   944 W art     : Long monitor contention with owner Binder:560_4 (882) at void com.android.server.am.ActivityManagerService.attachApplication(android.app.IApplicationThread)(ActivityManagerService.java:6717) waiters=0 in void com.android.server.am.ActivityManagerService.activityIdle(android.os.IBinder, android.content.res.Configuration, boolean) for 104ms
12-13 11:14:30.256  1788  1788 W System  : ClassLoader referenced unknown path: /system/priv-app/PackageInstaller/lib/x86
12-13 11:14:30.643  1788  1788 D         : HostConnection::get() New Host Connection established 0xe7c2dec0, tid 1788
12-13 11:14:30.650  1788  1788 W         : Process pipe failed
12-13 11:14:30.715   603  1158 D gralloc_vbox86: gralloc_alloc: format 1 and usage 0x900 imply creation of host color buffer
12-13 11:14:30.715  1788  1802 D libEGL  : Emulator has host GPU support, qemu.gles is set to 1.
12-13 11:14:30.717  1788  1802 E libEGL  : load_driver(/system/lib/egl/libGLES_emulation.so): dlopen failed: library "/system/lib/egl/libGLES_emulation.so" not found
12-13 11:14:30.720  1788  1802 D libEGL  : loaded /system/lib/egl/libEGL_emulation.so
12-13 11:14:30.721  1788  1802 D libEGL  : loaded /system/lib/egl/libGLESv1_CM_emulation.so
12-13 11:14:30.731   603  1158 D gralloc_vbox86: gralloc_alloc: format 1 and usage 0x900 imply creation of host color buffer
12-13 11:14:30.737  1788  1802 D libEGL  : loaded /system/lib/egl/libGLESv2_emulation.so
12-13 11:14:30.749   603  1158 D gralloc_vbox86: gralloc_alloc: format 1 and usage 0x900 imply creation of host color buffer
12-13 11:14:30.755  1788  1802 D         : HostConnection::get() New Host Connection established 0xd645ab00, tid 1802
12-13 11:14:30.774  1788  1802 I OpenGLRenderer: Initialized EGL, version 1.4
12-13 11:14:30.774  1788  1802 D OpenGLRenderer: Swap behavior 1
12-13 11:14:30.829   560   560 W WindowManager: Attempted to remove non-existing token: android.os.Binder@e44701f
12-13 11:14:30.851  1788  1802 E EGL_emulation: tid 1802: eglSurfaceAttrib(1174): error 0x3009 (EGL_BAD_MATCH)
12-13 11:14:30.851  1788  1802 W OpenGLRenderer: Failed to set EGL_SWAP_BEHAVIOR on surface 0xca598ea0, error=EGL_BAD_MATCH
12-13 11:14:31.192   560   581 I ActivityManager: Displayed com.android.packageinstaller/.permission.ui.GrantPermissionsActivity: +1s203ms (total +2s433ms)
12-13 11:14:31.199  1742  1742 W IInputConnectionWrapper: reportFullscreenMode on inexistent InputConnection
12-13 11:14:31.199  1742  1742 W IInputConnectionWrapper: finishComposingText on inactive InputConnection
12-13 11:14:32.578   560   700 E TaskPersister: File error accessing recents directory (directory doesn't exist?).
12-13 11:14:33.539  1720  1720 D MonkeyStub: translateCommand: tap 804 1042
12-13 11:14:33.571   560   560 I GnssLocationProvider: WakeLock acquired by sendMessage(3, 0, com.android.server.location.GnssLocationProvider$GpsRequest@7ecada0)
12-13 11:14:33.572   560   560 I GnssLocationProvider: WakeLock acquired by sendMessage(3, 0, com.android.server.location.GnssLocationProvider$GpsRequest@66cdd59)
12-13 11:14:33.573   560   573 I GnssLocationProvider: WakeLock released by handleMessage(3, 0, com.android.server.location.GnssLocationProvider$GpsRequest@7ecada0)
12-13 11:14:33.573   560   573 I GnssLocationProvider: WakeLock released by handleMessage(3, 0, com.android.server.location.GnssLocationProvider$GpsRequest@66cdd59)
12-13 11:14:36.548  1720  1720 D MonkeyStub: translateCommand: tap 804 1042
12-13 11:14:36.567   560   560 I GnssLocationProvider: WakeLock acquired by sendMessage(3, 0, com.android.server.location.GnssLocationProvider$GpsRequest@3a18d1e)
12-13 11:14:36.568   560   573 I GnssLocationProvider: WakeLock released by handleMessage(3, 0, com.android.server.location.GnssLocationProvider$GpsRequest@3a18d1e)
12-13 11:14:39.552  1720  1720 D MonkeyStub: translateCommand: tap 804 1042
12-13 11:14:39.565   560   560 I GnssLocationProvider: WakeLock acquired by sendMessage(3, 0, com.android.server.location.GnssLocationProvider$GpsRequest@8ff03cc)
12-13 11:14:39.566   560   573 I GnssLocationProvider: WakeLock released by handleMessage(3, 0, com.android.server.location.GnssLocationProvider$GpsRequest@8ff03cc)
12-13 11:14:39.685   560   944 I ActivityManager: START u0 {act=android.provider.action.QUICK_CONTACT dat=content://com.android.contacts/contacts/lookup/0r1-3B453743/1 flg=0x10000 pkg=com.android.contacts cmp=com.android.contacts/.quickcontact.QuickContactActivity (has extras)} from uid 10005 on display 0
12-13 11:14:39.946  1742  1763 E ContactLoader: loadInBackground=content://com.android.contacts/contacts/lookup/0r1-3B453743/1
12-13 11:14:39.946  1742  1742 V NFC     : this device does not have NFC support
12-13 11:14:40.027  1742  1762 E ContactLoader: loadInBackground=content://com.android.contacts/contacts/lookup/0r1-3B453743/1
12-13 11:14:40.095   603  1146 D gralloc_vbox86: gralloc_alloc: format 1 and usage 0x900 imply creation of host color buffer
12-13 11:14:40.117   603  1146 D gralloc_vbox86: gralloc_alloc: format 1 and usage 0x900 imply creation of host color buffer
12-13 11:14:40.139   603  1146 D gralloc_vbox86: gralloc_alloc: format 1 and usage 0x900 imply creation of host color buffer
12-13 11:14:40.163  1742  1768 E EGL_emulation: tid 1768: eglSurfaceAttrib(1174): error 0x3009 (EGL_BAD_MATCH)
12-13 11:14:40.163  1742  1768 W OpenGLRenderer: Failed to set EGL_SWAP_BEHAVIOR on surface 0xdcd84060, error=EGL_BAD_MATCH
12-13 11:14:40.228   603   606 D gralloc_vbox86: gralloc_alloc: format 1 and usage 0x900 imply creation of host color buffer
12-13 11:14:40.247   603   606 D gralloc_vbox86: gralloc_alloc: format 1 and usage 0x900 imply creation of host color buffer
12-13 11:14:40.267   603   606 D gralloc_vbox86: gralloc_alloc: format 1 and usage 0x900 imply creation of host color buffer
12-13 11:14:40.298  1742  1768 E EGL_emulation: tid 1768: eglSurfaceAttrib(1174): error 0x3009 (EGL_BAD_MATCH)
12-13 11:14:40.298  1742  1768 W OpenGLRenderer: Failed to set EGL_SWAP_BEHAVIOR on surface 0xc928cc40, error=EGL_BAD_MATCH
12-13 11:14:40.325  1742  1742 I ContactLoader: Registering content observer for content://com.android.contacts/contacts/lookup/0r1-3B453743/1
12-13 11:14:40.540  1742  1742 V SmsInteractionsLoader: SmsInteractionsLoader
12-13 11:14:40.541  1742  1757 V SmsInteractionsLoader: loadInBackground
12-13 11:14:40.599   560   581 I ActivityManager: Displayed com.android.contacts/.quickcontact.QuickContactActivity: +689ms
12-13 11:14:40.608  1742  1763 V CalendarInteractionsLoader: # ContactInteraction Loaded: 0
12-13 11:14:40.632   847  1157 D MmsSmsDatabaseHelper: [MmsSmsDb] tableName: threads hasAutoIncrement: CREATE TABLE threads (_id INTEGER PRIMARY KEY AUTOINCREMENT,date INTEGER DEFAULT 0,message_count INTEGER DEFAULT 0,recipient_ids TEXT,snippet TEXT,snippet_cs INTEGER DEFAULT 0,read INTEGER DEFAULT 1,archived INTEGER DEFAULT 0,type INTEGER DEFAULT 0,error INTEGER DEFAULT 0,has_attachment INTEGER DEFAULT 0) result: true
12-13 11:14:40.633   847  1157 D MmsSmsDatabaseHelper: [MmsSmsDb] tableName: canonical_addresses hasAutoIncrement: CREATE TABLE canonical_addresses (_id INTEGER PRIMARY KEY AUTOINCREMENT,address TEXT) result: true
12-13 11:14:40.634   847  1157 D MmsSmsDatabaseHelper: [MmsSmsDb] tableName: part hasAutoIncrement: CREATE TABLE part (_id INTEGER PRIMARY KEY AUTOINCREMENT,mid INTEGER,seq INTEGER DEFAULT 0,ct TEXT,name TEXT,chset INTEGER,cd TEXT,fn TEXT,cid TEXT,cl TEXT,ctt_s INTEGER,ctt_t TEXT,_data TEXT,text TEXT) result: true
12-13 11:14:40.634   847  1157 D MmsSmsDatabaseHelper: [MmsSmsDb] tableName: pdu hasAutoIncrement: CREATE TABLE pdu (_id INTEGER PRIMARY KEY AUTOINCREMENT,thread_id INTEGER,date INTEGER,date_sent INTEGER DEFAULT 0,msg_box INTEGER,read INTEGER DEFAULT 0,m_id TEXT,sub TEXT,sub_cs INTEGER,ct_t TEXT,ct_l TEXT,exp INTEGER,m_cls TEXT,m_type INTEGER,v INTEGER,m_size INTEGER,pri INTEGER,rr INTEGER,rpt_a INTEGER,resp_st INTEGER,st INTEGER,tr_id TEXT,retr_st INTEGER,retr_txt TEXT,retr_txt_cs INTEGER,read_status INTEGER,ct_cls INTEGER,resp_txt TEXT,d_tm INTEGER,d_rpt INTEGER,locked INTEGER DEFAULT 0,sub_id INTEGER DEFAULT -1, seen INTEGER DEFAULT 0,creator TEXT,text_only INTEGER DEFAULT 0) result: true
12-13 11:14:40.634   847  1157 D MmsSmsDatabaseHelper: [getWritableDatabase] hasAutoIncrementThreads: true hasAutoIncrementAddresses: true hasAutoIncrementPart: true hasAutoIncrementPdu: true
12-13 11:14:40.641   847  1157 D MmsSmsProvider: getSingleAddressId: insert new canonical_address for xxxxxx, _id=1
12-13 11:14:40.644   847  1157 D MmsSmsProvider: getThreadId: create new thread_id for recipients xxxxxxxx
12-13 11:14:40.644   847  1157 D MmsSmsProvider: insertThread: created new thread_id 1 for recipientIds xxxxxxx
12-13 11:14:41.060   603   603 W SurfaceFlinger: couldn't log to binary event log: overflow.
12-13 11:14:42.558  1720  1720 D MonkeyStub: translateCommand: tap 787 138
12-13 11:14:42.820  1742  1762 E ContactLoader: loadInBackground=content://com.android.contacts/contacts/lookup/0r1-3B453743/1
12-13 11:14:42.941  1742  1742 I ContactLoader: Registering content observer for content://com.android.contacts/contacts/lookup/0r1-3B453743/1
12-13 11:14:44.113   560   700 E TaskPersister: File error accessing recents directory (directory doesn't exist?).
12-13 11:14:44.565  1720  1720 D MonkeyStub: translateCommand: tap 914 135
12-13 11:14:44.584   560   937 I ActivityManager: START u0 {act=android.intent.action.EDIT dat=content://com.android.contacts/contacts/lookup/0r1-3B453743/1 cmp=com.android.contacts/.activities.CompactContactEditorActivity (has extras)} from uid 10005 on display 0
12-13 11:14:44.820  1742  1763 E ContactLoader: loadInBackground=content://com.android.contacts/contacts/lookup/0r1-3B453743/1
12-13 11:14:45.003   603   624 D gralloc_vbox86: gralloc_alloc: format 1 and usage 0x900 imply creation of host color buffer
12-13 11:14:45.036   603   624 D gralloc_vbox86: gralloc_alloc: format 1 and usage 0x900 imply creation of host color buffer
12-13 11:14:45.090   603   624 D gralloc_vbox86: gralloc_alloc: format 1 and usage 0x900 imply creation of host color buffer
12-13 11:14:45.173  1742  1768 E EGL_emulation: tid 1768: eglSurfaceAttrib(1174): error 0x3009 (EGL_BAD_MATCH)
12-13 11:14:45.173  1742  1768 W OpenGLRenderer: Failed to set EGL_SWAP_BEHAVIOR on surface 0xdcd84040, error=EGL_BAD_MATCH
12-13 11:14:45.182  1742  1742 I ContactLoader: Registering content observer for content://com.android.contacts/contacts/lookup/0r1-3B453743/1
12-13 11:14:45.184  1742  1742 V ContactEditor: Time needed for loading: 505
12-13 11:14:45.269  1742  1742 V ContactEditor: Time needed for setting UI: 85
12-13 11:14:45.657   560   581 I ActivityManager: Displayed com.android.contacts/.activities.CompactContactEditorActivity: +1s52ms
12-13 11:14:46.586  1720  1720 D MonkeyStub: translateCommand: tap 520 1000
12-13 11:14:46.596  1720  1720 D MonkeyStub: translateCommand: type athan
12-13 11:14:46.667   701   701 I LatinIME: Starting input. Cursor position = 4,4
12-13 11:14:46.739   603   604 D gralloc_vbox86: gralloc_alloc: format 1 and usage 0x900 imply creation of host color buffer
12-13 11:14:46.769   603   604 D gralloc_vbox86: gralloc_alloc: format 1 and usage 0x900 imply creation of host color buffer
12-13 11:14:46.815   603   604 D gralloc_vbox86: gralloc_alloc: format 1 and usage 0x900 imply creation of host color buffer
12-13 11:14:46.848   701  1777 E EGL_emulation: tid 1777: eglSurfaceAttrib(1174): error 0x3009 (EGL_BAD_MATCH)
12-13 11:14:46.848   701  1777 W OpenGLRenderer: Failed to set EGL_SWAP_BEHAVIOR on surface 0xe7c0afe0, error=EGL_BAD_MATCH
12-13 11:14:46.879   603   606 D gralloc_vbox86: gralloc_alloc: format 1 and usage 0x900 imply creation of host color buffer
12-13 11:14:46.885   603   606 D gralloc_vbox86: gralloc_alloc: format 1 and usage 0x900 imply creation of host color buffer
12-13 11:14:46.888   603   606 D gralloc_vbox86: gralloc_alloc: format 1 and usage 0x900 imply creation of host color buffer
12-13 11:14:46.904  1742  1768 E EGL_emulation: tid 1768: eglSurfaceAttrib(1174): error 0x3009 (EGL_BAD_MATCH)
12-13 11:14:46.904  1742  1768 W OpenGLRenderer: Failed to set EGL_SWAP_BEHAVIOR on surface 0xdcddc720, error=EGL_BAD_MATCH
12-13 11:14:47.591   560   700 E TaskPersister: File error accessing recents directory (directory doesn't exist?).
12-13 11:14:48.600  1720  1720 D MonkeyStub: translateCommand: tap 540 1174
12-13 11:14:48.607  1720  1720 D MonkeyStub: translateCommand: press KEYCODE_DEL
12-13 11:14:48.635   701   701 I LatinIME: Starting input. Cursor position = 14,14
12-13 11:14:48.656  1742  1742 W IInputConnectionWrapper: finishComposingText on inactive InputConnection
12-13 11:14:48.747  1720  1720 D MonkeyStub: translateCommand: type 9
12-13 11:14:50.756  1720  1720 D MonkeyStub: translateCommand: tap 640 1742
12-13 11:14:50.768  1720  1720 D MonkeyStub: translateCommand: press KEYCODE_DEL
12-13 11:14:50.785   701   701 I LatinIME: Starting input. Cursor position = 19,19
12-13 11:14:50.803  1742  1742 W IInputConnectionWrapper: finishComposingText on inactive InputConnection
12-13 11:14:50.834  1720  1720 D MonkeyStub: translateCommand: type s
12-13 11:14:52.840  1720  1720 D MonkeyStub: translateCommand: tap 507 1295
12-13 11:14:52.917   603   624 D gralloc_vbox86: gralloc_alloc: format 1 and usage 0x900 imply creation of host color buffer
12-13 11:14:52.935   603   624 D gralloc_vbox86: gralloc_alloc: format 1 and usage 0x900 imply creation of host color buffer
12-13 11:14:52.948   603   624 D gralloc_vbox86: gralloc_alloc: format 1 and usage 0x900 imply creation of host color buffer
12-13 11:14:52.986  1742  1768 E EGL_emulation: tid 1768: eglSurfaceAttrib(1174): error 0x3009 (EGL_BAD_MATCH)
12-13 11:14:52.986  1742  1768 W OpenGLRenderer: Failed to set EGL_SWAP_BEHAVIOR on surface 0xc902e9c0, error=EGL_BAD_MATCH
12-13 11:14:53.324   847  1494 I OmtpVvmCarrierCfgHlpr: OmtpEvent:CONFIG_STATUS_SMS_TIME_OUT
12-13 11:14:53.325   847   847 I RetryPolicy: discarding deferred status: configuration_state=4
12-13 11:14:53.332   847   847 D VvmTaskScheduler: No more tasks, stopping service if no task are added in 5000 millis
12-13 11:14:53.332   847   847 D VvmTaskScheduler: create task:com.android.phone.vvm.omtp.ActivationTask
12-13 11:14:53.333   847   847 D RetryPolicy: retry #2 for com.android.phone.vvm.omtp.ActivationTask@c5d642d queued, executing in 5000
12-13 11:14:53.336   847   847 D VvmTaskScheduler: minimal wait time:4997
12-13 11:14:53.337   847   847 D VvmTaskScheduler: minimal wait time:4997
12-13 11:14:54.850  1720  1720 D MonkeyStub: translateCommand: tap 507 1295
12-13 11:14:55.159   560   948 W InputMethodManagerService: Window already focused, ignoring focus gain of: com.android.internal.view.IInputMethodClient$Stub$Proxy@a815fd7 attribute=null, token = android.os.BinderProxy@c9764da
12-13 11:14:55.223   701   701 I LatinIME: Starting input. Cursor position = 14,14
12-13 11:14:55.256  1742  1742 W IInputConnectionWrapper: finishComposingText on inactive InputConnection
12-13 11:14:55.593  1742  1768 D OpenGLRenderer: endAllActiveAnimators on 0xc7f79200 (DropDownListView) with handle 0xc9077e50
12-13 11:14:56.854  1720  1720 D MonkeyStub: translateCommand: tap 906 139
12-13 11:14:56.923   269   287 D AudioFlinger: mixer(0xece838c0) throttle end: throttle time(1)
12-13 11:14:57.055  1742  1813 V ContactSaveService: Saved contact. New URI: content://com.android.contacts/contacts/lookup/0r1-3B453743294F372943/1
12-13 11:14:57.062   560   716 I ActivityManager: START u0 {act=android.provider.action.QUICK_CONTACT dat=content://com.android.contacts/contacts/lookup/0r1-3B453743294F372943/1 flg=0x4000000 pkg=com.android.contacts cmp=com.android.contacts/.quickcontact.QuickContactActivity (has extras)} from uid 10005 on display 0
12-13 11:14:57.072   560  1294 W ActivityManager: Duplicate finish request for ActivityRecord{289d0ef u0 com.android.contacts/.activities.CompactContactEditorActivity t5 f}
12-13 11:14:57.288   603   604 D gralloc_vbox86: gralloc_alloc: format 1 and usage 0x900 imply creation of host color buffer
12-13 11:14:57.301   603   604 D gralloc_vbox86: gralloc_alloc: format 1 and usage 0x900 imply creation of host color buffer
12-13 11:14:57.314   603   604 D gralloc_vbox86: gralloc_alloc: format 1 and usage 0x900 imply creation of host color buffer
12-13 11:14:57.369  1742  1768 E EGL_emulation: tid 1768: eglSurfaceAttrib(1174): error 0x3009 (EGL_BAD_MATCH)
12-13 11:14:57.369  1742  1768 W OpenGLRenderer: Failed to set EGL_SWAP_BEHAVIOR on surface 0xc902e4a0, error=EGL_BAD_MATCH
12-13 11:14:57.385  1742  1762 E ContactLoader: loadInBackground=content://com.android.contacts/contacts/lookup/0r1-3B453743294F372943/1
12-13 11:14:57.390  1742  1742 I ContactLoader: Registering content observer for content://com.android.contacts/contacts/lookup/0r1-3B453743/1
12-13 11:14:57.551   603   606 D gralloc_vbox86: gralloc_alloc: format 1 and usage 0x900 imply creation of host color buffer
12-13 11:14:57.567   603   606 D gralloc_vbox86: gralloc_alloc: format 1 and usage 0x900 imply creation of host color buffer
12-13 11:14:57.603   603   606 D gralloc_vbox86: gralloc_alloc: format 1 and usage 0x900 imply creation of host color buffer
12-13 11:14:57.647  1742  1768 E EGL_emulation: tid 1768: eglSurfaceAttrib(1174): error 0x3009 (EGL_BAD_MATCH)
12-13 11:14:57.647  1742  1768 W OpenGLRenderer: Failed to set EGL_SWAP_BEHAVIOR on surface 0xc7d14a60, error=EGL_BAD_MATCH
12-13 11:14:57.673   603   624 D gralloc_vbox86: gralloc_alloc: format 1 and usage 0x900 imply creation of host color buffer
12-13 11:14:57.690   603   624 D gralloc_vbox86: gralloc_alloc: format 1 and usage 0x900 imply creation of host color buffer
12-13 11:14:57.707   603   624 D gralloc_vbox86: gralloc_alloc: format 1 and usage 0x900 imply creation of host color buffer
12-13 11:14:57.731  1742  1768 E EGL_emulation: tid 1768: eglSurfaceAttrib(1174): error 0x3009 (EGL_BAD_MATCH)
12-13 11:14:57.731  1742  1768 W OpenGLRenderer: Failed to set EGL_SWAP_BEHAVIOR on surface 0xc7d14140, error=EGL_BAD_MATCH
12-13 11:14:57.736  1742  1757 E ContactLoader: loadInBackground=content://com.android.contacts/contacts/lookup/0r1-3B453743/1
12-13 11:14:57.929  1742  1742 I ContactLoader: Registering content observer for content://com.android.contacts/contacts/lookup/0r1-3B453743294F372943/1
12-13 11:14:58.073  1742  1742 V SmsInteractionsLoader: SmsInteractionsLoader
12-13 11:14:58.073  1742  1757 V SmsInteractionsLoader: loadInBackground
12-13 11:14:58.113  1742  1762 V CalendarInteractionsLoader: # ContactInteraction Loaded: 0
12-13 11:14:58.115   847  1071 D MmsSmsProvider: getSingleAddressId: insert new canonical_address for xxxxxx, _id=2
12-13 11:14:58.117   847  1071 D MmsSmsProvider: getThreadId: create new thread_id for recipients xxxxxxxx
12-13 11:14:58.118   847  1071 D MmsSmsProvider: insertThread: created new thread_id 2 for recipientIds xxxxxxx
12-13 11:14:58.285  1742  1742 I art     : Starting a blocking GC Explicit
12-13 11:14:58.318  1742  1742 I art     : Explicit concurrent mark sweep GC freed 36595(2MB) AllocSpace objects, 12(248KB) LOS objects, 40% free, 16MB/28MB, paused 616us total 33.042ms
12-13 11:14:58.337   847  1494 V VvmTaskScheduler: executing task com.android.phone.vvm.omtp.ActivationTask@c5d642d
12-13 11:14:58.367   847  1494 I VvmActivationTask: VVM content provider configured - vvm_type_cvvm
12-13 11:14:58.367   847  1494 I OmtpVvmCarrierCfgHlpr: OmtpEvent:CONFIG_ACTIVATING
12-13 11:14:58.387  1742  1742 I art     : Starting a blocking GC Explicit
12-13 11:14:58.415  1742  1742 I art     : Explicit concurrent mark sweep GC freed 18677(1044KB) AllocSpace objects, 3(48KB) LOS objects, 40% free, 15MB/26MB, paused 548us total 28.014ms
12-13 11:14:58.423   847  1494 V OmtpMessageSender: Sending BINARY sms 'Activate:dt=15' to 122:1808
12-13 11:14:58.440   268   307 D baseband-sms: newsms
12-13 11:14:58.440   268   307 D baseband-sms: sender:(N/A)
12-13 11:14:58.440   268   307 D baseband-sms: receiver:122
12-13 11:14:58.858  1720  1720 D MonkeyStub: translateCommand: tap 914 135
12-13 11:14:58.879   560   716 I ActivityManager: START u0 {act=android.intent.action.EDIT dat=content://com.android.contacts/contacts/lookup/0r1-3B453743294F372943/1 cmp=com.android.contacts/.activities.CompactContactEditorActivity (has extras)} from uid 10005 on display 0
12-13 11:14:58.911  1742  1757 E ContactLoader: loadInBackground=content://com.android.contacts/contacts/lookup/0r1-3B453743294F372943/1
12-13 11:14:59.087   603  1158 D gralloc_vbox86: gralloc_alloc: format 1 and usage 0x900 imply creation of host color buffer
12-13 11:14:59.087   560   560 W WindowManager: Attempted to remove non-existing token: android.os.Binder@aa1bbad
12-13 11:14:59.117   603  1158 D gralloc_vbox86: gralloc_alloc: format 1 and usage 0x900 imply creation of host color buffer
12-13 11:14:59.138   603  1158 D gralloc_vbox86: gralloc_alloc: format 1 and usage 0x900 imply creation of host color buffer
12-13 11:14:59.161  1742  1768 E EGL_emulation: tid 1768: eglSurfaceAttrib(1174): error 0x3009 (EGL_BAD_MATCH)
12-13 11:14:59.161  1742  1768 W OpenGLRenderer: Failed to set EGL_SWAP_BEHAVIOR on surface 0xc902e960, error=EGL_BAD_MATCH
12-13 11:14:59.185  1742  1742 I ContactLoader: Registering content observer for content://com.android.contacts/contacts/lookup/0r1-3B453743294F372943/1
12-13 11:14:59.186  1742  1742 V ContactEditor: Time needed for loading: 279
12-13 11:14:59.234  1742  1742 V ContactEditor: Time needed for setting UI: 48
12-13 11:14:59.459  1742  1742 W IInputConnectionWrapper: finishComposingText on inactive InputConnection
12-13 11:14:59.546   560   581 I ActivityManager: Displayed com.android.contacts/.activities.CompactContactEditorActivity: +661ms
12-13 11:15:00.865  1720  1720 D MonkeyStub: translateCommand: tap 520 1000
12-13 11:15:00.900  1720  1720 D MonkeyStub: translateCommand: press KEYCODE_DEL
12-13 11:15:00.925   701   701 I LatinIME: Starting input. Cursor position = 9,9
12-13 11:15:00.968   603   604 D gralloc_vbox86: gralloc_alloc: format 1 and usage 0x900 imply creation of host color buffer
12-13 11:15:01.000   603   604 D gralloc_vbox86: gralloc_alloc: format 1 and usage 0x900 imply creation of host color buffer
12-13 11:15:01.032   603   604 D gralloc_vbox86: gralloc_alloc: format 1 and usage 0x900 imply creation of host color buffer
12-13 11:15:01.057   701  1777 E EGL_emulation: tid 1777: eglSurfaceAttrib(1174): error 0x3009 (EGL_BAD_MATCH)
12-13 11:15:01.057   701  1777 W OpenGLRenderer: Failed to set EGL_SWAP_BEHAVIOR on surface 0xe7c0b000, error=EGL_BAD_MATCH
12-13 11:15:01.090  1720  1720 D MonkeyStub: translateCommand: type athan
12-13 11:15:01.961   560   700 E TaskPersister: File error accessing recents directory (directory doesn't exist?).
12-13 11:15:03.096  1720  1720 D MonkeyStub: translateCommand: tap 540 1174
12-13 11:15:03.104  1720  1720 D MonkeyStub: translateCommand: press KEYCODE_DEL
12-13 11:15:03.125   701   701 I LatinIME: Starting input. Cursor position = 14,14
12-13 11:15:03.188  1742  1742 W IInputConnectionWrapper: finishComposingText on inactive InputConnection
12-13 11:15:03.189  1720  1720 D MonkeyStub: translateCommand: type 1
12-13 11:15:05.202  1720  1720 D MonkeyStub: translateCommand: tap 640 1742
12-13 11:15:05.218  1720  1720 D MonkeyStub: translateCommand: press KEYCODE_DEL
12-13 11:15:05.236   701   701 I LatinIME: Starting input. Cursor position = 19,19
12-13 11:15:05.286  1742  1742 W IInputConnectionWrapper: finishComposingText on inactive InputConnection
12-13 11:15:05.286  1720  1720 D MonkeyStub: translateCommand: type m
12-13 11:15:06.514   268   307 D baseband-sms: index:1/1
12-13 11:15:06.514   268   307 D baseband-sms: txt:'FQKf.Σ:etΔ#W'
12-13 11:15:06.521   847   847 D VvmStatusSmsFetcher: Request SMS successfully sent
12-13 11:15:07.294  1720  1720 D MonkeyStub: translateCommand: tap 507 1295
12-13 11:15:07.367   603   606 D gralloc_vbox86: gralloc_alloc: format 1 and usage 0x900 imply creation of host color buffer
12-13 11:15:07.386   603   606 D gralloc_vbox86: gralloc_alloc: format 1 and usage 0x900 imply creation of host color buffer
12-13 11:15:07.404   603   606 D gralloc_vbox86: gralloc_alloc: format 1 and usage 0x900 imply creation of host color buffer
12-13 11:15:07.440  1742  1768 E EGL_emulation: tid 1768: eglSurfaceAttrib(1174): error 0x3009 (EGL_BAD_MATCH)
12-13 11:15:07.440  1742  1768 W OpenGLRenderer: Failed to set EGL_SWAP_BEHAVIOR on surface 0xc7eeae20, error=EGL_BAD_MATCH
12-13 11:15:09.301  1720  1720 D MonkeyStub: translateCommand: tap 507 1295
12-13 11:15:09.583   560   571 W InputMethodManagerService: Window already focused, ignoring focus gain of: com.android.internal.view.IInputMethodClient$Stub$Proxy@8dbbccb attribute=null, token = android.os.BinderProxy@458fa60
12-13 11:15:09.629   701   701 I LatinIME: Starting input. Cursor position = 14,14
12-13 11:15:09.713  1742  1742 W IInputConnectionWrapper: finishComposingText on inactive InputConnection
12-13 11:15:09.915  1742  1768 D OpenGLRenderer: endAllActiveAnimators on 0xc8f93b00 (DropDownListView) with handle 0xc90775d0
12-13 11:15:11.306  1720  1720 D MonkeyStub: translateCommand: tap 70 139
12-13 11:15:11.415   603  1146 D gralloc_vbox86: gralloc_alloc: format 1 and usage 0x900 imply creation of host color buffer
12-13 11:15:11.441   603  1146 D gralloc_vbox86: gralloc_alloc: format 1 and usage 0x900 imply creation of host color buffer
12-13 11:15:11.462   603  1146 D gralloc_vbox86: gralloc_alloc: format 1 and usage 0x900 imply creation of host color buffer
12-13 11:15:11.504  1742  1768 E EGL_emulation: tid 1768: eglSurfaceAttrib(1174): error 0x3009 (EGL_BAD_MATCH)
12-13 11:15:11.504  1742  1768 W OpenGLRenderer: Failed to set EGL_SWAP_BEHAVIOR on surface 0xc902e880, error=EGL_BAD_MATCH
12-13 11:15:13.313  1720  1720 D MonkeyStub: translateCommand: tap 775 997
12-13 11:15:13.610  1742  1742 I ContactLoader: Registering content observer for content://com.android.contacts/contacts/lookup/0r1-3B453743294F372943/1
12-13 11:15:13.624  1742  1742 V SmsInteractionsLoader: SmsInteractionsLoader
12-13 11:15:13.638  1742  1762 V SmsInteractionsLoader: loadInBackground
12-13 11:15:13.689  1742  1757 V CalendarInteractionsLoader: # ContactInteraction Loaded: 0
12-13 11:15:13.689   603  1146 D gralloc_vbox86: gralloc_alloc: format 1 and usage 0x900 imply creation of host color buffer
12-13 11:15:13.724   603  1146 D gralloc_vbox86: gralloc_alloc: format 1 and usage 0x900 imply creation of host color buffer
12-13 11:15:13.764   603  1146 D gralloc_vbox86: gralloc_alloc: format 1 and usage 0x900 imply creation of host color buffer
12-13 11:15:13.807  1742  1768 E EGL_emulation: tid 1768: eglSurfaceAttrib(1174): error 0x3009 (EGL_BAD_MATCH)
12-13 11:15:13.807  1742  1768 W OpenGLRenderer: Failed to set EGL_SWAP_BEHAVIOR on surface 0xc7d7f9a0, error=EGL_BAD_MATCH
12-13 11:15:13.809   560   572 W art     : Long monitor contention with owner Binder:560_5 (937) at int com.android.server.wm.WindowManagerService.relayoutWindow(com.android.server.wm.Session, android.view.IWindow, int, android.view.WindowManager$LayoutParams, int, int, int, int, android.graphics.Rect, android.graphics.Rect, android.graphics.Rect, android.graphics.Rect, android.graphics.Rect, android.graphics.Rect, android.graphics.Rect, android.content.res.Configuration, android.view.Surface)(WindowManagerService.java:2850) waiters=1 in void com.android.server.wm.WindowManagerService.statusBarVisibilityChanged(int) for 129ms
12-13 11:15:13.907   603   604 D gralloc_vbox86: gralloc_alloc: format 1 and usage 0x900 imply creation of host color buffer
12-13 11:15:13.935   603   604 D gralloc_vbox86: gralloc_alloc: format 1 and usage 0x900 imply creation of host color buffer
12-13 11:15:13.964   603   604 D gralloc_vbox86: gralloc_alloc: format 1 and usage 0x900 imply creation of host color buffer
12-13 11:15:13.996  1742  1768 E EGL_emulation: tid 1768: eglSurfaceAttrib(1174): error 0x3009 (EGL_BAD_MATCH)
12-13 11:15:13.996  1742  1768 W OpenGLRenderer: Failed to set EGL_SWAP_BEHAVIOR on surface 0xc902e920, error=EGL_BAD_MATCH
12-13 11:15:14.536  1742  1742 I art     : Starting a blocking GC Explicit
12-13 11:15:14.563  1742  1742 I art     : Explicit concurrent mark sweep GC freed 12127(668KB) AllocSpace objects, 1(60KB) LOS objects, 39% free, 16MB/27MB, paused 356us total 26.067ms
12-13 11:15:14.602  1742  1742 I art     : Starting a blocking GC Explicit
12-13 11:15:14.626  1742  1742 I art     : Explicit concurrent mark sweep GC freed 11055(658KB) AllocSpace objects, 11(224KB) LOS objects, 39% free, 15MB/26MB, paused 414us total 23.289ms
12-13 11:15:15.337  1720  1720 D MonkeyStub: translateCommand: press KEYCODE_BACK
12-13 11:15:16.131  1742  1742 W IInputConnectionWrapper: finishComposingText on inactive InputConnection
12-13 11:15:17.378  1720  1720 D MonkeyStub: translateCommand: tap 1023 136
12-13 11:15:17.484   603   624 D gralloc_vbox86: gralloc_alloc: format 1 and usage 0x900 imply creation of host color buffer
12-13 11:15:17.495   603   624 D gralloc_vbox86: gralloc_alloc: format 1 and usage 0x900 imply creation of host color buffer
12-13 11:15:17.509   603   624 D gralloc_vbox86: gralloc_alloc: format 1 and usage 0x900 imply creation of host color buffer
12-13 11:15:17.551  1742  1768 E EGL_emulation: tid 1768: eglSurfaceAttrib(1174): error 0x3009 (EGL_BAD_MATCH)
12-13 11:15:17.551  1742  1768 W OpenGLRenderer: Failed to set EGL_SWAP_BEHAVIOR on surface 0xc902e480, error=EGL_BAD_MATCH
12-13 11:15:17.653   560   700 E TaskPersister: File error accessing recents directory (directory doesn't exist?).
12-13 11:15:19.383  1720  1720 D MonkeyStub: translateCommand: tap 772 136
12-13 11:15:19.487   560   716 I ActivityManager: START u0 {cmp=com.android.contacts/.common.list.AccountFilterActivity (has extras)} from uid 10005 on display 0
12-13 11:15:19.521   269   287 D AudioFlinger: mixer(0xece838c0) throttle end: throttle time(3)
12-13 11:15:19.829   603   604 D gralloc_vbox86: gralloc_alloc: format 1 and usage 0x900 imply creation of host color buffer
12-13 11:15:19.849   603   604 D gralloc_vbox86: gralloc_alloc: format 1 and usage 0x900 imply creation of host color buffer
12-13 11:15:19.873   603   604 D gralloc_vbox86: gralloc_alloc: format 1 and usage 0x900 imply creation of host color buffer
12-13 11:15:19.897  1742  1768 E EGL_emulation: tid 1768: eglSurfaceAttrib(1174): error 0x3009 (EGL_BAD_MATCH)
12-13 11:15:19.897  1742  1768 W OpenGLRenderer: Failed to set EGL_SWAP_BEHAVIOR on surface 0xc902eb00, error=EGL_BAD_MATCH
12-13 11:15:19.982  1742  1768 D OpenGLRenderer: endAllActiveAnimators on 0xc7f5cd00 (MenuPopupWindow$MenuDropDownListView) with handle 0xc9077890
12-13 11:15:20.154   560   581 I ActivityManager: Displayed com.android.contacts/.common.list.AccountFilterActivity: +614ms
12-13 11:15:21.390  1720  1720 D MonkeyStub: translateCommand: tap 526 292
12-13 11:15:21.587   603  1146 D gralloc_vbox86: gralloc_alloc: format 1 and usage 0x900 imply creation of host color buffer
12-13 11:15:21.604   603  1146 D gralloc_vbox86: gralloc_alloc: format 1 and usage 0x900 imply creation of host color buffer
12-13 11:15:21.629   603  1146 D gralloc_vbox86: gralloc_alloc: format 1 and usage 0x900 imply creation of host color buffer
12-13 11:15:21.656  1742  1768 E EGL_emulation: tid 1768: eglSurfaceAttrib(1174): error 0x3009 (EGL_BAD_MATCH)
12-13 11:15:21.656  1742  1768 W OpenGLRenderer: Failed to set EGL_SWAP_BEHAVIOR on surface 0xc928c160, error=EGL_BAD_MATCH
